--------- beginning of main
07-23 11:28:47.164  1303  1313 E thermal_core: find_tz_idx_by_name:"Failed to find thermal zone index of mtk-master-charger\n"
--------- beginning of system
07-23 11:28:47.269 28457 28457 I SDHMS:LOAD: type: LoadsFreqs, value: 0:0:0:784000:2200000:725000:569999:2000000:500000:7:390:0
07-23 11:28:47.324  1146  1195 E BatteryDump: !@new_battery_dump : 3892,1722,1900,3150,21,311,313,412,0,0,355,412,0,Charging,NO_CHARGING,Normal,Good,USB,1,Normal,0,0,10200,0x8000,0x10010000,0x0,0,0,0000,0000,00000000,0,0,0,0,191,3750,2100,990,0,
07-23 11:28:47.335 26885 27014 D SatelliteController: isInCarrierRoamingNbIotNtn: satellite is disabled
07-23 11:28:47.336 26444 26478 D [SS]BattFunctions: [sendRemainingChargingTimeChangedIntent]remainingChargingTime:7943 ,mLastRemainingChargingTime:7954
07-23 11:28:47.337 26250 26250 I seh_thermal_service: getTemperaturesWithType SehTemperatureType: 3
07-23 11:28:47.337  1146  1146 I sehhealth-service: updateLrpSysfs: write: 354
07-23 11:28:47.343 27263 27263 I AODBatteryManager: updateBatteryData: ACTION_BATTERY_CHANGED: false, isSleepModeChanged:false ,isRemainingTimeChanged: true, isUSBRestriction: false
07-23 11:28:47.343 27263 27263 I ChargingInfoManager: updateChargingInfo: newState = AOD ChargingInfo [mState=BATTERY_AND_REMAIN_TIME, mIsCharging=true, mIsPlugged=true, mIsFullyCharged=false, mIsBatteryProtectMode=false, mBetteryLevel=21, mBetteryProtectModeType0, mIsSlowChargingfalse], oldState = AOD ChargingInfo [mState=BATTERY_AND_REMAIN_TIME, mIsCharging=true, mIsPlugged=true, mIsFullyCharged=false, mIsBatteryProtectMode=false, mBetteryLevel=21, mBetteryProtectModeType0, mIsSlowChargingfalse]
07-23 11:28:47.344 27263 27263 D PowerUI : Remaining charging time : 7943
07-23 11:28:47.345 27263 27263 D PowerUI : Charging time is changed, check charging notification
07-23 11:28:47.347 27263 27263 D PowerUI.Notification: showChargingNotice - Battery Level : 21 -> 21, Charging Type : 11 -> 11, Charging Time : 7954 -> 7943, Maximum protection : false -> false, Maximum threshold : 80 -> 80
07-23 11:28:47.349 27263 27263 I NotificationManager: com.android.systemui: notify(2131364006, charging_state, Notification(channel=CHR shortcut=null contentView=null vibrate=null sound=null defaults=0 flags=ONGOING_EVENT|ONLY_ALERT_ONCE color=0x00000000 category=sys groupKey=CHARGING vis=PUBLIC semFlags=0x0 semPriority=0 semMissedCount=0)) as user
07-23 11:28:47.354 26444 27495 W PermissionService: getPermissionFlags: Unknown user -1
07-23 11:28:47.354 26444 27495 W PermissionService: getPermissionFlags: Unknown user -1
07-23 11:28:47.370 26444 29009 D SemWifiUsabilityStatsMonitor: onWifiUsabilityStats - seqNum 4898, isSameBssidAndFreq true
07-23 11:28:47.371 26444 26788 I SemWifiLinkQualityMonitor: Link stat: 0 / 0 / 1,00 (5) / 72 / -61.0 || 100.0 : 72,00 / B (B) || 8d02cc192462: 0,214 / 37,389 / D || N N / 0 0 / Y 2.0 / Y X 0 / 499133880 0 || Invalid
07-23 11:28:47.372 27263 27533 D Tile.WifiTile: handleUpdateState isTransient=false transientEnabling =false cb.isTransient=false state.state = 2 mStateBeforeClick.value =false enabled =true
07-23 11:28:47.379  1179  1228 I VSyncReactor: Current= 90, Period= 90, hwcPeriod= 90
07-23 11:28:47.403  1179  1179 I BufferQueueProducer: [StatusBar$_27263#120127](this:0xb400007558096638,id:-1,api:0,p:-1,c:1179) queueBuffer: fps=0.33 dur=3011.25 max=3011.25 min=3011.25
07-23 11:28:47.409  1116  1472 I hwcomposer: [HWCDisplay] (0 updateFps():4131), (type:1, mode:2) fps:0.664143,dur:3011.40,max:2911.02,min:100.38  
07-23 11:28:47.412  1179  1540 I SurfaceFlinger: Capture layer list: 	 com.android.vending/com.android.vending.AssetBrowserActivity$_10095#133090(seamlessTransition:0)
07-23 11:28:47.412  1179  1540 I SurfaceFlinger: Capture layer list: 	 Dim Layer for - Task=1040#133108(seamlessTransition:0)
07-23 11:28:47.412  1179  1540 I SurfaceFlinger: Capture layer list: 	 com.samsung.android.lool/com.samsung.android.sm.iafd.dialog.AppErrorDialogActivity$_17066#133103(seamlessTransition:0)
07-23 11:28:47.500  1116  1495 I hwcomposer: [HWC] (0)fire a callback of refresh to SF[4]  
07-23 11:28:47.517  1137  1156 I mtkpower@impl: [setMode] type:6, enabled:1
07-23 11:28:47.517  1137  1156 E mtkpower@impl: [setMode] unknown type
07-23 11:28:47.521  1179  1179 I BufferQueueProducer: [FramebufferSurface](this:0xb40000757f2f0370,id:-1,api:1,p:1179,c:1179) queueBuffer: fps=0.33 dur=3023.50 max=3023.50 min=3023.50
07-23 11:28:47.524  1179  1540 I SurfaceFlinger: Capture layer list: 	 com.android.vending/com.android.vending.AssetBrowserActivity$_10095#133090(seamlessTransition:0)
07-23 11:28:47.524  1179  1540 I SurfaceFlinger: Capture layer list: 	 Dim Layer for - Task=1040#133108(seamlessTransition:0)
07-23 11:28:47.524  1179  1540 I SurfaceFlinger: Capture layer list: 	 com.samsung.android.lool/com.samsung.android.sm.iafd.dialog.AppErrorDialogActivity$_17066#133103(seamlessTransition:0)
07-23 11:28:47.569 26444 26444 I Telecom : SamsungTelecomServiceImpl : isInManagedCall - callingPackage : android / callingUser : UserHandle{0} / hasCrossUserAccess : true
07-23 11:28:47.582  1137  1156 I mtkpower@impl: [setMode] type:6, enabled:0
07-23 11:28:47.582  1137  1156 E mtkpower@impl: [setMode] unknown type
07-23 11:28:47.599 27776 30863 I HoneySpace.NotificationListener: onNotificationPosted com.android.systemui: -1|com.android.systemui|2131364006|charging_state|10063: 0
07-23 11:28:47.600 27776 30863 I HoneySpace.NotificationListener: invalid notification: com.android.systemui UserHandle{-1}: canShowBadge is false
07-23 11:28:47.603 26885 27014 D SatelliteController: isInCarrierRoamingNbIotNtn: satellite is disabled
07-23 11:28:47.615 27263 27263 I LockscreenNotificationIconsOnlyController: onNotificationInfoUpdated 0
07-23 11:28:47.615 27263 27263 I AODNotificationManager: updateNotification() 
07-23 11:28:47.641  1179  1540 I SurfaceFlinger: Capture layer list: 	 com.android.vending/com.android.vending.AssetBrowserActivity$_10095#133090(seamlessTransition:0)
07-23 11:28:47.641  1179  1540 I SurfaceFlinger: Capture layer list: 	 Dim Layer for - Task=1040#133108(seamlessTransition:0)
07-23 11:28:47.641  1179  1540 I SurfaceFlinger: Capture layer list: 	 com.samsung.android.lool/com.samsung.android.sm.iafd.dialog.AppErrorDialogActivity$_17066#133103(seamlessTransition:0)
07-23 11:28:47.681  1116  1495 I hwcomposer: [HWC] (0)fire a callback of refresh to SF[4]  
07-23 11:28:47.695  1137  1156 I mtkpower@impl: [setMode] type:6, enabled:1
07-23 11:28:47.695  1137  1156 E mtkpower@impl: [setMode] unknown type
07-23 11:28:47.742  1179  1540 I SurfaceFlinger: Capture layer list: 	 com.android.vending/com.android.vending.AssetBrowserActivity$_10095#133090(seamlessTransition:0)
07-23 11:28:47.743  1179  1540 I SurfaceFlinger: Capture layer list: 	 Dim Layer for - Task=1040#133108(seamlessTransition:0)
07-23 11:28:47.743  1179  1540 I SurfaceFlinger: Capture layer list: 	 com.samsung.android.lool/com.samsung.android.sm.iafd.dialog.AppErrorDialogActivity$_17066#133103(seamlessTransition:0)
07-23 11:28:47.765  1137  1156 I mtkpower@impl: [setMode] type:6, enabled:0
07-23 11:28:47.765  1137  1156 E mtkpower@impl: [setMode] unknown type
07-23 11:28:47.796 27263 27263 D Bubbles : onEntryUpdated : shouldBubbleUp=false ,key=-1|com.android.systemui|2131364006|charging_state|10063
07-23 11:28:47.797 27263 27263 D InterruptionStateProvider:  no Heads up : edgelighting enabled app. -1|com.android.systemui|2131364006|charging_state|10063
07-23 11:28:47.797 27263 27263 I {OngoingActivityController}: onEntryUpdated and OA data is empty. So update latest task info
07-23 11:28:47.822 27263 27263 W RefactorFlag: New code path expects SceneContainerFlag to be enabled.
07-23 11:28:47.822 27263 27263 D ExpandableNotifRow: mMaxSmallHeight different before reInflateViews mMaxSmallHeight: 203 mTempSmallHeight:0 -1|com.android.systemui|2131364006|charging_state|10063
07-23 11:28:47.822 27263 27263 D ExpandableNotifRow: mMaxSmallHeight different before reInflateViews mMaxSmallHeight: 203 mTempSmallHeight:0 -1|com.android.systemui|2131364006|charging_state|10063
07-23 11:28:47.828 27263 27263 I LockscreenNotificationIconsOnlyController: onNotificationInfoUpdated 0
07-23 11:28:47.828 27263 27263 I AODNotificationManager: updateNotification() 
07-23 11:28:47.835 27263 27803 D LocalImageResolver: Couldn't use ImageDecoder for drawable, falling back to non-resized load.
07-23 11:28:47.838 27263 27803 D LocalImageResolver: Couldn't use ImageDecoder for drawable, falling back to non-resized load.
07-23 11:28:47.839 27263 27263 D LocalImageResolver: Couldn't use ImageDecoder for drawable, falling back to non-resized load.
07-23 11:28:47.848 27263 27263 W RefactorFlag: New code path expects SceneContainerFlag to be enabled.
07-23 11:28:47.849  1179  1540 I SurfaceFlinger: Capture layer list: 	 com.android.vending/com.android.vending.AssetBrowserActivity$_10095#133090(seamlessTransition:0)
07-23 11:28:47.849  1179  1540 I SurfaceFlinger: Capture layer list: 	 Dim Layer for - Task=1040#133108(seamlessTransition:0)
07-23 11:28:47.849  1179  1540 I SurfaceFlinger: Capture layer list: 	 com.samsung.android.lool/com.samsung.android.sm.iafd.dialog.AppErrorDialogActivity$_17066#133103(seamlessTransition:0)
07-23 11:28:47.860 27263 27263 D ExpandableNotifRow: mMaxSmallHeight different before reInflateViews mMaxSmallHeight: 203 mTempSmallHeight:0 -1|com.android.systemui|2131364006|charging_state|10063
07-23 11:28:47.860 27263 27263 D ExpandableNotifRow: mMaxSmallHeight different before reInflateViews mMaxSmallHeight: 203 mTempSmallHeight:0 -1|com.android.systemui|2131364006|charging_state|10063
07-23 11:28:47.860 27263 27263 D ExpandableNotifRow: mMaxSmallHeight different before reInflateViews mMaxSmallHeight: 203 mTempSmallHeight:0 -1|com.android.systemui|2131364006|charging_state|10063
07-23 11:28:47.860 27263 27263 D ExpandableNotifRow: mMaxSmallHeight different before reInflateViews mMaxSmallHeight: 203 mTempSmallHeight:0 -1|com.android.systemui|2131364006|charging_state|10063
07-23 11:28:47.866 27263 27263 D LocalImageResolver: Couldn't use ImageDecoder for drawable, falling back to non-resized load.
07-23 11:28:47.876 27263 27263 W RefactorFlag: New code path expects SceneContainerFlag to be enabled.
07-23 11:28:47.876 27263 27263 D ExpandableNotifRow: mMaxSmallHeight different before reInflateViews mMaxSmallHeight: 203 mTempSmallHeight:0 -1|com.android.systemui|2131364006|charging_state|10063
07-23 11:28:47.876 27263 27263 D ExpandableNotifRow: mMaxSmallHeight different before reInflateViews mMaxSmallHeight: 203 mTempSmallHeight:0 -1|com.android.systemui|2131364006|charging_state|10063
07-23 11:28:47.880 27263 27263 I LockscreenNotificationIconsOnlyController: onNotificationInfoUpdated 0
07-23 11:28:47.880 27263 27263 I AODNotificationManager: updateNotification() 
07-23 11:28:47.932  1116  1495 I hwcomposer: [HWC] (0)fire a callback of refresh to SF[4]  
07-23 11:28:47.936  1137  1156 I mtkpower@impl: [setMode] type:6, enabled:1
07-23 11:28:47.937  1137  1156 E mtkpower@impl: [setMode] unknown type
07-23 11:28:47.949  1179  1540 I SurfaceFlinger: Capture layer list: 	 com.android.vending/com.android.vending.AssetBrowserActivity$_10095#133090(seamlessTransition:0)
07-23 11:28:47.949  1179  1540 I SurfaceFlinger: Capture layer list: 	 Dim Layer for - Task=1040#133108(seamlessTransition:0)
07-23 11:28:47.949  1179  1540 I SurfaceFlinger: Capture layer list: 	 com.samsung.android.lool/com.samsung.android.sm.iafd.dialog.AppErrorDialogActivity$_17066#133103(seamlessTransition:0)
07-23 11:28:48.013  1137  1156 I mtkpower@impl: [setMode] type:6, enabled:0
07-23 11:28:48.013  1137  1156 E mtkpower@impl: [setMode] unknown type
07-23 11:28:48.148   580   580 D io_stats: !@   8,32 r 380889475 7529708036 w 36072385 346255624 d 4489908 279654324 f 6744329 4391063 iot 60717952 0 th 0 0 0 pt 0 inp 0 0 499134.657
07-23 11:28:48.149   580   580 D io_stats: !@ Read_top(KB): sh:normal(17478) 576 binder:26228_4:normal(26228) 124 ndroid.systemui:high(27263) 108
07-23 11:28:48.149   580   580 D io_stats: !@ Write_top(KB): kworker/u32:0:/(6917) 108 vendor.samsung.:normal(1146) 8
07-23 11:28:48.165  1303  1313 E thermal_core: find_tz_idx_by_name:"Failed to find thermal zone index of mtk-master-charger\n"
07-23 11:28:48.172 27263 27274 I ndroid.systemui: Background concurrent mark compact GC freed 21MB AllocSpace bytes, 119(2700KB) LOS objects, 23% free, 79MB/103MB, paused 621us,4.451ms total 359.503ms
07-23 11:28:48.183  1179  1228 I SurfaceFlinger: onHandleDestroyed: layerId=133088, name=Surface(name=d4ebe2 com.mpatricio.nhiquelaa/com.mpatricio.nhiquelaa.MainActivity)/@0x9122763 - animation-leash of starting_reveal#133088
07-23 11:28:48.183  1179  1228 I SurfaceFlinger: id=133088 Removed Surface(name=d4ebe2 com.mpatricio.nhiquelaa/com.mpatricio.nhiquelaa.MainActivity)/@0x9122763 - animation-leash of starting_reveal#133088 (207)
07-23 11:28:48.190  1179  1179 I SurfaceFlinger: destroyed Surface(name=d4ebe2 com.mpatricio.nhiquelaa/com.mpatricio.nhiquelaa.MainActivity)/@0x9122763 - animation-leash of starting_reveal#133088
07-23 11:28:48.191  1179  1179 I Layer   : id=133088 Destroyed Surface(name=d4ebe2 com.mpatricio.nhiquelaa/com.mpatricio.nhiquelaa.MainActivity)/@0x9122763 - animation-leash of starting_reveal#133088
07-23 11:28:48.191 27263 27278 W System  : A resource failed to call release. 
07-23 11:28:48.191 27263 27278 W System  : A resource failed to call release. 
07-23 11:28:48.191 27263 27278 W System  : A resource failed to call release. 
07-23 11:28:48.193 27263 27278 W System  : A resource failed to call release. 
07-23 11:28:48.193 27263 27278 W System  : A resource failed to call release. 
07-23 11:28:48.193 27263 27278 W System  : A resource failed to call release. 
07-23 11:28:48.194  1179  1540 I SurfaceFlinger: Capture layer list: 	 com.android.vending/com.android.vending.AssetBrowserActivity$_10095#133090(seamlessTransition:0)
07-23 11:28:48.194  1179  1540 I SurfaceFlinger: Capture layer list: 	 Dim Layer for - Task=1040#133108(seamlessTransition:0)
07-23 11:28:48.194  1179  1540 I SurfaceFlinger: Capture layer list: 	 com.samsung.android.lool/com.samsung.android.sm.iafd.dialog.AppErrorDialogActivity$_17066#133103(seamlessTransition:0)
07-23 11:28:48.199 27263 27278 W System  : A resource failed to call release. 
07-23 11:28:48.199 27263 27278 W System  : A resource failed to call release. 
07-23 11:28:48.199 27263 27278 W System  : A resource failed to call release. 
07-23 11:28:48.208 26444 26765 I ChimeraPolicyHandler: onPsiMonitorTriggered() - psiLevel: 0
07-23 11:28:48.209 26444 26765 I ChimeraAggressivePolicyHandler: executePolicy() - triggerSource: TRIGGER_SOURCE_PSI_MEM_MONITOR
07-23 11:28:48.210 26444 26765 I ChimeraAggressivePolicyHandler: available memory: 881852, free memory target: 747520, quit chimera
07-23 11:28:48.231  1116  1495 I hwcomposer: [HWC] (0)fire a callback of refresh to SF[4]  
07-23 11:28:48.237  1137  1156 I mtkpower@impl: [setMode] type:6, enabled:1
07-23 11:28:48.237  1137  1156 E mtkpower@impl: [setMode] unknown type
07-23 11:28:48.296  1179  1540 I SurfaceFlinger: Capture layer list: 	 com.android.vending/com.android.vending.AssetBrowserActivity$_10095#133090(seamlessTransition:0)
07-23 11:28:48.296  1179  1540 I SurfaceFlinger: Capture layer list: 	 Dim Layer for - Task=1040#133108(seamlessTransition:0)
07-23 11:28:48.296  1179  1540 I SurfaceFlinger: Capture layer list: 	 com.samsung.android.lool/com.samsung.android.sm.iafd.dialog.AppErrorDialogActivity$_17066#133103(seamlessTransition:0)
07-23 11:28:48.313  1137  1156 I mtkpower@impl: [setMode] type:6, enabled:0
07-23 11:28:48.313  1137  1156 E mtkpower@impl: [setMode] unknown type
07-23 11:28:48.616 26885 27014 D SatelliteController: isInCarrierRoamingNbIotNtn: satellite is disabled
07-23 11:28:48.887 26885 27014 D SatelliteController: isInCarrierRoamingNbIotNtn: satellite is disabled
07-23 11:28:48.961 26444 26838 D NetdEventListenerService: DNS Requested by 523, 10328(com.instagram.android), 4(FAIL), isBlocked=true, 0ms
07-23 11:28:48.962 12187 12392 E msys    : E[N mns:DGWClient]_LogError(328)=>Failed to resolve using system DNS resolver, getaddrinfo(): No address associated with hostname
07-23 11:28:48.969 12187 12392 E msys    : E[N mns:DGWClient]_LogError(328)=>Failed to resolve using system DNS resolver, getaddrinfo(): No address associated with hostname
07-23 11:28:48.969 26444 26838 D NetdEventListenerService: DNS Requested by 523, 10328(com.instagram.android), 4(FAIL), isBlocked=true, 0ms
07-23 11:28:49.167  1303  1313 E thermal_core: find_tz_idx_by_name:"Failed to find thermal zone index of mtk-master-charger\n"
07-23 11:28:49.312 26444 26838 D NetdEventListenerService: DNS Requested by 523, 10328(com.instagram.android), 4(FAIL), isBlocked=true, 0ms
07-23 11:28:49.313 12187 12392 E msys    : E[N mns:DGWClient]_LogError(328)=>Failed to resolve using system DNS resolver, getaddrinfo(): No address associated with hostname
07-23 11:28:49.872 27612 27951 I ScanController: onScanResult to scannerId: 4- eventType=0x1b, addressType=1, address=XX:XX:XX:XX:C4:A0, primaryPhy=1, secondaryPhy=0, advertisingSid=0xff, txPower=127, rssi=-86, periodicAdvInt=0x0
07-23 11:28:49.875  4742 15399 I NearbyDiscovery: (REDACTED) BloomFilterAdvManager: Detected bloom filter but too far away, ignoring. %sm, %s
07-23 11:28:49.876 26444 26838 D NetdEventListenerService: DNS Requested by 523, 10328(com.instagram.android), 4(FAIL), isBlocked=true, 0ms
07-23 11:28:49.877 12187 12392 E msys    : E[N mns:DGWClient]_LogError(328)=>Failed to resolve using system DNS resolver, getaddrinfo(): No address associated with hostname
07-23 11:28:49.895 26885 27014 D SatelliteController: isInCarrierRoamingNbIotNtn: satellite is disabled
07-23 11:28:49.908 27612 27951 I ScanController: onScanResult to scannerId: 4- eventType=0x1b, addressType=1, address=XX:XX:XX:XX:9A:C7, primaryPhy=1, secondaryPhy=0, advertisingSid=0xff, txPower=127, rssi=-96, periodicAdvInt=0x0
07-23 11:28:49.912  4742 15399 I NearbyDiscovery: (REDACTED) BloomFilterAdvManager: Detected bloom filter but too far away, ignoring. %sm, %s
07-23 11:28:50.146 26444 26715 W DeviceStorageMonitorService: updateBroadcasts(/data) oldLevel:0, newLevel:0, seq:1
07-23 11:28:50.148 26444 26715 D DeviceStorageMonitorService: Available File Node Number is [13062434]
07-23 11:28:50.148 26444 26715 W DeviceStorageMonitorService: updateBroadcasts_filenode(/data) fn_oldLevel:0, fn_newLevel:0, seq:1
07-23 11:28:50.149   580   580 D io_stats: !@   8,32 r 380889642 7529714956 w 36072393 346255688 d 4489908 279654324 f 6744329 4391063 iot 60718004 0 th 0 0 0 pt 0 inp 1 0 499136.658
07-23 11:28:50.161 26885 27014 D SatelliteController: isInCarrierRoamingNbIotNtn: satellite is disabled
07-23 11:28:50.168  1303  1313 E thermal_core: find_tz_idx_by_name:"Failed to find thermal zone index of mtk-master-charger\n"
07-23 11:28:50.385 26444 29009 D SemWifiUsabilityStatsMonitor: onWifiUsabilityStats - seqNum 4899, isSameBssidAndFreq true
07-23 11:28:50.390 27263 27533 D Tile.WifiTile: handleUpdateState isTransient=false transientEnabling =false cb.isTransient=false state.state = 2 mStateBeforeClick.value =false enabled =true
07-23 11:28:50.402  1179  1228 I VSyncReactor: Current= 90, Period= 90, hwcPeriod= 90
07-23 11:28:50.425  1179  1179 I BufferQueueProducer: [StatusBar$_27263#120127](this:0xb400007558096638,id:-1,api:0,p:-1,c:1179) queueBuffer: fps=1.32 dur=3022.56 max=2535.48 min=44.42
07-23 11:28:50.431  1116  1472 I hwcomposer: [HWCDisplay] (0 updateFps():4131), (type:1, mode:2) fps:2.978196,dur:3021.96,max:2189.47,min:42.98  
07-23 11:28:50.435  1179  1540 I SurfaceFlinger: Capture layer list: 	 com.android.vending/com.android.vending.AssetBrowserActivity$_10095#133090(seamlessTransition:0)
07-23 11:28:50.435  1179  1540 I SurfaceFlinger: Capture layer list: 	 Dim Layer for - Task=1040#133108(seamlessTransition:0)
07-23 11:28:50.435  1179  1540 I SurfaceFlinger: Capture layer list: 	 com.samsung.android.lool/com.samsung.android.sm.iafd.dialog.AppErrorDialogActivity$_17066#133103(seamlessTransition:0)
07-23 11:28:50.520  1116  1495 I hwcomposer: [HWC] (0)fire a callback of refresh to SF[4]  
07-23 11:28:50.526  1137  1156 I mtkpower@impl: [setMode] type:6, enabled:1
07-23 11:28:50.526  1137  1156 E mtkpower@impl: [setMode] unknown type
07-23 11:28:50.530  1179  1179 I BufferQueueProducer: [FramebufferSurface](this:0xb40000757f2f0370,id:-1,api:1,p:1179,c:1179) queueBuffer: fps=1.33 dur=3009.71 max=2289.25 min=178.54
07-23 11:28:50.535  1179  1540 I SurfaceFlinger: Capture layer list: 	 com.android.vending/com.android.vending.AssetBrowserActivity$_10095#133090(seamlessTransition:0)
07-23 11:28:50.535  1179  1540 I SurfaceFlinger: Capture layer list: 	 Dim Layer for - Task=1040#133108(seamlessTransition:0)
07-23 11:28:50.535  1179  1540 I SurfaceFlinger: Capture layer list: 	 com.samsung.android.lool/com.samsung.android.sm.iafd.dialog.AppErrorDialogActivity$_17066#133103(seamlessTransition:0)
07-23 11:28:50.602  1137  1156 I mtkpower@impl: [setMode] type:6, enabled:0
07-23 11:28:50.603  1137  1156 E mtkpower@impl: [setMode] unknown type
07-23 11:28:50.651  1377 31475 D AALLightSensor: oldLux=61 [SA:-1 LA:-1] newLux=61 (oriLux: 63)
07-23 11:28:50.936 26231  3372 W aurisys_controller: aurisys_get_parameter(), adb_cmd->adb_cmd_type 7 fail, need active handler!
07-23 11:28:50.936 26231  3372 D AudioALSAHardware: -getParameters(), return "g_hw_speaker_amp_temp_spk=GET_FAIL"
07-23 11:28:50.940 28457 30315 I SDHMS:x : SIOP:: AP:375 BAT:311 USB:313 CHG:411 PA:355 WIFI:353 BLK:0 SUBBAT:0 SKIN:353 SKINF:349 SKINB:353 LRP2:353 LRF2:349 LRB2:353 SPK:312 AP2:351 CHG2:353 MEM2:350 WIFI2:350 DNSPK:300 VAP:393 AVGCUR:1815 AVGSYS:0 POWER:7058
07-23 11:28:50.940 28457 30315 I AudioManager: setParameters keyValuePairs = g_hw_speaker_amp_temp_spk=312
07-23 11:28:50.942 26225 29752 D AudioFlinger: setParameters: filtered dev setParameters keyvalue g_hw_speaker_amp_temp_spk=312
07-23 11:28:50.943 26230 26230 D Audio_ParameterParser: parseVendorParameters: scope: MODULE, keys/values: g_hw_speaker_amp_temp_spk=312
07-23 11:28:50.945 26231  3372 D AudioALSAHardware: +setParameters(): g_hw_speaker_amp_temp_spk=312
07-23 11:28:50.945 26231  3372 W aurisys_controller: lib_name smartpa_aw88xxx, scene 9, no active handler!!
07-23 11:28:50.945 26231  3372 D AudioALSAHardware: -setParameters(): g_hw_speaker_amp_temp_spk=312
07-23 11:28:50.947 26230 26230 D Audio_ParameterParser: parseVendorParameters: scope: MODULE, keys/values: g_hw_speaker_amp_temp_spk=312
07-23 11:28:50.949 26230 26230 D Audio_ParameterParser: parseVendorParameters: scope: MODULE, keys/values: g_hw_speaker_amp_temp_spk=312
07-23 11:28:50.949 26231  3372 D AHAL_ModuleBluetooth: setVendorParameters unrecognized parameter: g_hw_speaker_amp_temp_spk=312
07-23 11:28:51.006 10095 10126 I Finsky  : [124] AIM: AppInfoManager-Perf > Destroying AppInfoManager ...
07-23 11:28:51.098 26444 28193 I NSLocationMonitor: getGPSUsingApps() called
07-23 11:28:51.099 28153 29071 I NSLocationManager_FLP: getGPSUsingApps, No change
07-23 11:28:51.114 26444 28193 D FreecessHandler: freeze com.instagram.barcelona(10355) result : 33
07-23 11:28:51.171  1303  1313 E thermal_core: find_tz_idx_by_name:"Failed to find thermal zone index of mtk-master-charger\n"
07-23 11:28:51.171  1303  1313 E thermal_core: find_tz_idx_by_name:"Failed to find thermal zone index of camera0\n"
07-23 11:28:51.171  1303  1313 E thermal_core: find_tz_idx_by_name:"Failed to find thermal zone index of mtk-master-charger\n"
07-23 11:28:51.171  1303  1313 E thermal_core: find_tz_idx_by_name:"Failed to find thermal zone index of nrpa_ntc\n"
07-23 11:28:51.172  1303  1313 E thermal_core: dump_thermal_log:"Error: sccanf error, ret=9\n"
07-23 11:28:51.173  1303  1313 E thermal_core: node_read:"Failed to read /sys/class/thermal/thermal_zone2/temp: No data available\n"
07-23 11:28:51.174  1303  1313 I thermal_core: "soc/nr/lte/ap_ntc/tpcb/conn/chg/cam/c_ttj/g_ttj/a_ttj=0/-274000/36684/72285/46000/37000/-274000/-274000/55000/55000/55000\n"
07-23 11:28:51.174  1303  1313 I thermal_core: "[C(l)(c)(i)][G(l)(c)][A(l)(c)][TH][D]=[(2000/2200/666666)(500/725/6666)(0x0)][(666666)(666666)][(666666666)(666666666)][0][1600]\n"
07-23 11:28:51.174  1303  1313 E thermal_core: node_read:"Failed to open /sys/kernel/helio-dvfsrc/dvfsrc_therm_info: No such file or directory\n"
07-23 11:28:51.174  1303  1313 I thermal_core: "1600"
07-23 11:28:51.176 26885 27014 D SatelliteController: isInCarrierRoamingNbIotNtn: satellite is disabled
07-23 11:28:51.447 26885 27014 D SatelliteController: isInCarrierRoamingNbIotNtn: satellite is disabled
07-23 11:28:51.468 10095 10121 I Finsky  : [120] AIM: AppInfoManager-Perf > Destroying AppInfoManager ...
07-23 11:28:51.734 27612 27951 I ScanController: onScanResult to scannerId: 4- eventType=0x1b, addressType=1, address=XX:XX:XX:XX:C4:A0, primaryPhy=1, secondaryPhy=0, advertisingSid=0xff, txPower=127, rssi=-90, periodicAdvInt=0x0
07-23 11:28:51.739  4742 15399 I NearbyDiscovery: (REDACTED) BloomFilterAdvManager: Detected bloom filter but too far away, ignoring. %sm, %s
07-23 11:28:51.830 26444 11835 D PerProcessNandswap$NandswapHandler: nandswap start for non-activity com.google.android.apps.messaging(pid 16344) action:3 adj:250 type:2
07-23 11:28:51.834 16344 16446 I BugleDataModel: ActionExecutorImpl: ACTION_EXECUTE_QUEUED_SendReportAction
07-23 11:28:51.835 16344 16965 I BugleDataModel: running action SendReportAction
07-23 11:28:51.836 16344 16965 I BugleDataModel: ActionExecutorImpl: ACTION_BACKGROUND_QUEUED_SendReportAction
07-23 11:28:51.836 16344 16965 I BugleDataModel: finished running action SendReportAction in 1 ms
07-23 11:28:51.837 16344 16861 W JobInfo : Job 'com.google.android.apps.messaging/.shared.datamodel.action.execution.ActionJobService#101' has a deadline with no functional constraints. The deadline won't improve job execution latency. Consider removing the deadline.
07-23 11:28:51.838 26444 27096 W JobInfo : Job 'com.google.android.apps.messaging/.shared.datamodel.action.execution.ActionJobService#101' has a deadline with no functional constraints. The deadline won't improve job execution latency. Consider removing the deadline.
07-23 11:28:51.841 16344 16861 I BugleDataModel: ActionExecutorImpl: ACTION_RESPONSE_QUEUED_SendReportAction
07-23 11:28:51.846 26444 28541 W JobScheduler: Job didn't exist in JobStore: b1c0de9 #u0a236/101 com.google.android.apps.messaging/.shared.datamodel.action.execution.ActionJobService
07-23 11:28:51.846 26444 11835 D PerProcessNandswapNative: enable WriteBooster
07-23 11:28:51.856  1179  1228 I VSyncReactor: Current= 90, Period= 90, hwcPeriod= 90
07-23 11:28:51.858 16344 16389 I ForwardSyncCache: reclaimMemory: Clearing caches
07-23 11:28:51.859 16344 16389 I BugleSpam: HadesBitmapStore: Purged 0 images during memory reclamation
07-23 11:28:51.860 16344 16389 W Bugle   : TextClassifierLibManagerImpl: Reclaiming memory at level: 40
07-23 11:28:51.874 26444 11835 D PerProcessNandswap$NandswapHandler: nandswap end for non-activity com.google.android.apps.messaging(pid 16344) ret:8680161280 adj:250
07-23 11:28:51.902  4742 17447 I NearbyMediums: No BLE Fast/GATT advertisements found in the latest cycle.
07-23 11:28:51.902  4742 17447 I NearbyMediums: Current Tracked Scanning Clients are : {NearbyConnections.EnvironmentMonitor, NearbySharing, NearbyConnections.TxAdvertisement}
07-23 11:28:51.972 26874 26874 I wpa_supplicant: Heartbeat 5205
07-23 11:28:52.143 26444 26478 I ActivityManager: Changes in 10355 11 to 19, 128 to 0
07-23 11:28:52.148 26444 11835 D PerProcessNandswap$NandswapHandler: nandswap start for non-activity com.instagram.barcelona(pid 16603) action:14 adj:905 type:1
07-23 11:28:52.150   580   580 D io_stats: !@   8,32 r 380889878 7529724356 w 36072410 346258276 d 4489908 279654324 f 6744329 4391063 iot 60718108 0 th 0 0 0 pt 0 inp 0 0 499138.659
07-23 11:28:52.151   580   580 D io_stats: !@ Read_top(KB): .screenrecorder:high(12889) 8284 ocessService0:0:low(13007) 3368 kworker/u32:1:/(10612) 2208
07-23 11:28:52.151   580   580 D io_stats: !@ Write_top(KB): kworker/u32:1:/(10612) 1824 kworker/u32:0:/(6917) 768 sait.sohservice:low(16432) 32
07-23 11:28:52.175  1303  1313 E thermal_core: find_tz_idx_by_name:"Failed to find thermal zone index of mtk-master-charger\n"
07-23 11:28:52.349 26444 11835 D PerProcessNandswap$NandswapHandler: nandswap end for non-activity com.instagram.barcelona(pid 16603) ret:10737397760 adj:905
07-23 11:28:52.457 26885 27014 D SatelliteController: isInCarrierRoamingNbIotNtn: satellite is disabled
07-23 11:28:52.726 26885 27014 D SatelliteController: isInCarrierRoamingNbIotNtn: satellite is disabled
07-23 11:28:52.730  1185  1208 D ccci_mdinit: (1):monitor_time_update_thread round:46715 ########
07-23 11:28:53.177  1303  1313 E thermal_core: find_tz_idx_by_name:"Failed to find thermal zone index of mtk-master-charger\n"
07-23 11:28:53.400 26444 29009 D SemWifiUsabilityStatsMonitor: onWifiUsabilityStats - seqNum 4900, isSameBssidAndFreq true
07-23 11:28:53.629 27612 27951 I ScanController: onScanResult to scannerId: 4- eventType=0x1b, addressType=1, address=XX:XX:XX:XX:C4:A0, primaryPhy=1, secondaryPhy=0, advertisingSid=0xff, txPower=127, rssi=-85, periodicAdvInt=0x0
07-23 11:28:53.635  4742 15399 I NearbyDiscovery: (REDACTED) BloomFilterAdvManager: Detected bloom filter but too far away, ignoring. %sm, %s
07-23 11:28:53.735 26885 27014 D SatelliteController: isInCarrierRoamingNbIotNtn: satellite is disabled
07-23 11:28:54.007 26885 27014 D SatelliteController: isInCarrierRoamingNbIotNtn: satellite is disabled
07-23 11:28:54.169 12051 12051 I adbd    : adbd service requested 'shell,v2:export ANDROID_LOG_TAGS=''; exec logcat'
07-23 11:28:54.179  1303  1313 E thermal_core: find_tz_idx_by_name:"Failed to find thermal zone index of mtk-master-charger\n"
07-23 11:28:54.691  1377 31475 D AALLightSensor: oldLux=61 [SA:-1 LA:-1] newLux=61 (oriLux: 60)
07-23 11:28:54.794 10095 10095 I Finsky  : [2] SCH: job service start with id 9847.
07-23 11:28:54.809 10095 17491 I Finsky  : [589] SCH: Satisfied jobs for 9847 are: 16-16161616
07-23 11:28:54.816 10095 17490 I Finsky  : [588] SCH: Job 16-16161616 starting
07-23 11:28:54.817 10095 10095 I Finsky  : [2] WM::SCH: Logging work start for 16-16161616
07-23 11:28:54.844 10095 17493 I Finsky  : [591] Flushing event logs for [_ZtXkRZN4TRiiPwor8SSRjvkWfhcZ_9vgtrbga0mM_w]
07-23 11:28:54.846 10095 17493 I Finsky  : [591] Flushing event logs for [kqbq7LmSLjcknGIRikzn5c_Y7wRZPQQHB0_mqciK_wA]
07-23 11:28:54.847 10095 17493 I Finsky  : [591] Flushing event logs for [MUcQclxAY467IVZF6r2diD3Yqeqh8wWUIbtIGrdH3JI]
07-23 11:28:54.848 10095 17493 I Finsky  : [591] Flushing event logs for [RYMhyIkJZvmjccK3GhXlPYb73Tpfn_80cnE7oKg6cZY]
07-23 11:28:54.849 10095 17493 I Finsky  : [591] Flushing event logs for [UUr8ODBc4YyFQzsd93fto4wxonNBGDbM0QQmK8en8OQ]
07-23 11:28:54.850 10095 10143 I PlayCommon: [137] Preparing logs for uploading
07-23 11:28:54.867 10095 10143 I PlayCommon: [137] Connecting to server: https://play.googleapis.com/play/log?format=raw&proto_v2=true
07-23 11:28:55.014 26885 27014 D SatelliteController: isInCarrierRoamingNbIotNtn: satellite is disabled
07-23 11:28:55.183  1303  1313 E thermal_core: find_tz_idx_by_name:"Failed to find thermal zone index of mtk-master-charger\n"
07-23 11:28:55.191 26444 26838 D NetdEventListenerService: DNS Requested by 523, 10235(com.android.vending), SUCCESS, 315ms
07-23 11:28:55.286 26885 27014 D SatelliteController: isInCarrierRoamingNbIotNtn: satellite is disabled
07-23 11:28:55.963 26444 26817 D WifiConnectivityMonitor.NetworkStatsAnalyzer: Backhaul result - RSSI:-61, CE:10, PE:8, TI:17, PTI:15, TW:1, PTW:1, Tx:23, Rx:16, TxS:19, RxS:13, RESULT:true, IC:0, ICT:5, WC:0, WCT:5, R:0, RC:0, IE:0, EC:0
07-23 11:28:56.157   580   580 D io_stats: !@   8,32 r 380890026 7529726844 w 36072442 346258544 d 4489908 279654324 f 6744330 4391065 iot 60718180 0 th 0 0 0 pt 0 inp 0 0 499142.666
07-23 11:28:56.158   580   580 D io_stats: !@ Read_top(KB): android.vending:high(10095) 1248 kworker/u32:0:/(6917) 812 system_server:high(26444) 180
07-23 11:28:56.158   580   580 D io_stats: !@ Write_top(KB): kworker/u32:0:/(6917) 208 android.vending:high(10095) 44 system_server:high(26444) 12
07-23 11:28:56.185  1303  1313 E thermal_core: find_tz_idx_by_name:"Failed to find thermal zone index of mtk-master-charger\n"
07-23 11:28:56.186 10095 10143 I PlayCommon: [137] Successfully uploaded logs.
07-23 11:28:56.272 26224 26224 D Zygote  : Forked child process 17502
07-23 11:28:56.273 26444 26482 I ActivityManager: Start proc 17502:com.android.vending:background/u0a235 for service {com.android.vending/com.google.frameworks.client.data.android.server.play.BackgroundProcessEndpointService}
07-23 11:28:56.274 26444 26482 I ActivityManager: ProcessObserver broadcast disabled
07-23 11:28:56.297 26885 27014 D SatelliteController: isInCarrierRoamingNbIotNtn: satellite is disabled
07-23 11:28:56.305 17502 17502 I ding:background: Using non-generational CollectorTypeCMC GC.
07-23 11:28:56.316 17502 17502 D nativeloader: Load libframework-connectivity-tiramisu-jni.so using APEX ns com_android_tethering for caller /apex/com.android.tethering/javalib/framework-connectivity-t.jar: ok
07-23 11:28:56.319 17502 17502 D ActivityThread: setConscryptValidator
07-23 11:28:56.319 17502 17502 D ActivityThread: setConscryptValidator - put
07-23 11:28:56.334 17502 17502 D nativeloader: Load libstats_jni.so using APEX ns com_android_os_statsd for caller /apex/com.android.os.statsd/javalib/framework-statsd.jar: ok
07-23 11:28:56.339 17502 17502 D ApplicationLoaders: Returning zygote-cached class loader: /system/framework/org.apache.http.legacy.jar
07-23 11:28:56.339 17502 17502 D ApplicationLoaders: Returning zygote-cached class loader: /system_ext/framework/androidx.window.extensions.jar
07-23 11:28:56.339 17502 17502 D ApplicationLoaders: Returning zygote-cached class loader: /system_ext/framework/androidx.window.sidecar.jar
07-23 11:28:56.376 26444 17501 D WifiConnectivityMonitor.DnsThread:  [|209]
07-23 11:28:56.376 26444 26817 D WifiConnectivityMonitor.NetworkStatsAnalyzer: DNS resultType : 0, responseTime : 209
07-23 11:28:56.377 26444 26813 D OpenNetworkQos[4.00]: updateBssidLatestDnsResultType - result: 0
07-23 11:28:56.377 26444 26813 D OpenNetworkQos[4.00]: updateBssidNoInternet: mBssidNoInternet = false
07-23 11:28:56.377 26444 26813 D OpenNetworkQos[4.00]: getOpenNetworkQosNoInternetStatus: false[Private DNS is active. Result is ignored.]
07-23 11:28:56.377 26444 26813 D OpenNetworkQos[4.00]: getOpenNetworkQosScores: 26 26 23 [Private DNS is active. Result is ignored.]
07-23 11:28:56.377 26444 26813 I WifiProfileShare: network QoS data was changed (internet), updateQoSData networkType: true, qosData: false
07-23 11:28:56.379 26444 28131 V WifiProfileShare.Caster: update wips network, size: 0
07-23 11:28:56.379 26444 28131 D WifiProfileShare: nearby scanning settings run
07-23 11:28:56.379 26444 28131 D WifiProfileShare: network score provider settings enabled
07-23 11:28:56.379 26444 28131 D OpenNetworkQos[4.00]: getOpenNetworkQosScores: 26 26 23 [Private DNS is active. Result is ignored.]
07-23 11:28:56.380 26444 28131 E SemWifiService: getCurrentNetworkScore - invalid score data
07-23 11:28:56.380 26444 28131 V WifiProfileShare.Caster: current network score is empty
07-23 11:28:56.380 26444 28131 E WifiProfileShare.Caster: failed to generate qos array, need to check network score data
07-23 11:28:56.380 26444 28131 D WifiProfileShare.ScanMatcher: getMcfDataList size:1
07-23 11:28:56.380 26444 28131 I WifiProfileShare.Caster: qos data was updated , before:null after:null
07-23 11:28:56.383 26444 28131 I [MCFSDK_android_1.3.7026]_4_McfCasterImpl: isNetworkEnabled - type : 1 ret : true
07-23 11:28:56.384 26444 28131 D WifiProfileShare.McfCast: -ME--- mIsNetworkEnabled :true
07-23 11:28:56.384 26444 28131 D WifiProfileShare.MCF: stop sharing QosData, invalid data
07-23 11:28:56.384 26444 28131 I [MCFSDK_android_1.3.7026]_4_McfCasterImpl: isNetworkEnabled - type : 1 ret : true
07-23 11:28:56.385 26444 28131 D WifiProfileShare.McfCast: -ME--- mIsNetworkEnabled :true
07-23 11:28:56.385 26444 28131 D WifiProfileShare.McfCast: -ME--- updatePasswordDate pwdData size:1
07-23 11:28:56.400 17502 17502 W ding:background: Failed to find entry 'classes.dex': Entry not found
07-23 11:28:56.402 17502 17502 W ding:background: Failed to find entry 'classes.dex': Entry not found
07-23 11:28:56.403 17502 17502 W ding:background: Failed to find entry 'classes.dex': Entry not found
07-23 11:28:56.404 17502 17502 W ding:background: Failed to find entry 'classes.dex': Entry not found
07-23 11:28:56.406 17502 17502 W ding:background: Failed to find entry 'classes.dex': Entry not found
07-23 11:28:56.408 17502 17502 W ding:background: Failed to find entry 'classes.dex': Entry not found
07-23 11:28:56.410 17502 17502 D nativeloader: Configuring clns-9 for other apk /data/app/~~vHYLOEtCJh2yuMbbnXOf8Q==/com.android.vending-v8AEjff9TdeCf7HT-eSZWA==/base.apk:/data/app/~~vHYLOEtCJh2yuMbbnXOf8Q==/com.android.vending-v8AEjff9TdeCf7HT-eSZWA==/split_config.arm64_v8a.apk:/data/app/~~vHYLOEtCJh2yuMbbnXOf8Q==/com.android.vending-v8AEjff9TdeCf7HT-eSZWA==/split_config.pt.apk:/data/app/~~vHYLOEtCJh2yuMbbnXOf8Q==/com.android.vending-v8AEjff9TdeCf7HT-eSZWA==/split_phonesky_data_loader.apk:/data/app/~~vHYLOEtCJh2yuMbbnXOf8Q==/com.android.vending-v8AEjff9TdeCf7HT-eSZWA==/split_phonesky_data_loader.config.arm64_v8a.apk:/data/app/~~vHYLOEtCJh2yuMbbnXOf8Q==/com.android.vending-v8AEjff9TdeCf7HT-eSZWA==/split_phonesky_webrtc_native_lib.apk:/data/app/~~vHYLOEtCJh2yuMbbnXOf8Q==/com.android.vending-v8AEjff9TdeCf7HT-eSZWA==/split_phonesky_webrtc_native_lib.config.arm64_v8a.apk. target_sdk_version=37, uses_libraries=, library_path=/data/app/~~vHYLOEtCJh2yuMbbnXOf8Q==/com.android.vending-v8AEjff9TdeCf7HT-eSZWA==/lib/arm64:/data/app/~~vHYLOEtCJh2yuMbbnXOf8Q==/com.and
07-23 11:28:56.412 26444 29009 D SemWifiUsabilityStatsMonitor: onWifiUsabilityStats - seqNum 4901, isSameBssidAndFreq true
07-23 11:28:56.415 26444 26788 I SemWifiLinkQualityMonitor: Link stat: 0 / 0 / 1,00 (25) / 72 / -61.0 || 100.0 : 72,00 / B (B) || 8d02cc192462: 0,214 / 37,389 / D || N N / 0 0 / Y 2.0 / Y X 0 / 499142922 0 || Invalid
07-23 11:28:56.417 27263 27533 D Tile.WifiTile: handleUpdateState isTransient=false transientEnabling =false cb.isTransient=false state.state = 2 mStateBeforeClick.value =false enabled =true
07-23 11:28:56.432 17502 17502 V GraphicsEnvironment: Currently set values for:
07-23 11:28:56.432 17502 17502 V GraphicsEnvironment:   angle_gl_driver_selection_pkgs=[]
07-23 11:28:56.432 17502 17502 V GraphicsEnvironment:   angle_gl_driver_selection_values=[]
07-23 11:28:56.432 17502 17502 V GraphicsEnvironment: com.android.vending is not listed in per-application setting
07-23 11:28:56.432 17502 17502 V GraphicsEnvironment: ANGLE allowlist from config: com.dreamgames.royalmatch com.dts.freefiremax com.dxx.firenow com.gramgames.mergedragons com.ludo.king com.mojang.minecraftpe com.my.defense com.nintendo.zaka com.os.airforce com.playrix.fishdomdd.gplay io.teslatech.callbreak jp.konami.prospia net.peakgames.toonblast
07-23 11:28:56.432 17502 17502 V GraphicsEnvironment: com.android.vending is not listed in ANGLE allowlist or settings, returning default
07-23 11:28:56.433 17502 17502 V GraphicsEnvironment: Neither updatable production driver nor prerelease driver is supported.
07-23 11:28:56.436  1179  1228 I VSyncReactor: Current= 90, Period= 90, hwcPeriod= 90
07-23 11:28:56.459  1179  1179 I BufferQueueProducer: [StatusBar$_27263#120127](this:0xb400007558096638,id:-1,api:0,p:-1,c:1179) queueBuffer: fps=0.17 dur=6033.43 max=6033.43 min=6033.43
07-23 11:28:56.465  1116  1472 I hwcomposer: [HWCDisplay] (0 updateFps():4131), (type:1, mode:2) fps:0.331477,dur:6033.61,max:5933.25,min:100.36  
07-23 11:28:56.468  1179  1540 I SurfaceFlinger: Capture layer list: 	 com.android.vending/com.android.vending.AssetBrowserActivity$_10095#133090(seamlessTransition:0)
07-23 11:28:56.468  1179  1540 I SurfaceFlinger: Capture layer list: 	 Dim Layer for - Task=1040#133108(seamlessTransition:0)
07-23 11:28:56.468  1179  1540 I SurfaceFlinger: Capture layer list: 	 com.samsung.android.lool/com.samsung.android.sm.iafd.dialog.AppErrorDialogActivity$_17066#133103(seamlessTransition:0)
07-23 11:28:56.468 17502 17502 I Finsky:background: [2] Process created at version: 52.3.32-31 [0] [PR] 949272982
07-23 11:28:56.506 17502 17502 I Finsky:background: [2] [BGP] Initializing early flags...
07-23 11:28:56.506 17502 17502 I Finsky:background: [2] [BGP] Initializing Gservices...
07-23 11:28:56.511 17502 17502 I Finsky:background: [2] [BGP] Initializing flags...
07-23 11:28:56.540 17502 17502 I Finsky:background: [2] Finished reading experiment flags from file [0tGUNCGIkbk4o6-fQ335kUYSKwVj4lusnHT-A5Dsy08] numFlags=2475.
07-23 11:28:56.543  1116  1495 I hwcomposer: [HWC] (0)fire a callback of refresh to SF[4]  
07-23 11:28:56.549  1137  1156 I mtkpower@impl: [setMode] type:6, enabled:1
07-23 11:28:56.550  1137  1156 E mtkpower@impl: [setMode] unknown type
07-23 11:28:56.553  1179  1179 I BufferQueueProducer: [FramebufferSurface](this:0xb40000757f2f0370,id:-1,api:1,p:1179,c:1179) queueBuffer: fps=0.17 dur=6022.70 max=6022.70 min=6022.70
07-23 11:28:56.564 26885 27014 D SatelliteController: isInCarrierRoamingNbIotNtn: satellite is disabled
07-23 11:28:56.569  1179  1540 I SurfaceFlinger: Capture layer list: 	 com.android.vending/com.android.vending.AssetBrowserActivity$_10095#133090(seamlessTransition:0)
07-23 11:28:56.569  1179  1540 I SurfaceFlinger: Capture layer list: 	 Dim Layer for - Task=1040#133108(seamlessTransition:0)
07-23 11:28:56.569  1179  1540 I SurfaceFlinger: Capture layer list: 	 com.samsung.android.lool/com.samsung.android.sm.iafd.dialog.AppErrorDialogActivity$_17066#133103(seamlessTransition:0)
07-23 11:28:56.590 17502 17519 D nativeloader: Load /data/app/~~vHYLOEtCJh2yuMbbnXOf8Q==/com.android.vending-v8AEjff9TdeCf7HT-eSZWA==/split_config.arm64_v8a.apk!/lib/arm64-v8a/libmappedcountercacheversionjni.so using class loader ns clns-9 (caller=/data/app/~~vHYLOEtCJh2yuMbbnXOf8Q==/com.android.vending-v8AEjff9TdeCf7HT-eSZWA==/base.apk): ok
07-23 11:28:56.626  1137  1156 I mtkpower@impl: [setMode] type:6, enabled:0
07-23 11:28:56.626  1137  1156 E mtkpower@impl: [setMode] unknown type
07-23 11:28:56.642 17502 17502 E ashmem  : Pinning is deprecated since Android Q. Please use trim or other methods.
07-23 11:28:56.652 17502 17502 I Finsky:background: [2] Finished reading experiment flags from file [bJJs4z_gY3rR88Y0F6PJK0UIxfiIKQm5lRbRXZX6Bhs] numFlags=2064.
07-23 11:28:56.660 17502 17502 I Finsky:background: [2] Finished reading experiment flags from file [cUhkN5RQdV-PgTyQ-tFu7HHpwJsOKard89Ep52zzkaY] numFlags=2064.
07-23 11:28:56.668 17502 17502 I Finsky:background: [2] Finished reading experiment flags from file [QUeiktQU8AYSoET12rEJf7XG8Dw3wlVlcI206mMsrfs] numFlags=2064.
07-23 11:28:56.676 17502 17502 I Finsky:background: [2] Finished reading experiment flags from file [GPtUezbtaY64WmehJH3nwPeodthD5u9vMmVT519V5k0] numFlags=2064.
07-23 11:28:56.681 17502 17502 I Finsky:background: [2] Finished reading experiment flags from file [W-6l6rwamqcxIgelrkW4cMp7PAAyWSKAfXUsCNaQ3pc] numFlags=2064.
07-23 11:28:56.692 17502 17502 I Finsky:background: [2] [BGP] Initializing crash detector...
07-23 11:28:56.703 17502 17502 I Finsky:background: [2] akle - Registering in memory receiver for android.intent.action.PACKAGE_ADDED and android.intent.action.PACKAGE_REMOVED
07-23 11:28:56.718 26444 26763 D BackgroundInstallControlService: Package event received: 0
07-23 11:28:56.748 17502 17502 I Finsky:background: [2] This process start was not selected for Play memory metrics collection.
07-23 11:28:56.774 17502 17527 W Settings: Setting download_manager_max_bytes_over_mobile has moved from android.provider.Settings.Secure to android.provider.Settings.Global.
07-23 11:28:56.776 17502 17527 I Finsky:background: [128] SettingNotFoundException, fall through to G.downloadBytesOverMobileMaximum
07-23 11:28:56.776 17502 17527 W Settings: Setting download_manager_recommended_max_bytes_over_mobile has moved from android.provider.Settings.Secure to android.provider.Settings.Global.
07-23 11:28:56.777 17502 17527 I Finsky:background: [128] SettingNotFoundException, fall through to G.downloadBytesOverMobileRecommended
07-23 11:28:56.778 17502 17527 I Finsky:background: [128] registerListener
07-23 11:28:56.780 17502 17527 I Finsky:background: [128] DFS: Listener added for tki@a571aaf
07-23 11:28:56.780 17502 17527 I Finsky:background: [128] registerListener
07-23 11:28:56.786 17502 17527 I Finsky:background: [128] registerListener
07-23 11:28:56.786 17502 17527 I Finsky:background: [128] DFS: Listener added for aoxb@16800fd
07-23 11:28:56.811 17502 17527 I Finsky:background: [128] IV2: IQv2 is disabled. Recovering all active installs: []
07-23 11:28:56.815 17502 17532 I Finsky:background: [132] Subscription detail: DataSubscriptionInfo{groupIdLevel1=null, serviceProviderName=[iB8If8q38we4MDuXpbhCj5wCjViG-QBJvbzoV5gXFAY], simCarrierId=1635}
07-23 11:28:56.818 17502 17502 I Finsky:background: [2] onSubscriptionsChanged
07-23 11:28:56.828 17502 17532 I Finsky:background: [132] Finished reading experiment flags from file [Se-xCc4LzNyh3UrKMIU2sUf-PUKz4oQEbpKZDMuaFno] numFlags=2052.
07-23 11:28:56.828 17502 17532 I Finsky:background: [132] playLoggingServerUrl: https://play.googleapis.com/play/log
07-23 11:28:56.828 17502 17532 I Finsky:background: [132] playLoggingServerTimestampUrl: https://play.googleapis.com/play/log/timestamp
07-23 11:28:56.853 17502 17539 D ConnectivityManager: StackLog: [android.net.ConnectivityManager.sendRequestForNetwork(ConnectivityManager.java:4744)] [android.net.ConnectivityManager.registerDefaultNetworkCallbackForUid(ConnectivityManager.java:5469)] [android.net.ConnectivityManager.registerDefaultNetworkCallback(ConnectivityManager.java:5436)] [android.net.ConnectivityManager.registerDefaultNetworkCallback(ConnectivityManager.java:5410)] [adhk.call(PG:27)] [bota.a(PG:3)] [bosf.run(PG:19)] [botb.run(PG:5)] [java.util.concurrent.ThreadPoolExecutor.runWorker(ThreadPoolExecutor.java:1100)] [java.util.concurrent.ThreadPoolExecutor$Worker.run(ThreadPoolExecutor.java:624)] [vlp.run(PG:26)] [java.lang.Thread.run(Thread.java:1572)]
07-23 11:28:56.856 26444 27096 D ConnectivityService: requestNetwork for uid/pid:10235/17502 activeRequest: null callbackRequest: 22253 [NetworkRequest [ REQUEST id=22254, [ Capabilities: INTERNET&NOT_RESTRICTED&TRUSTED&NOT_VCN_MANAGED&NOT_BANDWIDTH_CONSTRAINED Uid: 10235 RequestorUid: 10235 RequestorPkg: com.android.vending UnderlyingNetworks: Null] ]] callback flags: 0 order: 2147483647 isUidTracked: false declaredMethods: AVAIL|LOST
07-23 11:28:56.858 17502 17523 I Finsky:background: [124] Device is eligible for platform Cronet and will attempt to use it.
07-23 11:28:56.858 17502 17532 I Finsky:background: [132] playLoggingServerUrl: https://play.googleapis.com/play/log
07-23 11:28:56.858 17502 17532 I Finsky:background: [132] playLoggingServerTimestampUrl: https://play.googleapis.com/play/log/timestamp
07-23 11:28:56.858 26444 26705 D ConnectivityService:    accepting network in place of null for NetworkRequest [ REQUEST id=22254, [ Capabilities: INTERNET&NOT_RESTRICTED&TRUSTED&NOT_VCN_MANAGED&NOT_BANDWIDTH_CONSTRAINED Uid: 10235 RequestorUid: 10235 RequestorPkg: com.android.vending UnderlyingNetworks: Null] ]
07-23 11:28:56.862 26444 26694 D WifiNetworkFactory: got request NetworkRequest [ REQUEST id=22254, [ Capabilities: INTERNET&NOT_RESTRICTED&TRUSTED&NOT_VCN_MANAGED&NOT_BANDWIDTH_CONSTRAINED Uid: 10235 RequestorUid: 10235 RequestorPkg: com.android.vending UnderlyingNetworks: Null] ]
07-23 11:28:56.863 26444 26694 D UntrustedWifiNetworkFactory: got request NetworkRequest [ REQUEST id=22254, [ Capabilities: INTERNET&NOT_RESTRICTED&TRUSTED&NOT_VCN_MANAGED&NOT_BANDWIDTH_CONSTRAINED Uid: 10235 RequestorUid: 10235 RequestorPkg: com.android.vending UnderlyingNetworks: Null] ]
07-23 11:28:56.864 26444 26694 D OemPaidWifiNetworkFactory: got request NetworkRequest [ REQUEST id=22254, [ Capabilities: INTERNET&NOT_RESTRICTED&TRUSTED&NOT_VCN_MANAGED&NOT_BANDWIDTH_CONSTRAINED Uid: 10235 RequestorUid: 10235 RequestorPkg: com.android.vending UnderlyingNetworks: Null] ]
07-23 11:28:56.865 26444 26705 D ConnectivityService: Rematched networks [computed 0ms] [applied 4ms] [issued 4]
07-23 11:28:56.865 26444 26705 D ConnectivityService: NetworkReassignment :
07-23 11:28:56.865 26444 26705 D ConnectivityService:   22254 : null → 523
07-23 11:28:56.865 26444 26694 D MultiInternetWifiNetworkFactory: got request NetworkRequest [ REQUEST id=22254, [ Capabilities: INTERNET&NOT_RESTRICTED&TRUSTED&NOT_VCN_MANAGED&NOT_BANDWIDTH_CONSTRAINED Uid: 10235 RequestorUid: 10235 RequestorPkg: com.android.vending UnderlyingNetworks: Null] ]
07-23 11:28:56.868 17502 17524 I Finsky:background: [125] IQ: start evaluating install requests.
07-23 11:28:56.869 17502 17524 I Finsky:background: [125] IQ: no jobs active. Skipping
07-23 11:28:56.874 17502 17532 I Finsky:background: [132] playLoggingServerUrl: https://play.googleapis.com/play/log
07-23 11:28:56.875 17502 17532 I Finsky:background: [132] playLoggingServerTimestampUrl: https://play.googleapis.com/play/log/timestamp
07-23 11:28:56.888 17502 17532 I Finsky:background: [132] playLoggingServerUrl: https://play.googleapis.com/play/log
07-23 11:28:56.888 17502 17532 I Finsky:background: [132] playLoggingServerTimestampUrl: https://play.googleapis.com/play/log/timestamp
