07-23 11:28:56.895 26444 26838 D NetdEventListenerService: DNS Requested by 523, 10328(com.instagram.android), 4(FAIL), isBlocked=true, 0ms
07-23 11:28:56.895 17502 17539 I Finsky:background: [139] IQ: Pruning inactive install requests
07-23 11:28:56.897 12187 12392 E msys    : E[N mns:DGWClient]_LogError(328)=>Failed to resolve using system DNS resolver, getaddrinfo(): No address associated with hostname
07-23 11:28:56.901 17502 17545 D HttpFlagsLoader: Not loading HTTP flags because they are disabled in the manifest
07-23 11:28:56.902 12187 12392 E msys    : E[N mns:DGWClient]_LogError(328)=>Failed to resolve using system DNS resolver, getaddrinfo(): No address associated with hostname
07-23 11:28:56.903 26444 26838 D NetdEventListenerService: DNS Requested by 523, 10328(com.instagram.android), 4(FAIL), isBlocked=true, 0ms
07-23 11:28:56.908 17502 17545 D ConnectivityManager: StackLog: [android.net.ConnectivityManager.sendRequestForNetwork(ConnectivityManager.java:4744)] [android.net.ConnectivityManager.registerDefaultNetworkCallbackForUid(ConnectivityManager.java:5469)] [android.net.ConnectivityManager.registerDefaultNetworkCallback(ConnectivityManager.java:5436)] [android.net.http.internal.org.chromium.net.NetworkChangeNotifierAutoDetect$ConnectivityManagerDelegate.registerDefaultNetworkCallback(NetworkChangeNotifierAutoDetect.java:448)] [android.net.http.internal.org.chromium.net.NetworkChangeNotifierAutoDetect.register(NetworkChangeNotifierAutoDetect.java:1165)] [android.net.http.internal.org.chromium.net.NetworkChangeNotifierAutoDetect$RegistrationPolicy.register(NetworkChangeNotifierAutoDetect.java:932)] [android.net.http.internal.org.chromium.net.RegistrationPolicyAlwaysRegister.init(RegistrationPolicyAlwaysRegister.java:16)] [android.net.http.internal.org.chromium.net.NetworkChangeNotifierAutoDetect.<init>(NetworkChangeNotifierAutoDetect.java:1087)] [android.net.http.internal.org.chromium.net.NetworkChangeNotifier.setAutoDetectConnectivityStateInternal(NetworkChangeNotifier.java:223)] [android.net.http.internal.org.chromium.net.NetworkChangeNotifier.setAutoDetectConnectivityState(NetworkChangeNotifier.java:198)] [android.net.http.internal.org.chromium.net.impl.CronetLibraryLoader.initializeOnInitThread(CronetLibraryLoader.java:281)] [android.net.http.internal.org.chromium.net.impl.CronetLibraryLoader.lambda$ensureInitialized$0(CronetLibraryLoader.java:145)] [android.net.http.internal.org.chromium.net.impl.CronetLibraryLoader$$ExternalSyntheticLambda0.run(D8$$SyntheticClass:0)]
07-23 11:28:56.909 17502 17532 I Finsky:background: [132] playLoggingServerUrl: https://play.googleapis.com/play/log
07-23 11:28:56.909 26444 26478 D ConnectivityService: requestNetwork for uid/pid:10235/17502 activeRequest: null callbackRequest: 22255 [NetworkRequest [ REQUEST id=22256, [ Capabilities: INTERNET&NOT_RESTRICTED&TRUSTED&NOT_VCN_MANAGED&NOT_BANDWIDTH_CONSTRAINED Uid: 10235 RequestorUid: 10235 RequestorPkg: com.android.vending UnderlyingNetworks: Null] ]] callback flags: 0 order: 2147483647 isUidTracked: false declaredMethods: AVAIL|LOST|NC|LP
07-23 11:28:56.909 17502 17532 I Finsky:background: [132] playLoggingServerTimestampUrl: https://play.googleapis.com/play/log/timestamp
07-23 11:28:56.912 26444 26705 D ConnectivityService:    accepting network in place of null for NetworkRequest [ REQUEST id=22256, [ Capabilities: INTERNET&NOT_RESTRICTED&TRUSTED&NOT_VCN_MANAGED&NOT_BANDWIDTH_CONSTRAINED Uid: 10235 RequestorUid: 10235 RequestorPkg: com.android.vending UnderlyingNetworks: Null] ]
07-23 11:28:56.913 17502 17545 D ConnectivityManager: StackLog: [android.net.ConnectivityManager.sendRequestForNetwork(ConnectivityManager.java:4744)] [android.net.ConnectivityManager.sendRequestForNetwork(ConnectivityManager.java:4912)] [android.net.ConnectivityManager.registerNetworkCallback(ConnectivityManager.java:5329)] [android.net.http.internal.org.chromium.net.NetworkChangeNotifierAutoDetect$ConnectivityManagerDelegate.registerNetworkCallback(NetworkChangeNotifierAutoDetect.java:434)] [android.net.http.internal.org.chromium.net.NetworkChangeNotifierAutoDetect.register(NetworkChangeNotifierAutoDetect.java:1191)] [android.net.http.internal.org.chromium.net.NetworkChangeNotifierAutoDetect$RegistrationPolicy.register(NetworkChangeNotifierAutoDetect.java:932)] [android.net.http.internal.org.chromium.net.RegistrationPolicyAlwaysRegister.init(RegistrationPolicyAlwaysRegister.java:16)] [android.net.http.internal.org.chromium.net.NetworkChangeNotifierAutoDetect.<init>(NetworkChangeNotifierAutoDetect.java:1087)] [android.net.http.internal.org.chromium.net.NetworkChangeNotifier.setAutoDetectConnectivityStateInternal(NetworkChangeNotifier.java:223)] [android.net.http.internal.org.chromium.net.NetworkChangeNotifier.setAutoDetectConnectivityState(NetworkChangeNotifier.java:198)] [android.net.http.internal.org.chromium.net.impl.CronetLibraryLoader.initializeOnInitThread(CronetLibraryLoader.java:281)] [android.net.http.internal.org.chromium.net.impl.CronetLibraryLoader.lambda$ensureInitialized$0(CronetLibraryLoader.java:145)] [android.net.http.internal.org.chromium.net.impl.CronetLibraryLoader$$ExternalSyntheticLambda0.run(D8$$SyntheticClass:0)]
07-23 11:28:56.915 26444 26694 D WifiNetworkFactory: got request NetworkRequest [ REQUEST id=22256, [ Capabilities: INTERNET&NOT_RESTRICTED&TRUSTED&NOT_VCN_MANAGED&NOT_BANDWIDTH_CONSTRAINED Uid: 10235 RequestorUid: 10235 RequestorPkg: com.android.vending UnderlyingNetworks: Null] ]
07-23 11:28:56.916 26444 26694 D UntrustedWifiNetworkFactory: got request NetworkRequest [ REQUEST id=22256, [ Capabilities: INTERNET&NOT_RESTRICTED&TRUSTED&NOT_VCN_MANAGED&NOT_BANDWIDTH_CONSTRAINED Uid: 10235 RequestorUid: 10235 RequestorPkg: com.android.vending UnderlyingNetworks: Null] ]
07-23 11:28:56.916 26444 26705 D ConnectivityService: Rematched networks [computed 1ms] [applied 2ms] [issued 2]
07-23 11:28:56.916 26444 26705 D ConnectivityService: NetworkReassignment :
07-23 11:28:56.916 26444 26705 D ConnectivityService:   22256 : null → 523
07-23 11:28:56.918 26444 26694 D OemPaidWifiNetworkFactory: got request NetworkRequest [ REQUEST id=22256, [ Capabilities: INTERNET&NOT_RESTRICTED&TRUSTED&NOT_VCN_MANAGED&NOT_BANDWIDTH_CONSTRAINED Uid: 10235 RequestorUid: 10235 RequestorPkg: com.android.vending UnderlyingNetworks: Null] ]
07-23 11:28:56.918 26444 26694 D MultiInternetWifiNetworkFactory: got request NetworkRequest [ REQUEST id=22256, [ Capabilities: INTERNET&NOT_RESTRICTED&TRUSTED&NOT_VCN_MANAGED&NOT_BANDWIDTH_CONSTRAINED Uid: 10235 RequestorUid: 10235 RequestorPkg: com.android.vending UnderlyingNetworks: Null] ]
07-23 11:28:56.919 17502 17524 I Finsky:background: [125] IQ: 0 scheduled install statuses found to proceed. 
07-23 11:28:56.921 26444 26705 D ConnectivityService: Rematched networks [computed 1ms] [applied 1ms] [issued 2]
07-23 11:28:56.921 26444 26705 D ConnectivityService: NetworkReassignment : no changes
07-23 11:28:56.925 17502 17532 I Finsky:background: [132] playLoggingServerUrl: https://play.googleapis.com/play/log
07-23 11:28:56.925 17502 17532 I Finsky:background: [132] playLoggingServerTimestampUrl: https://play.googleapis.com/play/log/timestamp
07-23 11:28:56.934 17502 17539 I Finsky:background: [139] Resetting scheduler db
07-23 11:28:56.944 17502 17526 I Finsky:background: [127] SCH: Scheduling phonesky job Id: 3-139784, CT: 1784798715346, Constraints: [{ L: 0, D: 86400000, C: CHARGING_REQUIRED, I: IDLE_REQUIRED, N: NET_UNMETERED, B: BATTERY_ANY }]
07-23 11:28:56.944 17502 17526 I Finsky:background: [127] SCH: Scheduling phonesky job Id: 47-15, CT: 1784768490247, Constraints: [{ L: 15920075, D: 37520075, C: CHARGING_NONE, I: IDLE_REQUIRED, N: NET_NONE, B: BATTERY_ANY }]
07-23 11:28:56.944 17502 17526 I Finsky:background: [127] SCH: Scheduling phonesky job Id: 59-1, CT: 1784789137425, Constraints: [{ L: 9912832, D: 20052832, C: CHARGING_NONE, I: IDLE_NONE, N: NET_ANY, B: BATTERY_ANY }]
07-23 11:28:56.951 17502 17523 I cn_CronetLibraryLoader: Cronet version: 147.0.7727.45, arch: aarch64
07-23 11:28:56.958 17502 17526 I Finsky:background: [127] SCH: Scheduling 0 system job(s)
07-23 11:28:56.959 17502 17523 I Finsky:background: [124] CronetEngine is present. Using Cronet for the networking stack.
07-23 11:28:56.962 26224 26224 D Zygote  : Forked child process 17562
07-23 11:28:56.963 26444 26482 I ActivityManager: Start proc 17562:com.android.vending:quick_launch/u0a235 for service {com.android.vending/com.google.frameworks.client.data.android.server.play.QuickLaunchProcessEndpointService}
07-23 11:28:56.964 26444 26482 I ActivityManager: ProcessObserver broadcast disabled
07-23 11:28:56.966 17502 17550 I Finsky:background: [147] SCH: Canceling job 3-139784
07-23 11:28:56.966 17502 17550 I Finsky:background: [147] WM::SCH: Logging work end for 3-139784
07-23 11:28:56.968 17502 17523 I Finsky:background: [124] PlayInstallAPI: Play install service listener is disabled by feature flag.
07-23 11:28:56.969 17502 17524 I Finsky:background: [125] SCH: no pending jobs to schedule.
07-23 11:28:56.976 17502 17539 I Finsky:background: [139] IQ: Creating job 139786, for (REQ_CHARGING, REQ_DEVICE_IDLE, REQ_GEARHEAD_PROJECTION_OFF, NETWORK=UNMETERED, PROVISIONING_STATE=PROVISIONED, BACKUP_MANAGER_STATE=BACKUP_READY, AUTHENTICATION_REQUIRED, PROCESS_IMPORTANCE_THRESHOLD=125)
07-23 11:28:56.976 17502 17539 I Finsky:background: [139] IQ: Bulk scheduling created jobs
07-23 11:28:56.978 17562 17562 I ng:quick_launch: Using non-generational CollectorTypeCMC GC.
07-23 11:28:56.979 17502 17539 I Finsky:background: [139] SCH: Received scheduling request: Id: 3-139786, Constraints: [{ L: 0, D: 86400000, C: CHARGING_REQUIRED, I: IDLE_REQUIRED, N: NET_UNMETERED, B: BATTERY_ANY }]
07-23 11:28:56.985 17562 17562 D nativeloader: Load libframework-connectivity-tiramisu-jni.so using APEX ns com_android_tethering for caller /apex/com.android.tethering/javalib/framework-connectivity-t.jar: ok
07-23 11:28:56.987 17562 17562 D ActivityThread: setConscryptValidator
07-23 11:28:56.987 17562 17562 D ActivityThread: setConscryptValidator - put
07-23 11:28:56.994 17502 17539 D WM-PackageManagerHelper: Skipping component enablement for androidx.work.impl.background.systemjob.SystemJobService
07-23 11:28:56.994 17502 17539 D WM-Schedulers: Created SystemJobScheduler and enabled SystemJobService
07-23 11:28:56.995 17502 17526 D WM-ForceStopRunnable: Is default app process = true
07-23 11:28:56.998 17502 17526 D WM-ForceStopRunnable: Performing cleanup operations.
07-23 11:28:56.999 17562 17562 D nativeloader: Load libstats_jni.so using APEX ns com_android_os_statsd for caller /apex/com.android.os.statsd/javalib/framework-statsd.jar: ok
07-23 11:28:57.003 17562 17562 D ApplicationLoaders: Returning zygote-cached class loader: /system/framework/org.apache.http.legacy.jar
07-23 11:28:57.003 17562 17562 D ApplicationLoaders: Returning zygote-cached class loader: /system_ext/framework/androidx.window.extensions.jar
07-23 11:28:57.003 17562 17562 D ApplicationLoaders: Returning zygote-cached class loader: /system_ext/framework/androidx.window.sidecar.jar
07-23 11:28:57.010 17502 17532 I Finsky:background: [132] SSM: Start staged session task with 3 tracked staged sessions
07-23 11:28:57.016 17502 17532 I Finsky:background: [132] AMU: Is primary profile true
07-23 11:28:57.016 17502 17532 I Finsky:background: [132] AMU: Is primary profile true
07-23 11:28:57.016 17502 17532 I Finsky:background: [132] AMU: Is primary profile true
07-23 11:28:57.033 17562 17562 W ng:quick_launch: Failed to find entry 'classes.dex': Entry not found
07-23 11:28:57.034 17562 17562 W ng:quick_launch: Failed to find entry 'classes.dex': Entry not found
07-23 11:28:57.034 17562 17562 W ng:quick_launch: Failed to find entry 'classes.dex': Entry not found
07-23 11:28:57.035 17562 17562 W ng:quick_launch: Failed to find entry 'classes.dex': Entry not found
07-23 11:28:57.036 17562 17562 W ng:quick_launch: Failed to find entry 'classes.dex': Entry not found
07-23 11:28:57.036 17562 17562 W ng:quick_launch: Failed to find entry 'classes.dex': Entry not found
07-23 11:28:57.037 17562 17562 D nativeloader: Configuring clns-9 for other apk /data/app/~~vHYLOEtCJh2yuMbbnXOf8Q==/com.android.vending-v8AEjff9TdeCf7HT-eSZWA==/base.apk:/data/app/~~vHYLOEtCJh2yuMbbnXOf8Q==/com.android.vending-v8AEjff9TdeCf7HT-eSZWA==/split_config.arm64_v8a.apk:/data/app/~~vHYLOEtCJh2yuMbbnXOf8Q==/com.android.vending-v8AEjff9TdeCf7HT-eSZWA==/split_config.pt.apk:/data/app/~~vHYLOEtCJh2yuMbbnXOf8Q==/com.android.vending-v8AEjff9TdeCf7HT-eSZWA==/split_phonesky_data_loader.apk:/data/app/~~vHYLOEtCJh2yuMbbnXOf8Q==/com.android.vending-v8AEjff9TdeCf7HT-eSZWA==/split_phonesky_data_loader.config.arm64_v8a.apk:/data/app/~~vHYLOEtCJh2yuMbbnXOf8Q==/com.android.vending-v8AEjff9TdeCf7HT-eSZWA==/split_phonesky_webrtc_native_lib.apk:/data/app/~~vHYLOEtCJh2yuMbbnXOf8Q==/com.android.vending-v8AEjff9TdeCf7HT-eSZWA==/split_phonesky_webrtc_native_lib.config.arm64_v8a.apk. target_sdk_version=37, uses_libraries=, library_path=/data/app/~~vHYLOEtCJh2yuMbbnXOf8Q==/com.android.vending-v8AEjff9TdeCf7HT-eSZWA==/lib/arm64:/data/app/~~vHYLOEtCJh2yuMbbnXOf8Q==/com.and
07-23 11:28:57.046 17562 17562 V GraphicsEnvironment: Currently set values for:
07-23 11:28:57.046 17562 17562 V GraphicsEnvironment:   angle_gl_driver_selection_pkgs=[]
07-23 11:28:57.046 17562 17562 V GraphicsEnvironment:   angle_gl_driver_selection_values=[]
07-23 11:28:57.046 17562 17562 V GraphicsEnvironment: com.android.vending is not listed in per-application setting
07-23 11:28:57.046 17562 17562 V GraphicsEnvironment: ANGLE allowlist from config: com.dreamgames.royalmatch com.dts.freefiremax com.dxx.firenow com.gramgames.mergedragons com.ludo.king com.mojang.minecraftpe com.my.defense com.nintendo.zaka com.os.airforce com.playrix.fishdomdd.gplay io.teslatech.callbreak jp.konami.prospia net.peakgames.toonblast
07-23 11:28:57.046 17562 17562 V GraphicsEnvironment: com.android.vending is not listed in ANGLE allowlist or settings, returning default
07-23 11:28:57.046 17562 17562 V GraphicsEnvironment: Neither updatable production driver nor prerelease driver is supported.
07-23 11:28:57.054 17502 17526 D WM-PackageManagerHelper: Skipping component enablement for androidx.work.impl.background.systemalarm.RescheduleReceiver
07-23 11:28:57.054 17562 17562 I Finsky:quick_launch: [2] Process created at version: 52.3.32-31 [0] [PR] 949272982
07-23 11:28:57.063 17562 17562 I Finsky:quick_launch: [2] Finished reading experiment flags from file [0tGUNCGIkbk4o6-fQ335kUYSKwVj4lusnHT-A5Dsy08] numFlags=2475.
07-23 11:28:57.069 26444 26838 D NetdEventListenerService: DNS Requested by 523, 10235(com.android.vending), SUCCESS, 57ms
07-23 11:28:57.081 17562 17586 D nativeloader: Load /data/app/~~vHYLOEtCJh2yuMbbnXOf8Q==/com.android.vending-v8AEjff9TdeCf7HT-eSZWA==/split_config.arm64_v8a.apk!/lib/arm64-v8a/libmappedcountercacheversionjni.so using class loader ns clns-9 (caller=/data/app/~~vHYLOEtCJh2yuMbbnXOf8Q==/com.android.vending-v8AEjff9TdeCf7HT-eSZWA==/base.apk): ok
07-23 11:28:57.100 17562 17562 E ashmem  : Pinning is deprecated since Android Q. Please use trim or other methods.
07-23 11:28:57.105 17562 17562 I Finsky:quick_launch: [2] Finished reading experiment flags from file [bJJs4z_gY3rR88Y0F6PJK0UIxfiIKQm5lRbRXZX6Bhs] numFlags=2064.
07-23 11:28:57.109 17562 17562 I Finsky:quick_launch: [2] Finished reading experiment flags from file [cUhkN5RQdV-PgTyQ-tFu7HHpwJsOKard89Ep52zzkaY] numFlags=2064.
07-23 11:28:57.112 17562 17562 I Finsky:quick_launch: [2] Finished reading experiment flags from file [QUeiktQU8AYSoET12rEJf7XG8Dw3wlVlcI206mMsrfs] numFlags=2064.
07-23 11:28:57.114 17562 17562 I Finsky:quick_launch: [2] Finished reading experiment flags from file [GPtUezbtaY64WmehJH3nwPeodthD5u9vMmVT519V5k0] numFlags=2064.
07-23 11:28:57.115 26444 28193 I NSLocationMonitor: getGPSUsingApps() called
07-23 11:28:57.116 17562 17562 I Finsky:quick_launch: [2] Finished reading experiment flags from file [W-6l6rwamqcxIgelrkW4cMp7PAAyWSKAfXUsCNaQ3pc] numFlags=2064.
07-23 11:28:57.116 28153 29071 I NSLocationManager_FLP: getGPSUsingApps, No change
07-23 11:28:57.121 26444 26763 D BackgroundInstallControlService: Package event received: 0
07-23 11:28:57.126 17562 17562 I Finsky:quick_launch: [2] This process start was not selected for Play memory metrics collection.
07-23 11:28:57.133 26444 28193 D FreecessController: FZ : com.instagram.barcelona(10355) [24685, 16603] reason: Bg [cached:O
07-23 11:28:57.133 26444 28193 D FreecessHandler: freeze com.instagram.barcelona(10355) result : 0
07-23 11:28:57.135 26444 28193 W LocationManagerService: onFreezeStateChanged, uid[10355]=true
07-23 11:28:57.135 26444 28193 I PowerManagerService: [PWL] SetWakeLockEnableDisable uid = 10355 , disable= true
07-23 11:28:57.135 26444 28193 I PowerManagerService: [PWL] can not change uid =  10355
07-23 11:28:57.149 26444 26705 D InetDiagMessage: Destroyed 0 sockets, proto=IPPROTO_TCP, family=AF_INET, states=14
07-23 11:28:57.150 26444 26705 D InetDiagMessage: Destroyed 0 sockets, proto=IPPROTO_TCP, family=AF_INET6, states=14
07-23 11:28:57.150 26444 26705 D InetDiagMessage: Destroyed live tcp sockets for uids={10355} in 2ms
07-23 11:28:57.151 26444 26705 D InetDiagMessage: Destroyed 0 sockets, proto=IPPROTO_TCP, family=AF_INET, states=14
07-23 11:28:57.152 26444 26705 D InetDiagMessage: Destroyed 0 sockets, proto=IPPROTO_TCP, family=AF_INET6, states=14
07-23 11:28:57.152 26444 26705 D InetDiagMessage: Destroyed live tcp sockets for uids={20355} in 3ms
07-23 11:28:57.161 17562 17594 I Finsky:quick_launch: [126] Subscription detail: DataSubscriptionInfo{groupIdLevel1=null, serviceProviderName=[iB8If8q38we4MDuXpbhCj5wCjViG-QBJvbzoV5gXFAY], simCarrierId=1635}
07-23 11:28:57.163 17562 17562 I Finsky:quick_launch: [2] onSubscriptionsChanged
07-23 11:28:57.171 17562 17594 I Finsky:quick_launch: [126] Finished reading experiment flags from file [Se-xCc4LzNyh3UrKMIU2sUf-PUKz4oQEbpKZDMuaFno] numFlags=2052.
07-23 11:28:57.171 17562 17594 I Finsky:quick_launch: [126] playLoggingServerUrl: https://play.googleapis.com/play/log
07-23 11:28:57.171 17562 17594 I Finsky:quick_launch: [126] playLoggingServerTimestampUrl: https://play.googleapis.com/play/log/timestamp
07-23 11:28:57.186 17562 17594 I Finsky:quick_launch: [126] playLoggingServerUrl: https://play.googleapis.com/play/log
07-23 11:28:57.186 17562 17594 I Finsky:quick_launch: [126] playLoggingServerTimestampUrl: https://play.googleapis.com/play/log/timestamp
07-23 11:28:57.186  1303  1313 E thermal_core: find_tz_idx_by_name:"Failed to find thermal zone index of mtk-master-charger\n"
07-23 11:28:57.187 17562 17598 I PlayCommon: [130] Preparing logs for uploading
07-23 11:28:57.196 26444 26765 I ChimeraPolicyHandler: onPsiMonitorTriggered() - psiLevel: 0
07-23 11:28:57.197 26444 26765 I ChimeraAggressivePolicyHandler: executePolicy() - triggerSource: TRIGGER_SOURCE_PSI_MEM_MONITOR
07-23 11:28:57.198 17562 17598 I PlayCommon: [130] Connecting to server for timestamp: https://play.googleapis.com/play/log/timestamp
07-23 11:28:57.198 26444 26765 I ChimeraAggressivePolicyHandler: available memory: 855204, free memory target: 747520, quit chimera
07-23 11:28:57.203 17562 17594 I Finsky:quick_launch: [126] playLoggingServerUrl: https://play.googleapis.com/play/log
07-23 11:28:57.203 17562 17594 I Finsky:quick_launch: [126] playLoggingServerTimestampUrl: https://play.googleapis.com/play/log/timestamp
07-23 11:28:57.207 26444 26838 D NetdEventListenerService: DNS Requested by 523, 10235(com.android.vending), SUCCESS, 3ms
07-23 11:28:57.216 17562 17594 I Finsky:quick_launch: [126] playLoggingServerUrl: https://play.googleapis.com/play/log
07-23 11:28:57.217 17562 17594 I Finsky:quick_launch: [126] playLoggingServerTimestampUrl: https://play.googleapis.com/play/log/timestamp
07-23 11:28:57.228 17562 17594 I Finsky:quick_launch: [126] playLoggingServerUrl: https://play.googleapis.com/play/log
07-23 11:28:57.228 17562 17594 I Finsky:quick_launch: [126] playLoggingServerTimestampUrl: https://play.googleapis.com/play/log/timestamp
07-23 11:28:57.237 17562 17594 I Finsky:quick_launch: [126] playLoggingServerUrl: https://play.googleapis.com/play/log
07-23 11:28:57.237 17562 17594 I Finsky:quick_launch: [126] playLoggingServerTimestampUrl: https://play.googleapis.com/play/log/timestamp
07-23 11:28:57.379  1146  1195 E BatteryDump: !@new_battery_dump : 3888,1382,1900,3150,21,311,314,411,0,0,354,411,0,Charging,NO_CHARGING,Normal,Good,USB,1,Normal,0,0,10200,0x8000,0x10010000,0x0,0,0,0000,0000,00000000,0,0,0,0,191,3750,2110,990,0,
07-23 11:28:57.382 26250 26250 I seh_thermal_service: getTemperaturesWithType SehTemperatureType: 3
07-23 11:28:57.383  1146  1146 I sehhealth-service: updateLrpSysfs: write: 353
07-23 11:28:57.384 26444 28541 D [SS]BattFunctions: [sendRemainingChargingTimeChangedIntent]remainingChargingTime:7932 ,mLastRemainingChargingTime:7943
07-23 11:28:57.391 27263 27263 D PowerUI : Remaining charging time : 7932
07-23 11:28:57.392 27263 27263 D PowerUI : Charging time is changed, check charging notification
07-23 11:28:57.397 27263 27263 D PowerUI.Notification: showChargingNotice - Battery Level : 21 -> 21, Charging Type : 11 -> 11, Charging Time : 7943 -> 7932, Maximum protection : false -> false, Maximum threshold : 80 -> 80
07-23 11:28:57.400 27263 27263 I NotificationManager: com.android.systemui: notify(2131364006, charging_state, Notification(channel=CHR shortcut=null contentView=null vibrate=null sound=null defaults=0 flags=ONGOING_EVENT|ONLY_ALERT_ONCE color=0x00000000 category=sys groupKey=CHARGING vis=PUBLIC semFlags=0x0 semPriority=0 semMissedCount=0)) as user
07-23 11:28:57.403 26444 26478 W PermissionService: getPermissionFlags: Unknown user -1
07-23 11:28:57.403 26444 26478 W PermissionService: getPermissionFlags: Unknown user -1
07-23 11:28:57.406 27263 27263 I AODBatteryManager: updateBatteryData: ACTION_BATTERY_CHANGED: false, isSleepModeChanged:false ,isRemainingTimeChanged: true, isUSBRestriction: false
07-23 11:28:57.407 27263 27263 I ChargingInfoManager: updateChargingInfo: newState = AOD ChargingInfo [mState=BATTERY_AND_REMAIN_TIME, mIsCharging=true, mIsPlugged=true, mIsFullyCharged=false, mIsBatteryProtectMode=false, mBetteryLevel=21, mBetteryProtectModeType0, mIsSlowChargingfalse], oldState = AOD ChargingInfo [mState=BATTERY_AND_REMAIN_TIME, mIsCharging=true, mIsPlugged=true, mIsFullyCharged=false, mIsBatteryProtectMode=false, mBetteryLevel=21, mBetteryProtectModeType0, mIsSlowChargingfalse]
07-23 11:28:57.432 28457 28457 I SDHMS:LOAD: type: LoadsFreqs, value: 0:0:0:832500:2200000:725000:795999:2000000:500000:0:0:0
07-23 11:28:57.517 12187 12392 E msys    : E[N mns:DGWClient]_LogError(328)=>Failed to resolve using system DNS resolver, getaddrinfo(): No address associated with hostname
07-23 11:28:57.516 26444 26838 D NetdEventListenerService: DNS Requested by 523, 10328(com.instagram.android), 4(FAIL), isBlocked=true, 0ms
07-23 11:28:57.562 17502 17517 I Finsky:background: [118] WM::SCH: Logging work initialize for 3-139786
07-23 11:28:57.569 26885 27014 D SatelliteController: isInCarrierRoamingNbIotNtn: satellite is disabled
07-23 11:28:57.570 17502 17524 I Finsky:background: [125] SCH: Scheduling phonesky job Id: 3-139786, CT: 1784798936979, Constraints: [{ L: 0, D: 86400000, C: CHARGING_REQUIRED, I: IDLE_REQUIRED, N: NET_UNMETERED, B: BATTERY_ANY }]
07-23 11:28:57.576 17502 17526 I Finsky:background: [127] SCH: Scheduling 0 system job(s)
07-23 11:28:57.610 26444 26444 I Telecom : SamsungTelecomServiceImpl : isInManagedCall - callingPackage : android / callingUser : UserHandle{0} / hasCrossUserAccess : true
07-23 11:28:57.639 27776 30863 I HoneySpace.NotificationListener: onNotificationPosted com.android.systemui: -1|com.android.systemui|2131364006|charging_state|10063: 0
07-23 11:28:57.639 27776 30863 I HoneySpace.NotificationListener: invalid notification: com.android.systemui UserHandle{-1}: canShowBadge is false
07-23 11:28:57.647  1179  1228 I VSyncReactor: Current= 90, Period= 90, hwcPeriod= 90
07-23 11:28:57.668 27263 27263 I LockscreenNotificationIconsOnlyController: onNotificationInfoUpdated 0
07-23 11:28:57.668 27263 27263 I AODNotificationManager: updateNotification() 
07-23 11:28:57.691  1179  1179 I BufferQueueProducer: [StatusBar$_27263#120127](this:0xb400007558096638,id:-1,api:0,p:-1,c:1179) queueBuffer: fps=0.81 dur=1232.99 max=1232.99 min=1232.99
07-23 11:28:57.696  1116  1472 I hwcomposer: [HWCDisplay] (0 updateFps():4131), (type:1, mode:2) fps:1.624002,dur:1231.53,max:1142.04,min:89.48  
07-23 11:28:57.699  1179  1540 I SurfaceFlinger: Capture layer list: 	 com.android.vending/com.android.vending.AssetBrowserActivity$_10095#133090(seamlessTransition:0)
07-23 11:28:57.699  1179  1540 I SurfaceFlinger: Capture layer list: 	 Dim Layer for - Task=1040#133108(seamlessTransition:0)
07-23 11:28:57.699  1179  1540 I SurfaceFlinger: Capture layer list: 	 com.samsung.android.lool/com.samsung.android.sm.iafd.dialog.AppErrorDialogActivity$_17066#133103(seamlessTransition:0)
07-23 11:28:57.756  1116  1495 I hwcomposer: [HWC] (0)fire a callback of refresh to SF[4]  
07-23 11:28:57.761  1137  1156 I mtkpower@impl: [setMode] type:6, enabled:1
07-23 11:28:57.761  1137  1156 E mtkpower@impl: [setMode] unknown type
07-23 11:28:57.765  1179  1179 I BufferQueueProducer: [FramebufferSurface](this:0xb40000757f2f0370,id:-1,api:1,p:1179,c:1179) queueBuffer: fps=0.82 dur=1212.21 max=1212.21 min=1212.21
07-23 11:28:57.803  1179  1540 I SurfaceFlinger: Capture layer list: 	 com.android.vending/com.android.vending.AssetBrowserActivity$_10095#133090(seamlessTransition:0)
07-23 11:28:57.803  1179  1540 I SurfaceFlinger: Capture layer list: 	 Dim Layer for - Task=1040#133108(seamlessTransition:0)
07-23 11:28:57.803  1179  1540 I SurfaceFlinger: Capture layer list: 	 com.samsung.android.lool/com.samsung.android.sm.iafd.dialog.AppErrorDialogActivity$_17066#133103(seamlessTransition:0)
07-23 11:28:57.833 27263 27263 D Bubbles : onEntryUpdated : shouldBubbleUp=false ,key=-1|com.android.systemui|2131364006|charging_state|10063
07-23 11:28:57.834 27263 27263 D InterruptionStateProvider:  no Heads up : edgelighting enabled app. -1|com.android.systemui|2131364006|charging_state|10063
07-23 11:28:57.834 27263 27263 I {OngoingActivityController}: onEntryUpdated and OA data is empty. So update latest task info
07-23 11:28:57.837  1137  1156 I mtkpower@impl: [setMode] type:6, enabled:0
07-23 11:28:57.838  1137  1156 E mtkpower@impl: [setMode] unknown type
07-23 11:28:57.845 26885 27014 D SatelliteController: isInCarrierRoamingNbIotNtn: satellite is disabled
07-23 11:28:57.864 27263 27263 W RefactorFlag: New code path expects SceneContainerFlag to be enabled.
07-23 11:28:57.864 27263 27263 D ExpandableNotifRow: mMaxSmallHeight different before reInflateViews mMaxSmallHeight: 203 mTempSmallHeight:0 -1|com.android.systemui|2131364006|charging_state|10063
07-23 11:28:57.864 27263 27263 D ExpandableNotifRow: mMaxSmallHeight different before reInflateViews mMaxSmallHeight: 203 mTempSmallHeight:0 -1|com.android.systemui|2131364006|charging_state|10063
07-23 11:28:57.871 27263 27263 I LockscreenNotificationIconsOnlyController: onNotificationInfoUpdated 0
07-23 11:28:57.871 27263 27263 I AODNotificationManager: updateNotification() 
07-23 11:28:57.881 27263 27803 D LocalImageResolver: Couldn't use ImageDecoder for drawable, falling back to non-resized load.
07-23 11:28:57.884 27263 27803 D LocalImageResolver: Couldn't use ImageDecoder for drawable, falling back to non-resized load.
07-23 11:28:57.888 27263 27263 D LocalImageResolver: Couldn't use ImageDecoder for drawable, falling back to non-resized load.
07-23 11:28:57.891 17562 17598 I PlayCommon: [130] Connecting to server: https://play.googleapis.com/play/log?format=raw&proto_v2=true
07-23 11:28:57.899 27263 27263 W RefactorFlag: New code path expects SceneContainerFlag to be enabled.
07-23 11:28:57.902  1179  1540 I SurfaceFlinger: Capture layer list: 	 com.android.vending/com.android.vending.AssetBrowserActivity$_10095#133090(seamlessTransition:0)
07-23 11:28:57.902  1179  1540 I SurfaceFlinger: Capture layer list: 	 Dim Layer for - Task=1040#133108(seamlessTransition:0)
07-23 11:28:57.902  1179  1540 I SurfaceFlinger: Capture layer list: 	 com.samsung.android.lool/com.samsung.android.sm.iafd.dialog.AppErrorDialogActivity$_17066#133103(seamlessTransition:0)
07-23 11:28:57.914 27263 27263 D ExpandableNotifRow: mMaxSmallHeight different before reInflateViews mMaxSmallHeight: 203 mTempSmallHeight:0 -1|com.android.systemui|2131364006|charging_state|10063
07-23 11:28:57.914 27263 27263 D ExpandableNotifRow: mMaxSmallHeight different before reInflateViews mMaxSmallHeight: 203 mTempSmallHeight:0 -1|com.android.systemui|2131364006|charging_state|10063
07-23 11:28:57.914 27263 27263 D ExpandableNotifRow: mMaxSmallHeight different before reInflateViews mMaxSmallHeight: 203 mTempSmallHeight:0 -1|com.android.systemui|2131364006|charging_state|10063
07-23 11:28:57.914 27263 27263 D ExpandableNotifRow: mMaxSmallHeight different before reInflateViews mMaxSmallHeight: 203 mTempSmallHeight:0 -1|com.android.systemui|2131364006|charging_state|10063
07-23 11:28:57.917 27263 27263 D LocalImageResolver: Couldn't use ImageDecoder for drawable, falling back to non-resized load.
07-23 11:28:57.923  1116  1495 I hwcomposer: [HWC] (0)fire a callback of refresh to SF[4]  
07-23 11:28:57.926 27263 27263 W RefactorFlag: New code path expects SceneContainerFlag to be enabled.
07-23 11:28:57.926 27263 27263 D ExpandableNotifRow: mMaxSmallHeight different before reInflateViews mMaxSmallHeight: 203 mTempSmallHeight:0 -1|com.android.systemui|2131364006|charging_state|10063
07-23 11:28:57.926 27263 27263 D ExpandableNotifRow: mMaxSmallHeight different before reInflateViews mMaxSmallHeight: 203 mTempSmallHeight:0 -1|com.android.systemui|2131364006|charging_state|10063
07-23 11:28:57.929 27263 27263 I LockscreenNotificationIconsOnlyController: onNotificationInfoUpdated 0
07-23 11:28:57.929 27263 27263 I AODNotificationManager: updateNotification() 
07-23 11:28:57.939  1137  1156 I mtkpower@impl: [setMode] type:6, enabled:1
07-23 11:28:57.939  1137  1156 E mtkpower@impl: [setMode] unknown type
07-23 11:28:57.949  1137  1156 I mtkpower@impl: [setMode] type:6, enabled:0
07-23 11:28:57.949  1137  1156 E mtkpower@impl: [setMode] unknown type
07-23 11:28:58.004  1179  1540 I SurfaceFlinger: Capture layer list: 	 com.android.vending/com.android.vending.AssetBrowserActivity$_10095#133090(seamlessTransition:0)
07-23 11:28:58.004  1179  1540 I SurfaceFlinger: Capture layer list: 	 Dim Layer for - Task=1040#133108(seamlessTransition:0)
07-23 11:28:58.004  1179  1540 I SurfaceFlinger: Capture layer list: 	 com.samsung.android.lool/com.samsung.android.sm.iafd.dialog.AppErrorDialogActivity$_17066#133103(seamlessTransition:0)
07-23 11:28:58.024  1116  1495 I hwcomposer: [HWC] (0)fire a callback of refresh to SF[4]  
07-23 11:28:58.041  1137  1156 I mtkpower@impl: [setMode] type:6, enabled:1
07-23 11:28:58.041  1137  1156 E mtkpower@impl: [setMode] unknown type
07-23 11:28:58.058  1179  1228 I VSyncReactor: Current= 90, Period= 90, hwcPeriod= 90
07-23 11:28:58.104  1179  1540 I SurfaceFlinger: Capture layer list: 	 com.android.vending/com.android.vending.AssetBrowserActivity$_10095#133090(seamlessTransition:0)
07-23 11:28:58.105  1179  1540 I SurfaceFlinger: Capture layer list: 	 Dim Layer for - Task=1040#133108(seamlessTransition:0)
07-23 11:28:58.105  1179  1540 I SurfaceFlinger: Capture layer list: 	 com.samsung.android.lool/com.samsung.android.sm.iafd.dialog.AppErrorDialogActivity$_17066#133103(seamlessTransition:0)
07-23 11:28:58.107  1137  1156 I mtkpower@impl: [setMode] type:6, enabled:0
07-23 11:28:58.108  1137  1156 E mtkpower@impl: [setMode] unknown type
07-23 11:28:58.129 17562 17598 I PlayCommon: [130] Successfully uploaded logs.
07-23 11:28:58.135 26444 28193 E FreecessController: can't read /proc/24685/comm/proc/24685/comm: open failed: ENOENT (No such file or directory)
07-23 11:28:58.152 10095 17493 I Finsky  : [591] SCH: jobFinished: 16-16161616. TimeElapsed: 3335ms.
07-23 11:28:58.153 10095 17493 I Finsky  : [591] WM::SCH: Logging work end for 16-16161616
07-23 11:28:58.162   580   580 D io_stats: !@   8,32 r 380892129 7529769192 w 36072530 346258852 d 4489908 279654324 f 6744336 4391078 iot 60718568 0 th 0 0 0 pt 0 inp 1 0 499144.671
07-23 11:28:58.172 10095 10121 I Finsky  : [120] SCH: Scheduling phonesky job Id: 26-1414141414, CT: 1784786537635, Constraints: [{ L: 43200000, D: 44100000, C: CHARGING_NONE, I: IDLE_NONE, N: NET_NONE, B: BATTERY_ANY }]
07-23 11:28:58.173 10095 10121 I Finsky  : [120] SCH: Scheduling phonesky job Id: 50-1029, CT: 1784798787019, Constraints: [{ L: 43163987, D: 44963987, C: CHARGING_NONE, I: IDLE_NONE, N: NET_NONE, B: BATTERY_ANY }]
07-23 11:28:58.182 10095 10124 I Finsky  : [122] SCH: Scheduling 1 system job(s)
07-23 11:28:58.182 10095 10124 W JobInfo : Job 'com.android.vending/com.google.android.finsky.scheduler.process.mainimpl.PhoneskyJobServiceMain#9850' has a deadline with no functional constraints. The deadline won't improve job execution latency. Consider removing the deadline.
07-23 11:28:58.182 10095 10124 I Finsky  : [122] SCH: Scheduling system job Id: 9850, L: 30799453, D: 31699453, C: false, I: false, N: 0
07-23 11:28:58.184 26444 26478 W JobInfo : Job 'com.android.vending/com.google.android.finsky.scheduler.process.mainimpl.PhoneskyJobServiceMain#9850' has a deadline with no functional constraints. The deadline won't improve job execution latency. Consider removing the deadline.
07-23 11:28:58.189  1303  1313 E thermal_core: find_tz_idx_by_name:"Failed to find thermal zone index of mtk-master-charger\n"
07-23 11:28:58.198 10095 17490 I Finsky  : [588] SCH: job service finished with id 9847.
07-23 11:28:58.320 26444 26838 D NetdEventListenerService: DNS Requested by 523, 10328(com.instagram.android), 4(FAIL), isBlocked=true, 0ms
07-23 11:28:58.324 12187 12392 E msys    : E[N mns:DGWClient]_LogError(328)=>Failed to resolve using system DNS resolver, getaddrinfo(): No address associated with hostname
07-23 11:28:58.855 26885 27014 D SatelliteController: isInCarrierRoamingNbIotNtn: satellite is disabled
07-23 11:28:59.074 27612 27951 I ScanController: onScanResult to scannerId: 4- eventType=0x1b, addressType=1, address=XX:XX:XX:XX:9A:C7, primaryPhy=1, secondaryPhy=0, advertisingSid=0xff, txPower=127, rssi=-96, periodicAdvInt=0x0
07-23 11:28:59.080  4742 15399 I NearbyDiscovery: (REDACTED) BloomFilterAdvManager: Detected bloom filter but too far away, ignoring. %sm, %s
07-23 11:28:59.125 26885 27014 D SatelliteController: isInCarrierRoamingNbIotNtn: satellite is disabled
07-23 11:28:59.128  1377 31475 D AALLightSensor: oldLux=61 [SA:-1 LA:-1] newLux=61 (oriLux: 57)
07-23 11:28:59.131 27612 27951 I ScanController: onScanResult to scannerId: 4- eventType=0x1b, addressType=1, address=XX:XX:XX:XX:C4:A0, primaryPhy=1, secondaryPhy=0, advertisingSid=0xff, txPower=127, rssi=-92, periodicAdvInt=0x0
07-23 11:28:59.137  4742 15399 I NearbyDiscovery: (REDACTED) BloomFilterAdvManager: Detected bloom filter but too far away, ignoring. %sm, %s
07-23 11:28:59.191  1303  1313 E thermal_core: find_tz_idx_by_name:"Failed to find thermal zone index of mtk-master-charger\n"
07-23 11:28:59.430 26444 29009 D SemWifiUsabilityStatsMonitor: onWifiUsabilityStats - seqNum 4902, isSameBssidAndFreq true
07-23 11:28:59.433 26444 26788 I SemWifiLinkQualityMonitor: Link stat: 0 / 0 / 1,00 (28) / 72 / -61.0 || 100.0 : 72,00 / B (B) || 8d02cc192462: 0,214 / 37,389 / D || N N / 0 0 / Y 2.0 / Y X 0 / 499145940 0 || Invalid
07-23 11:28:59.963 26942 20746 D IpClient/wlan0: interfaceLinkStateChanged: ifindex 53 up
07-23 11:29:00.007 27263 27794 D QSClockBellTower: onReceive(android.intent.action.TIME_TICK) mTimeZoneString:Africa/Maputo
07-23 11:29:00.007 27263 27263 D ClockFaceEvents: onTimeTick. callers : com.android.keyguard.ClockEventController$keyguardUpdateMonitorCallback$1.refreshTime:19
07-23 11:29:00.007 27263 27263 D ClockFaceEvents: com.android.keyguard.ClockEventController$keyguardUpdateMonitorCallback$1.onTimeChanged:1
07-23 11:29:00.007 27263 27263 D ClockFaceEvents: com.android.keyguard.KeyguardUpdateMonitor$16.handleMessage:732
07-23 11:29:00.008 27263 27263 D ClockFaceEvents: onTimeTick. callers : com.android.keyguard.ClockEventController$keyguardUpdateMonitorCallback$1.refreshTime:38
07-23 11:29:00.008 27263 27263 D ClockFaceEvents: com.android.keyguard.ClockEventController$keyguardUpdateMonitorCallback$1.onTimeChanged:1
07-23 11:29:00.008 27263 27263 D ClockFaceEvents: com.android.keyguard.KeyguardUpdateMonitor$16.handleMessage:732
07-23 11:29:00.008 27263 27263 D FaceWidgetPagesController: onTimeChanged()
07-23 11:29:00.008 27263 27794 I DateTimeView: updateAll - getTimeFormat
07-23 11:29:00.009 26444 26444 I EyeComfortSolutionService: action  :  android.intent.action.TIME_TICK
07-23 11:29:00.009 27263 27263 D QSClockBellTower: He is ready to ring the bell. (((QSClockBellSound - TimeText:11:29, TimeContentDescription:11:29, DateText:quinta, 23 de julho, ShortDateText:quinta, 23/07, Demo:false)))
07-23 11:29:00.010 27263 27263 D QSClock : StatusBar clock=11:29 notifyTimeChanged(QSClockBellSound - TimeText:11:29, TimeContentDescription:11:29, DateText:quinta, 23 de julho, ShortDateText:quinta, 23/07, Demo:false) clockVisibleByPolicy=true, clockVisibleByUser=true, visible=true, parent=android.widget.LinearLayout{4ec7961 V.E...... ......ID 0,0-96,72 #7f0a069b app:id/left_clock_container} caller=com.android.systemui.statusbar.phone.fragment.CollapsedStatusBarFragment.animateShow:52 com.android.systemui.statusbar.phone.fragment.CollapsedStatusBarFragment.updateStatusBarVisibilitiesInner:230 com.android.systemui.statusbar.phone.fragment.CollapsedStatusBarFragment.updateStatusBarVisibilities:65 com.android.systemui.statusbar.phone.fragment.CollapsedStatusBarFragment.disable:71 com.android.systemui.statusbar.CommandQueue$H.handleMessage:2997  
07-23 11:29:00.010 27263 27263 D QSClockBellTower: Everyone heard the bell. run(currentTime:1784798940009, getTime():Thu Jul 23 11:29:00 GMT+02:00 2026, getTimeZone():libcore.util.ZoneInfo[mDstSavings=0,mUseDst=false,mDelegate=[id="Africa/Maputo",mRawOffset=7200000,mEarliestRawOffset=7818000,transitions=1]])
07-23 11:29:00.013  1179  1228 I VSyncReactor: Current= 90, Period= 90, hwcPeriod= 90
07-23 11:29:00.021 27263 27263 W RefactorFlag: New code path expects SceneContainerFlag to be enabled.
07-23 11:29:00.036  1179  1179 I BufferQueueProducer: [StatusBar$_27263#120127](this:0xb400007558096638,id:-1,api:0,p:-1,c:1179) queueBuffer: fps=1.28 dur=2344.74 max=2089.83 min=66.71
07-23 11:29:00.042  1116  1472 I hwcomposer: [HWCDisplay] (0 updateFps():4131), (type:1, mode:2) fps:2.558478,dur:2345.14,max:1996.10,min:7.48  
07-23 11:29:00.045  1179  1540 I SurfaceFlinger: Capture layer list: 	 com.android.vending/com.android.vending.AssetBrowserActivity$_10095#133090(seamlessTransition:0)
07-23 11:29:00.045  1179  1540 I SurfaceFlinger: Capture layer list: 	 Dim Layer for - Task=1040#133108(seamlessTransition:0)
07-23 11:29:00.045  1179  1540 I SurfaceFlinger: Capture layer list: 	 com.samsung.android.lool/com.samsung.android.sm.iafd.dialog.AppErrorDialogActivity$_17066#133103(seamlessTransition:0)
07-23 11:29:00.131  1116  1495 I hwcomposer: [HWC] (0)fire a callback of refresh to SF[4]  
07-23 11:29:00.136 26885 27014 D SatelliteController: isInCarrierRoamingNbIotNtn: satellite is disabled
07-23 11:29:00.139  1137  1156 I mtkpower@impl: [setMode] type:6, enabled:1
07-23 11:29:00.140  1137  1156 E mtkpower@impl: [setMode] unknown type
07-23 11:29:00.143  1179  1179 I BufferQueueProducer: [FramebufferSurface](this:0xb40000757f2f0370,id:-1,api:1,p:1179,c:1179) queueBuffer: fps=1.26 dur=2377.89 max=2098.63 min=103.64
07-23 11:29:00.146  1179  1540 I SurfaceFlinger: Capture layer list: 	 com.android.vending/com.android.vending.AssetBrowserActivity$_10095#133090(seamlessTransition:0)
07-23 11:29:00.146  1179  1540 I SurfaceFlinger: Capture layer list: 	 Dim Layer for - Task=1040#133108(seamlessTransition:0)
07-23 11:29:00.146  1179  1540 I SurfaceFlinger: Capture layer list: 	 com.samsung.android.lool/com.samsung.android.sm.iafd.dialog.AppErrorDialogActivity$_17066#133103(seamlessTransition:0)
07-23 11:29:00.164   580   580 D io_stats: !@   8,32 r 380892133 7529769236 w 36072546 346258936 d 4489908 279654324 f 6744336 4391078 iot 60718588 0 th 0 0 0 pt 0 inp 1 0 499146.672
07-23 11:29:00.164   580   580 D io_stats: !@ Read_top(KB): ding:background:high(17502) 34124 kworker/u32:0:/(6917) 3336 kworker/u32:1:/(10612) 2236
07-23 11:29:00.165   580   580 D io_stats: !@ Write_top(KB): ding:background:high(17502) 184 android.vending:high(10095) 84 sait.sohservice:low(16432) 32
07-23 11:29:00.195  1303  1313 E thermal_core: find_tz_idx_by_name:"Failed to find thermal zone index of mtk-master-charger\n"
07-23 11:29:00.213  1137  1156 I mtkpower@impl: [setMode] type:6, enabled:0
07-23 11:29:00.213  1137  1156 E mtkpower@impl: [setMode] unknown type
07-23 11:29:00.943 26231  3372 W aurisys_controller: aurisys_get_parameter(), adb_cmd->adb_cmd_type 7 fail, need active handler!
07-23 11:29:00.943 26231  3372 D AudioALSAHardware: -getParameters(), return "g_hw_speaker_amp_temp_spk=GET_FAIL"
07-23 11:29:00.947 28457 30315 I SDHMS:x : SIOP:: AP:376 BAT:312 USB:314 CHG:412 PA:355 WIFI:353 BLK:0 SUBBAT:0 SKIN:353 SKINF:350 SKINB:353 LRP2:353 LRF2:350 LRB2:353 SPK:313 AP2:351 CHG2:353 MEM2:351 WIFI2:350 DNSPK:300 VAP:392 AVGCUR:1752 AVGSYS:0 POWER:6813
07-23 11:29:00.948 28457 30315 I AudioManager: setParameters keyValuePairs = g_hw_speaker_amp_temp_spk=313
07-23 11:29:00.950 26225 29483 D AudioFlinger: setParameters: filtered dev setParameters keyvalue g_hw_speaker_amp_temp_spk=313
07-23 11:29:00.952 26230 26230 D Audio_ParameterParser: parseVendorParameters: scope: MODULE, keys/values: g_hw_speaker_amp_temp_spk=313
07-23 11:29:00.954 26231  3372 D AudioALSAHardware: +setParameters(): g_hw_speaker_amp_temp_spk=313
07-23 11:29:00.955 26231  3372 W aurisys_controller: lib_name smartpa_aw88xxx, scene 9, no active handler!!
07-23 11:29:00.955 26231  3372 D AudioALSAHardware: -setParameters(): g_hw_speaker_amp_temp_spk=313
07-23 11:29:00.956 26230 26230 D Audio_ParameterParser: parseVendorParameters: scope: MODULE, keys/values: g_hw_speaker_amp_temp_spk=313
07-23 11:29:00.959 26230 26230 D Audio_ParameterParser: parseVendorParameters: scope: MODULE, keys/values: g_hw_speaker_amp_temp_spk=313
07-23 11:29:00.960 26231  3372 D AHAL_ModuleBluetooth: setVendorParameters unrecognized parameter: g_hw_speaker_amp_temp_spk=313
07-23 11:29:01.201  1303  1313 E thermal_core: find_tz_idx_by_name:"Failed to find thermal zone index of mtk-master-charger\n"
07-23 11:29:01.417 26885 27014 D SatelliteController: isInCarrierRoamingNbIotNtn: satellite is disabled
07-23 11:29:01.689 26885 27014 D SatelliteController: isInCarrierRoamingNbIotNtn: satellite is disabled
07-23 11:29:01.906  4742 17447 I NearbyMediums: No BLE Fast/GATT advertisements found in the latest cycle.
07-23 11:29:01.906  4742 17447 I NearbyMediums: Current Tracked Scanning Clients are : {NearbyConnections.EnvironmentMonitor, NearbySharing, NearbyConnections.TxAdvertisement}
07-23 11:29:01.977 26874 26874 I wpa_supplicant: Heartbeat 5206
07-23 11:29:02.168   580   580 D io_stats: !@   8,32 r 380892138 7529769256 w 36072594 346259172 d 4489908 279654324 f 6744336 4391078 iot 60718616 0 th 0 0 0 pt 0 inp 0 0 499148.676
07-23 11:29:02.203  1303  1313 E thermal_core: find_tz_idx_by_name:"Failed to find thermal zone index of mtk-master-charger\n"
07-23 11:29:02.204  1303  1313 E thermal_core: find_tz_idx_by_name:"Failed to find thermal zone index of camera0\n"
07-23 11:29:02.204  1303  1313 E thermal_core: find_tz_idx_by_name:"Failed to find thermal zone index of mtk-master-charger\n"
07-23 11:29:02.204  1303  1313 E thermal_core: find_tz_idx_by_name:"Failed to find thermal zone index of nrpa_ntc\n"
07-23 11:29:02.204  1303  1313 E thermal_core: dump_thermal_log:"Error: sccanf error, ret=9\n"
07-23 11:29:02.205  1303  1313 E thermal_core: node_read:"Failed to read /sys/class/thermal/thermal_zone2/temp: No data available\n"
07-23 11:29:02.206  1303  1313 I thermal_core: "soc/nr/lte/ap_ntc/tpcb/conn/chg/cam/c_ttj/g_ttj/a_ttj=0/-274000/36631/72428/46000/37000/-274000/-274000/55000/55000/55000\n"
07-23 11:29:02.206  1303  1313 I thermal_core: "[C(l)(c)(i)][G(l)(c)][A(l)(c)][TH][D]=[(2000/2200/666666)(500/725/6666)(0x0)][(666666)(666666)][(666666666)(666666666)][0][1600]\n"
07-23 11:29:02.206  1303  1313 E thermal_core: node_read:"Failed to open /sys/kernel/helio-dvfsrc/dvfsrc_therm_info: No such file or directory\n"
07-23 11:29:02.206  1303  1313 I thermal_core: "1600"
07-23 11:29:02.448 26444 29009 D SemWifiUsabilityStatsMonitor: onWifiUsabilityStats - seqNum 4903, isSameBssidAndFreq true
07-23 11:29:02.452 27263 27533 D Tile.WifiTile: handleUpdateState isTransient=false transientEnabling =false cb.isTransient=false state.state = 2 mStateBeforeClick.value =false enabled =true
07-23 11:29:02.458  1179  1557 I VSyncReactor: Current= 90, Period= 90, hwcPeriod= 90
07-23 11:29:02.482  1179  1179 I BufferQueueProducer: [StatusBar$_27263#120127](this:0xb400007558096638,id:-1,api:0,p:-1,c:1179) queueBuffer: fps=0.41 dur=2445.35 max=2445.35 min=2445.35
07-23 11:29:02.489  1116  1472 I hwcomposer: [HWCDisplay] (0 updateFps():4131), (type:1, mode:2) fps:0.817245,dur:2447.25,max:2344.87,min:102.37  
07-23 11:29:02.492  1179  1540 I SurfaceFlinger: Capture layer list: 	 com.android.vending/com.android.vending.AssetBrowserActivity$_10095#133090(seamlessTransition:0)
07-23 11:29:02.492  1179  1540 I SurfaceFlinger: Capture layer list: 	 Dim Layer for - Task=1040#133108(seamlessTransition:0)
07-23 11:29:02.492  1179  1540 I SurfaceFlinger: Capture layer list: 	 com.samsung.android.lool/com.samsung.android.sm.iafd.dialog.AppErrorDialogActivity$_17066#133103(seamlessTransition:0)
07-23 11:29:02.576  1116  1495 I hwcomposer: [HWC] (0)fire a callback of refresh to SF[4]  
07-23 11:29:02.583  1137  1156 I mtkpower@impl: [setMode] type:6, enabled:1
07-23 11:29:02.584  1137  1156 E mtkpower@impl: [setMode] unknown type
07-23 11:29:02.587  1179  1179 I BufferQueueProducer: [FramebufferSurface](this:0xb40000757f2f0370,id:-1,api:1,p:1179,c:1179) queueBuffer: fps=0.41 dur=2444.26 max=2444.26 min=2444.26
07-23 11:29:02.593  1179  1540 I SurfaceFlinger: Capture layer list: 	 com.android.vending/com.android.vending.AssetBrowserActivity$_10095#133090(seamlessTransition:0)
07-23 11:29:02.593  1179  1540 I SurfaceFlinger: Capture layer list: 	 Dim Layer for - Task=1040#133108(seamlessTransition:0)
07-23 11:29:02.593  1179  1540 I SurfaceFlinger: Capture layer list: 	 com.samsung.android.lool/com.samsung.android.sm.iafd.dialog.AppErrorDialogActivity$_17066#133103(seamlessTransition:0)
07-23 11:29:02.660  1137  1156 I mtkpower@impl: [setMode] type:6, enabled:0
07-23 11:29:02.661  1137  1156 E mtkpower@impl: [setMode] unknown type
07-23 11:29:02.697 26885 27014 D SatelliteController: isInCarrierRoamingNbIotNtn: satellite is disabled
07-23 11:29:02.966 26885 27014 D SatelliteController: isInCarrierRoamingNbIotNtn: satellite is disabled
07-23 11:29:03.209  1303  1313 E thermal_core: find_tz_idx_by_name:"Failed to find thermal zone index of mtk-master-charger\n"
07-23 11:29:03.650  1377 31475 D AALLightSensor: oldLux=61 [SA:-1 LA:-1] newLux=61 (oriLux: 62)
07-23 11:29:03.768  4742 17447 I GetConfigSnapshotOp: (REDACTED) Succeeded but not registered: %s
07-23 11:29:03.974 26885 27014 D SatelliteController: isInCarrierRoamingNbIotNtn: satellite is disabled
07-23 11:29:04.161  4742 17447 I GetConfigSnapshotOp: (REDACTED) Succeeded but not registered: %s
07-23 11:29:04.169   580   580 D io_stats: !@   8,32 r 380892274 7529771108 w 36072603 346259208 d 4489908 279654324 f 6744336 4391078 iot 60718672 0 th 0 0 0 pt 0 inp 0 0 499150.678
07-23 11:29:04.170   580   580 D io_stats: !@ Read_top(KB): ding:background:high(17502) 1552 .gms.persistent:high(4742) 288 android.vending:high(10095) 12
07-23 11:29:04.170   580   580 D io_stats: !@ Write_top(KB): kworker/u32:1:/(10612) 232 ding:background:high(17502) 20 ng:quick_launch:high(17562) 12
07-23 11:29:04.214  1303  1313 E thermal_core: find_tz_idx_by_name:"Failed to find thermal zone index of mtk-master-charger\n"
07-23 11:29:04.246 26885 27014 D SatelliteController: isInCarrierRoamingNbIotNtn: satellite is disabled
07-23 11:29:04.753 27612 27951 I ScanController: onScanResult to scannerId: 4- eventType=0x1b, addressType=1, address=XX:XX:XX:XX:9A:C7, primaryPhy=1, secondaryPhy=0, advertisingSid=0xff, txPower=127, rssi=-96, periodicAdvInt=0x0
07-23 11:29:04.759  4742 15399 I NearbyDiscovery: (REDACTED) BloomFilterAdvManager: Detected bloom filter but too far away, ignoring. %sm, %s
07-23 11:29:04.941  1137  1157 D power@timer: [mtkPowerTimer] visRead:0
07-23 11:29:05.094 26444 26478 D NetdEventListenerService: CSC Feature value: true
07-23 11:29:05.094 26444 26478 D NetdEventListenerService: CSC Feature value: true
07-23 11:29:05.095 26444 26838 D NetdEventListenerService: DNS Requested by 523, 10328(com.instagram.android), 4(FAIL), isBlocked=true, 0ms
07-23 11:29:05.100 12187 12392 E msys    : E[N mns:DGWClient]_LogError(328)=>Failed to resolve using system DNS resolver, getaddrinfo(): No address associated with hostname
07-23 11:29:05.106 12187 12392 E msys    : E[N mns:DGWClient]_LogError(328)=>Failed to resolve using system DNS resolver, getaddrinfo(): No address associated with hostname
07-23 11:29:05.107 26444 26838 D NetdEventListenerService: DNS Requested by 523, 10328(com.instagram.android), 4(FAIL), isBlocked=true, 0ms
