07-23 11:29:05.217  1303  1313 E thermal_core: find_tz_idx_by_name:"Failed to find thermal zone index of mtk-master-charger\n"
07-23 11:29:05.257 26885 27014 D SatelliteController: isInCarrierRoamingNbIotNtn: satellite is disabled
07-23 11:29:05.457 26444 26838 D NetdEventListenerService: DNS Requested by 523, 10328(com.instagram.android), 4(FAIL), isBlocked=true, 0ms
07-23 11:29:05.464 26444 29009 D SemWifiUsabilityStatsMonitor: onWifiUsabilityStats - seqNum 4904, isSameBssidAndFreq true
07-23 11:29:05.467 12187 12392 E msys    : E[N mns:DGWClient]_LogError(328)=>Failed to resolve using system DNS resolver, getaddrinfo(): No address associated with hostname
07-23 11:29:05.526 26885 27014 D SatelliteController: isInCarrierRoamingNbIotNtn: satellite is disabled
07-23 11:29:05.974 26444 26817 D WifiConnectivityMonitor.NetworkStatsAnalyzer: Backhaul result - RSSI:-61, CE:10, PE:10, TI:17, PTI:17, TW:1, PTW:1, Tx:35, Rx:40, TxS:32, RxS:36, RESULT:true, IC:0, ICT:5, WC:0, WCT:5, R:0, RC:0, IE:0, EC:0
07-23 11:29:05.999 26444 26838 D NetdEventListenerService: DNS Requested by 523, 10328(com.instagram.android), 4(FAIL), isBlocked=true, 0ms
07-23 11:29:06.008 12187 12392 E msys    : E[N mns:DGWClient]_LogError(328)=>Failed to resolve using system DNS resolver, getaddrinfo(): No address associated with hostname
07-23 11:29:06.080  3359  3457 V CpEventLog(u151): [P] cp_state: [                 contacts = {contacts=0, raw_contacts=0, data=0, account={secphone(1)=0, sim(2)=0, sim2(3)=0, agg(4)=0, vnd.sec.contact.phone_personal(5)=0}, trash=0, trash_acc={}, trash_sync=0, database=contacts2.db} ]
07-23 11:29:06.080  3359  3457 V CpEventLog(u151): [P] cp_state: [               aggregated = {} ]
07-23 11:29:06.080  3359  3457 V CpEventLog(u151): [P] cp_state: [                  request = {} ]
07-23 11:29:06.080  3359  3457 V CpEventLog(u151): [P] cp_state: [                    calls = {types={}, database=calllog.db} ]
07-23 11:29:06.080  3359  3457 V CpEventLog(u151): [P] cp_state: [                  profile = {contacts=0, raw_contacts=0, data=0, account={secphone(1)=0, sim(2)=0, sim2(3)=0, agg(4)=0, vnd.sec.contact.phone_personal(5)=0}, trash=0, trash_acc={}, trash_sync=0, database=profile.db} ]
07-23 11:29:06.080  3359  3457 V CpEventLog(u151): [P] cp_state: [               sa_profile = {contacts=0, raw_contacts=0, data=0, account={secphone(1)=0, sim(2)=0, sim2(3)=0, agg(4)=0, vnd.sec.contact.phone_personal(5)=0}, trash=0, trash_acc={}, trash_sync=0, database=profile_sa.db} ]
07-23 11:29:06.080  3359  3457 V CpEventLog(u151): [P] cp_state: [                      etc = {binders=0, country_iso=MZ, version=15.6.28, db_version=2000, db_size=0, db_wal_size=0, csc=/, sec_enabled=false, is_roaming=false} ]
07-23 11:29:06.080  3359  3457 V CpEventLog(u151): [P] cp_state: ------------------------------------------------------------------------------
07-23 11:29:06.174   580   580 D io_stats: !@   8,32 r 380892274 7529771108 w 36072615 346259324 d 4489908 279654324 f 6744336 4391078 iot 60718676 0 th 0 0 0 pt 0 inp 0 0 499152.683
07-23 11:29:06.222  1303  1313 E thermal_core: find_tz_idx_by_name:"Failed to find thermal zone index of mtk-master-charger\n"
07-23 11:29:06.494 27612 27951 I ScanController: onScanResult to scannerId: 4- eventType=0x1b, addressType=1, address=XX:XX:XX:XX:9A:C7, primaryPhy=1, secondaryPhy=0, advertisingSid=0xff, txPower=127, rssi=-97, periodicAdvInt=0x0
07-23 11:29:06.500  4742 15399 I NearbyDiscovery: (REDACTED) BloomFilterAdvManager: Detected bloom filter but too far away, ignoring. %sm, %s
07-23 11:29:06.528 27612 27951 I ScanController: onScanResult to scannerId: 4- eventType=0x1b, addressType=1, address=XX:XX:XX:XX:C4:A0, primaryPhy=1, secondaryPhy=0, advertisingSid=0xff, txPower=127, rssi=-100, periodicAdvInt=0x0
07-23 11:29:06.534 26885 27014 D SatelliteController: isInCarrierRoamingNbIotNtn: satellite is disabled
07-23 11:29:06.536  4742 15399 I NearbyDiscovery: (REDACTED) BloomFilterAdvManager: Detected bloom filter but too far away, ignoring. %sm, %s
07-23 11:29:07.226  1303  1313 E thermal_core: find_tz_idx_by_name:"Failed to find thermal zone index of mtk-master-charger\n"
07-23 11:29:07.463  1146  1195 E BatteryDump: !@new_battery_dump : 3894,1835,1900,3150,21,312,314,410,0,0,353,410,0,Charging,NO_CHARGING,Normal,Good,USB,1,Normal,0,0,10200,0x8000,0x10010000,0x0,0,0,0000,0000,00000000,0,0,0,0,191,3750,2120,990,0,
07-23 11:29:07.472 26444 26478 D [SS]BattFunctions: [sendRemainingChargingTimeChangedIntent]remainingChargingTime:7925 ,mLastRemainingChargingTime:7932
07-23 11:29:07.473 26250 26250 I seh_thermal_service: getTemperaturesWithType SehTemperatureType: 3
07-23 11:29:07.474  1146  1146 I sehhealth-service: updateLrpSysfs: write: 353
07-23 11:29:07.478 27263 27263 I AODBatteryManager: updateBatteryData: ACTION_BATTERY_CHANGED: false, isSleepModeChanged:false ,isRemainingTimeChanged: true, isUSBRestriction: false
07-23 11:29:07.479 27263 27263 I ChargingInfoManager: updateChargingInfo: newState = AOD ChargingInfo [mState=BATTERY_AND_REMAIN_TIME, mIsCharging=true, mIsPlugged=true, mIsFullyCharged=false, mIsBatteryProtectMode=false, mBetteryLevel=21, mBetteryProtectModeType0, mIsSlowChargingfalse], oldState = AOD ChargingInfo [mState=BATTERY_AND_REMAIN_TIME, mIsCharging=true, mIsPlugged=true, mIsFullyCharged=false, mIsBatteryProtectMode=false, mBetteryLevel=21, mBetteryProtectModeType0, mIsSlowChargingfalse]
07-23 11:29:07.479 27263 27263 D PowerUI : Remaining charging time : 7925
07-23 11:29:07.479 27263 27263 D PowerUI : Charging time is changed, check charging notification
07-23 11:29:07.481 27263 27263 D PowerUI.Notification: showChargingNotice - Battery Level : 21 -> 21, Charging Type : 11 -> 11, Charging Time : 7932 -> 7925, Maximum protection : false -> false, Maximum threshold : 80 -> 80
07-23 11:29:07.487 27263 27263 I NotificationManager: com.android.systemui: notify(2131364006, charging_state, Notification(channel=CHR shortcut=null contentView=null vibrate=null sound=null defaults=0 flags=ONGOING_EVENT|ONLY_ALERT_ONCE color=0x00000000 category=sys groupKey=CHARGING vis=PUBLIC semFlags=0x0 semPriority=0 semMissedCount=0)) as user
07-23 11:29:07.495 26444 28541 W PermissionService: getPermissionFlags: Unknown user -1
07-23 11:29:07.496 26444 28541 W PermissionService: getPermissionFlags: Unknown user -1
07-23 11:29:07.612 28457 28457 I SDHMS:LOAD: type: LoadsFreqs, value: 0:0:0:764000:1800000:725000:570999:2000000:500000:0:0:0
07-23 11:29:07.646 26444 26813 D WifiConnectivityMonitor: Stop WCM Poll. cnt : 9
07-23 11:29:07.647 26444 26813 I WifiConnectivityMonitor: LinkQualityMonitorCallback was not registered yet
07-23 11:29:07.712 26444 26444 I Telecom : SamsungTelecomServiceImpl : isInManagedCall - callingPackage : android / callingUser : UserHandle{0} / hasCrossUserAccess : true
07-23 11:29:07.745 27776 30863 I HoneySpace.NotificationListener: onNotificationPosted com.android.systemui: -1|com.android.systemui|2131364006|charging_state|10063: 0
07-23 11:29:07.745 27776 30863 I HoneySpace.NotificationListener: invalid notification: com.android.systemui UserHandle{-1}: canShowBadge is false
07-23 11:29:07.747  1179  1557 I VSyncReactor: Current= 90, Period= 90, hwcPeriod= 90
07-23 11:29:07.769 27263 27263 I LockscreenNotificationIconsOnlyController: onNotificationInfoUpdated 0
07-23 11:29:07.770 27263 27263 I AODNotificationManager: updateNotification() 
07-23 11:29:07.793  1179  1179 I BufferQueueProducer: [StatusBar$_27263#120127](this:0xb400007558096638,id:-1,api:0,p:-1,c:1179) queueBuffer: fps=0.19 dur=5311.37 max=5311.37 min=5311.37
07-23 11:29:07.799  1116  1472 I hwcomposer: [HWCDisplay] (0 updateFps():4131), (type:1, mode:2) fps:0.376622,dur:5310.36,max:5210.62,min:99.74  
07-23 11:29:07.802  1179  1540 I SurfaceFlinger: Capture layer list: 	 com.android.vending/com.android.vending.AssetBrowserActivity$_10095#133090(seamlessTransition:0)
07-23 11:29:07.802  1179  1540 I SurfaceFlinger: Capture layer list: 	 Dim Layer for - Task=1040#133108(seamlessTransition:0)
07-23 11:29:07.802  1179  1540 I SurfaceFlinger: Capture layer list: 	 com.samsung.android.lool/com.samsung.android.sm.iafd.dialog.AppErrorDialogActivity$_17066#133103(seamlessTransition:0)
07-23 11:29:07.808  1377 31475 D AALLightSensor: oldLux=61 [SA:-1 LA:-1] newLux=61 (oriLux: 63)
07-23 11:29:07.861  1116  1495 I hwcomposer: [HWC] (0)fire a callback of refresh to SF[4]  
07-23 11:29:07.873  1137  1156 I mtkpower@impl: [setMode] type:6, enabled:1
07-23 11:29:07.873  1137  1156 E mtkpower@impl: [setMode] unknown type
07-23 11:29:07.877  1179  1179 I BufferQueueProducer: [FramebufferSurface](this:0xb40000757f2f0370,id:-1,api:1,p:1179,c:1179) queueBuffer: fps=0.19 dur=5289.49 max=5289.49 min=5289.49
07-23 11:29:07.904  1179  1540 I SurfaceFlinger: Capture layer list: 	 com.android.vending/com.android.vending.AssetBrowserActivity$_10095#133090(seamlessTransition:0)
07-23 11:29:07.904  1179  1540 I SurfaceFlinger: Capture layer list: 	 Dim Layer for - Task=1040#133108(seamlessTransition:0)
07-23 11:29:07.904  1179  1540 I SurfaceFlinger: Capture layer list: 	 com.samsung.android.lool/com.samsung.android.sm.iafd.dialog.AppErrorDialogActivity$_17066#133103(seamlessTransition:0)
07-23 11:29:07.938 27263 27263 D Bubbles : onEntryUpdated : shouldBubbleUp=false ,key=-1|com.android.systemui|2131364006|charging_state|10063
07-23 11:29:07.939 27263 27263 D InterruptionStateProvider:  no Heads up : edgelighting enabled app. -1|com.android.systemui|2131364006|charging_state|10063
07-23 11:29:07.939 27263 27263 I {OngoingActivityController}: onEntryUpdated and OA data is empty. So update latest task info
07-23 11:29:07.943  1137  1156 I mtkpower@impl: [setMode] type:6, enabled:0
07-23 11:29:07.943  1137  1156 E mtkpower@impl: [setMode] unknown type
07-23 11:29:07.963 27263 27263 W RefactorFlag: New code path expects SceneContainerFlag to be enabled.
07-23 11:29:07.963 27263 27263 D ExpandableNotifRow: mMaxSmallHeight different before reInflateViews mMaxSmallHeight: 203 mTempSmallHeight:0 -1|com.android.systemui|2131364006|charging_state|10063
07-23 11:29:07.963 27263 27263 D ExpandableNotifRow: mMaxSmallHeight different before reInflateViews mMaxSmallHeight: 203 mTempSmallHeight:0 -1|com.android.systemui|2131364006|charging_state|10063
07-23 11:29:07.970 27263 27263 I LockscreenNotificationIconsOnlyController: onNotificationInfoUpdated 0
07-23 11:29:07.970 27263 27263 I AODNotificationManager: updateNotification() 
07-23 11:29:07.980 27263 27803 D LocalImageResolver: Couldn't use ImageDecoder for drawable, falling back to non-resized load.
07-23 11:29:07.983 27263 27803 D LocalImageResolver: Couldn't use ImageDecoder for drawable, falling back to non-resized load.
07-23 11:29:07.987 27263 27263 D LocalImageResolver: Couldn't use ImageDecoder for drawable, falling back to non-resized load.
07-23 11:29:07.997 27263 27263 W RefactorFlag: New code path expects SceneContainerFlag to be enabled.
07-23 11:29:08.007  1179  1540 I SurfaceFlinger: Capture layer list: 	 com.android.vending/com.android.vending.AssetBrowserActivity$_10095#133090(seamlessTransition:0)
07-23 11:29:08.007  1179  1540 I SurfaceFlinger: Capture layer list: 	 Dim Layer for - Task=1040#133108(seamlessTransition:0)
07-23 11:29:08.007  1179  1540 I SurfaceFlinger: Capture layer list: 	 com.samsung.android.lool/com.samsung.android.sm.iafd.dialog.AppErrorDialogActivity$_17066#133103(seamlessTransition:0)
07-23 11:29:08.014 27263 27263 D ExpandableNotifRow: mMaxSmallHeight different before reInflateViews mMaxSmallHeight: 203 mTempSmallHeight:0 -1|com.android.systemui|2131364006|charging_state|10063
07-23 11:29:08.014 27263 27263 D ExpandableNotifRow: mMaxSmallHeight different before reInflateViews mMaxSmallHeight: 203 mTempSmallHeight:0 -1|com.android.systemui|2131364006|charging_state|10063
07-23 11:29:08.014 27263 27263 D ExpandableNotifRow: mMaxSmallHeight different before reInflateViews mMaxSmallHeight: 203 mTempSmallHeight:0 -1|com.android.systemui|2131364006|charging_state|10063
07-23 11:29:08.014 27263 27263 D ExpandableNotifRow: mMaxSmallHeight different before reInflateViews mMaxSmallHeight: 203 mTempSmallHeight:0 -1|com.android.systemui|2131364006|charging_state|10063
07-23 11:29:08.018 27263 27263 D LocalImageResolver: Couldn't use ImageDecoder for drawable, falling back to non-resized load.
07-23 11:29:08.028 27263 27263 W RefactorFlag: New code path expects SceneContainerFlag to be enabled.
07-23 11:29:08.028 27263 27263 D ExpandableNotifRow: mMaxSmallHeight different before reInflateViews mMaxSmallHeight: 203 mTempSmallHeight:0 -1|com.android.systemui|2131364006|charging_state|10063
07-23 11:29:08.028 27263 27263 D ExpandableNotifRow: mMaxSmallHeight different before reInflateViews mMaxSmallHeight: 203 mTempSmallHeight:0 -1|com.android.systemui|2131364006|charging_state|10063
07-23 11:29:08.031 27263 27263 I LockscreenNotificationIconsOnlyController: onNotificationInfoUpdated 0
07-23 11:29:08.032 27263 27263 I AODNotificationManager: updateNotification() 
07-23 11:29:08.035  1116  1495 I hwcomposer: [HWC] (0)fire a callback of refresh to SF[4]  
07-23 11:29:08.039  1137  1156 I mtkpower@impl: [setMode] type:6, enabled:1
07-23 11:29:08.039  1137  1156 E mtkpower@impl: [setMode] unknown type
07-23 11:29:08.052  1137  1156 I mtkpower@impl: [setMode] type:6, enabled:0
07-23 11:29:08.052  1137  1156 E mtkpower@impl: [setMode] unknown type
07-23 11:29:08.087 26885 27014 D SatelliteController: isInCarrierRoamingNbIotNtn: satellite is disabled
07-23 11:29:08.106  1179  1540 I SurfaceFlinger: Capture layer list: 	 com.android.vending/com.android.vending.AssetBrowserActivity$_10095#133090(seamlessTransition:0)
07-23 11:29:08.106  1179  1540 I SurfaceFlinger: Capture layer list: 	 Dim Layer for - Task=1040#133108(seamlessTransition:0)
07-23 11:29:08.106  1179  1540 I SurfaceFlinger: Capture layer list: 	 com.samsung.android.lool/com.samsung.android.sm.iafd.dialog.AppErrorDialogActivity$_17066#133103(seamlessTransition:0)
07-23 11:29:08.128  1116  1495 I hwcomposer: [HWC] (0)fire a callback of refresh to SF[4]  
07-23 11:29:08.140  1137  1156 I mtkpower@impl: [setMode] type:6, enabled:1
07-23 11:29:08.140  1137  1156 E mtkpower@impl: [setMode] unknown type
07-23 11:29:08.159  1179  1228 I VSyncReactor: Current= 90, Period= 90, hwcPeriod= 90
07-23 11:29:08.176   580   580 D io_stats: !@   8,32 r 380892274 7529771108 w 36072617 346259332 d 4489908 279654324 f 6744336 4391078 iot 60718680 0 th 0 0 0 pt 0 inp 0 0 499154.685
07-23 11:29:08.177   580   580 D io_stats: !@ Write_top(KB): kworker/u32:2:/(10618) 108 vendor.samsung.:normal(1146) 8 ng:quick_launch:high(17562) 8
07-23 11:29:08.206  1179  1540 I SurfaceFlinger: Capture layer list: 	 com.android.vending/com.android.vending.AssetBrowserActivity$_10095#133090(seamlessTransition:0)
07-23 11:29:08.207  1179  1540 I SurfaceFlinger: Capture layer list: 	 Dim Layer for - Task=1040#133108(seamlessTransition:0)
07-23 11:29:08.207  1179  1540 I SurfaceFlinger: Capture layer list: 	 com.samsung.android.lool/com.samsung.android.sm.iafd.dialog.AppErrorDialogActivity$_17066#133103(seamlessTransition:0)
07-23 11:29:08.209  1137  1156 I mtkpower@impl: [setMode] type:6, enabled:0
07-23 11:29:08.210  1137  1156 E mtkpower@impl: [setMode] unknown type
07-23 11:29:08.228  1303  1313 E thermal_core: find_tz_idx_by_name:"Failed to find thermal zone index of mtk-master-charger\n"
07-23 11:29:08.478 26444 29009 D SemWifiUsabilityStatsMonitor: onWifiUsabilityStats - seqNum 4905, isSameBssidAndFreq true
07-23 11:29:08.479 27612 27951 I ScanController: onScanResult to scannerId: 4- eventType=0x1b, addressType=1, address=XX:XX:XX:XX:9A:C7, primaryPhy=1, secondaryPhy=0, advertisingSid=0xff, txPower=127, rssi=-96, periodicAdvInt=0x0
07-23 11:29:08.484  4742 15399 I NearbyDiscovery: (REDACTED) BloomFilterAdvManager: Detected bloom filter but too far away, ignoring. %sm, %s
07-23 11:29:08.506 27612 27951 I ScanController: onScanResult to scannerId: 4- eventType=0x1b, addressType=1, address=XX:XX:XX:XX:C4:A0, primaryPhy=1, secondaryPhy=0, advertisingSid=0xff, txPower=127, rssi=-86, periodicAdvInt=0x0
07-23 11:29:08.511  4742 15399 I NearbyDiscovery: (REDACTED) BloomFilterAdvManager: Detected bloom filter but too far away, ignoring. %sm, %s
07-23 11:29:09.096 26885 27014 D SatelliteController: isInCarrierRoamingNbIotNtn: satellite is disabled
07-23 11:29:09.232  1303  1313 E thermal_core: find_tz_idx_by_name:"Failed to find thermal zone index of mtk-master-charger\n"
07-23 11:29:09.367 26885 27014 D SatelliteController: isInCarrierRoamingNbIotNtn: satellite is disabled
07-23 11:29:10.057 26885 27014 D SatelliteController: isInCarrierRoamingNbIotNtn: satellite is disabled
07-23 11:29:10.168 27612 27951 I ScanController: onScanResult to scannerId: 4- eventType=0x1b, addressType=1, address=XX:XX:XX:XX:C4:A0, primaryPhy=1, secondaryPhy=0, advertisingSid=0xff, txPower=127, rssi=-90, periodicAdvInt=0x0
07-23 11:29:10.174  4742 15399 I NearbyDiscovery: (REDACTED) BloomFilterAdvManager: Detected bloom filter but too far away, ignoring. %sm, %s
07-23 11:29:10.234  1303  1313 E thermal_core: find_tz_idx_by_name:"Failed to find thermal zone index of mtk-master-charger\n"
07-23 11:29:10.647 26885 27014 D SatelliteController: isInCarrierRoamingNbIotNtn: satellite is disabled
07-23 11:29:10.951 26231  3372 W aurisys_controller: aurisys_get_parameter(), adb_cmd->adb_cmd_type 7 fail, need active handler!
07-23 11:29:10.951 26231  3372 D AudioALSAHardware: -getParameters(), return "g_hw_speaker_amp_temp_spk=GET_FAIL"
07-23 11:29:10.954 28457 30315 I SDHMS:x : SIOP:: AP:372 BAT:312 USB:314 CHG:410 PA:353 WIFI:351 BLK:0 SUBBAT:0 SKIN:352 SKINF:348 SKINB:352 LRP2:352 LRF2:348 LRB2:352 SPK:313 AP2:350 CHG2:352 MEM2:349 WIFI2:348 DNSPK:300 VAP:390 AVGCUR:1802 AVGSYS:0 POWER:7007
07-23 11:29:10.955 28457 30315 I AudioManager: setParameters keyValuePairs = g_hw_speaker_amp_temp_spk=313
07-23 11:29:10.957 26225 29752 D AudioFlinger: setParameters: filtered dev setParameters keyvalue g_hw_speaker_amp_temp_spk=313
07-23 11:29:10.958 26230 26230 D Audio_ParameterParser: parseVendorParameters: scope: MODULE, keys/values: g_hw_speaker_amp_temp_spk=313
07-23 11:29:10.961 26231  3372 D AudioALSAHardware: +setParameters(): g_hw_speaker_amp_temp_spk=313
07-23 11:29:10.962 26231  3372 W aurisys_controller: lib_name smartpa_aw88xxx, scene 9, no active handler!!
07-23 11:29:10.962 26231  3372 D AudioALSAHardware: -setParameters(): g_hw_speaker_amp_temp_spk=313
07-23 11:29:10.963 26230 26230 D Audio_ParameterParser: parseVendorParameters: scope: MODULE, keys/values: g_hw_speaker_amp_temp_spk=313
07-23 11:29:10.965 26230 26230 D Audio_ParameterParser: parseVendorParameters: scope: MODULE, keys/values: g_hw_speaker_amp_temp_spk=313
07-23 11:29:10.966 26231  3372 D AHAL_ModuleBluetooth: setVendorParameters unrecognized parameter: g_hw_speaker_amp_temp_spk=313
07-23 11:29:11.238  1303  1313 E thermal_core: find_tz_idx_by_name:"Failed to find thermal zone index of mtk-master-charger\n"
07-23 11:29:11.498 26444 29009 D SemWifiUsabilityStatsMonitor: onWifiUsabilityStats - seqNum 4906, isSameBssidAndFreq true
07-23 11:29:11.911  4742 17447 I NearbyMediums: No BLE Fast/GATT advertisements found in the latest cycle.
07-23 11:29:11.911  4742 17447 I NearbyMediums: Current Tracked Scanning Clients are : {NearbyConnections.EnvironmentMonitor, NearbySharing, NearbyConnections.TxAdvertisement}
07-23 11:29:11.979 26874 26874 I wpa_supplicant: Heartbeat 5207
07-23 11:29:12.131  1377 31475 D AALLightSensor: oldLux=61 [SA:-1 LA:-1] newLux=61 (oriLux: 63)
07-23 11:29:12.179   580   580 D io_stats: !@   8,32 r 380892274 7529771108 w 36072638 346259460 d 4489908 279654324 f 6744336 4391078 iot 60718684 0 th 0 0 0 pt 0 inp 0 0 499158.688
07-23 11:29:12.180   580   580 D io_stats: !@ Write_top(KB): sait.sohservice:low(16432) 68 kworker/u32:1:/(10612) 60
07-23 11:29:12.242  1303  1313 E thermal_core: find_tz_idx_by_name:"Failed to find thermal zone index of mtk-master-charger\n"
07-23 11:29:12.665 26444 26838 D NetdEventListenerService: DNS Requested by 523, 10328(com.instagram.android), 4(FAIL), isBlocked=true, 0ms
07-23 11:29:12.675 12187 12392 E msys    : E[N mns:DGWClient]_LogError(328)=>Failed to resolve using system DNS resolver, getaddrinfo(): No address associated with hostname
07-23 11:29:12.682 12187 12392 E msys    : E[N mns:DGWClient]_LogError(328)=>Failed to resolve using system DNS resolver, getaddrinfo(): No address associated with hostname
07-23 11:29:12.683 26444 26838 D NetdEventListenerService: DNS Requested by 523, 10328(com.instagram.android), 4(FAIL), isBlocked=true, 0ms
07-23 11:29:13.207 26885 27014 D SatelliteController: isInCarrierRoamingNbIotNtn: satellite is disabled
07-23 11:29:13.243  1303  1313 E thermal_core: find_tz_idx_by_name:"Failed to find thermal zone index of mtk-master-charger\n"
07-23 11:29:13.244  1303  1313 E thermal_core: find_tz_idx_by_name:"Failed to find thermal zone index of camera0\n"
07-23 11:29:13.244  1303  1313 E thermal_core: find_tz_idx_by_name:"Failed to find thermal zone index of mtk-master-charger\n"
07-23 11:29:13.244  1303  1313 E thermal_core: find_tz_idx_by_name:"Failed to find thermal zone index of nrpa_ntc\n"
07-23 11:29:13.244  1303  1313 E thermal_core: dump_thermal_log:"Error: sccanf error, ret=9\n"
07-23 11:29:13.245  1303  1313 E thermal_core: node_read:"Failed to read /sys/class/thermal/thermal_zone2/temp: No data available\n"
07-23 11:29:13.245  1303  1313 I thermal_core: "soc/nr/lte/ap_ntc/tpcb/conn/chg/cam/c_ttj/g_ttj/a_ttj=0/-274000/36421/72000/46000/37000/-274000/-274000/55000/55000/55000\n"
07-23 11:29:13.245  1303  1313 I thermal_core: "[C(l)(c)(i)][G(l)(c)][A(l)(c)][TH][D]=[(2000/2200/666666)(750/725/6666)(0x0)][(666666)(666666)][(666666666)(666666666)][0][1200]\n"
07-23 11:29:13.245  1303  1313 E thermal_core: node_read:"Failed to open /sys/kernel/helio-dvfsrc/dvfsrc_therm_info: No such file or directory\n"
07-23 11:29:13.245  1303  1313 I thermal_core: "1200"
07-23 11:29:13.381 26444 26838 D NetdEventListenerService: DNS Requested by 523, 10328(com.instagram.android), 4(FAIL), isBlocked=true, 0ms
07-23 11:29:13.388 12187 12392 E msys    : E[N mns:DGWClient]_LogError(328)=>Failed to resolve using system DNS resolver, getaddrinfo(): No address associated with hostname
07-23 11:29:13.797 26444 26838 D NetdEventListenerService: DNS Requested by 523, 10328(com.instagram.android), 4(FAIL), isBlocked=true, 0ms
07-23 11:29:13.804 12187 12392 E msys    : E[N mns:DGWClient]_LogError(328)=>Failed to resolve using system DNS resolver, getaddrinfo(): No address associated with hostname
07-23 11:29:13.896 26885 27014 D SatelliteController: isInCarrierRoamingNbIotNtn: satellite is disabled
07-23 11:29:14.181   580   580 D io_stats: !@   8,32 r 380892401 7529772232 w 36072641 346259476 d 4489908 279654324 f 6744336 4391078 iot 60718700 0 th 0 0 0 pt 0 inp 0 0 499160.690
07-23 11:29:14.248  1303  1313 E thermal_core: find_tz_idx_by_name:"Failed to find thermal zone index of mtk-master-charger\n"
07-23 11:29:14.316 26444 26838 D NetdEventListenerService: DNS Requested by 523, 10328(com.instagram.android), 4(FAIL), isBlocked=true, 0ms
07-23 11:29:14.320 26444 26469 E Watchdog: !@Sync: 1693 heap(MB): 128 / 142 FD: 1564 [2026-07-23 11:29:14.319]
07-23 11:29:14.322 12187 12392 E msys    : E[N mns:DGWClient]_LogError(328)=>Failed to resolve using system DNS resolver, getaddrinfo(): No address associated with hostname
07-23 11:29:14.511 26444 29009 D SemWifiUsabilityStatsMonitor: onWifiUsabilityStats - seqNum 4907, isSameBssidAndFreq true
07-23 11:29:14.516 27263 27533 D Tile.WifiTile: handleUpdateState isTransient=false transientEnabling =false cb.isTransient=false state.state = 2 mStateBeforeClick.value =false enabled =true
07-23 11:29:14.526  1179  1228 I VSyncReactor: Current= 90, Period= 90, hwcPeriod= 90
07-23 11:29:14.550  1179  1179 I BufferQueueProducer: [StatusBar$_27263#120127](this:0xb400007558096638,id:-1,api:0,p:-1,c:1179) queueBuffer: fps=0.44 dur=6756.53 max=6501.95 min=56.02
07-23 11:29:14.556  1116  1472 I hwcomposer: [HWCDisplay] (0 updateFps():4131), (type:1, mode:2) fps:0.888009,dur:6756.69,max:6410.39,min:6.96  
07-23 11:29:14.560  1179  1540 I SurfaceFlinger: Capture layer list: 	 com.android.vending/com.android.vending.AssetBrowserActivity$_10095#133090(seamlessTransition:0)
07-23 11:29:14.560  1179  1540 I SurfaceFlinger: Capture layer list: 	 Dim Layer for - Task=1040#133108(seamlessTransition:0)
07-23 11:29:14.560  1179  1540 I SurfaceFlinger: Capture layer list: 	 com.samsung.android.lool/com.samsung.android.sm.iafd.dialog.AppErrorDialogActivity$_17066#133103(seamlessTransition:0)
07-23 11:29:14.641  1116  1495 I hwcomposer: [HWC] (0)fire a callback of refresh to SF[4]  
07-23 11:29:14.653  1137  1156 I mtkpower@impl: [setMode] type:6, enabled:1
07-23 11:29:14.653  1137  1156 E mtkpower@impl: [setMode] unknown type
07-23 11:29:14.657  1179  1179 I BufferQueueProducer: [FramebufferSurface](this:0xb40000757f2f0370,id:-1,api:1,p:1179,c:1179) queueBuffer: fps=0.44 dur=6779.60 max=6512.10 min=100.48
07-23 11:29:14.661  1179  1540 I SurfaceFlinger: Capture layer list: 	 com.android.vending/com.android.vending.AssetBrowserActivity$_10095#133090(seamlessTransition:0)
07-23 11:29:14.661  1179  1540 I SurfaceFlinger: Capture layer list: 	 Dim Layer for - Task=1040#133108(seamlessTransition:0)
07-23 11:29:14.661  1179  1540 I SurfaceFlinger: Capture layer list: 	 com.samsung.android.lool/com.samsung.android.sm.iafd.dialog.AppErrorDialogActivity$_17066#133103(seamlessTransition:0)
07-23 11:29:14.726  1137  1156 I mtkpower@impl: [setMode] type:6, enabled:0
07-23 11:29:14.726  1137  1156 E mtkpower@impl: [setMode] unknown type
07-23 11:29:15.176 26885 27014 D SatelliteController: isInCarrierRoamingNbIotNtn: satellite is disabled
07-23 11:29:15.251  1303  1313 E thermal_core: find_tz_idx_by_name:"Failed to find thermal zone index of mtk-master-charger\n"
07-23 11:29:15.764 26885 27014 D SatelliteController: isInCarrierRoamingNbIotNtn: satellite is disabled
07-23 11:29:15.985 26444 26817 D WifiConnectivityMonitor.NetworkStatsAnalyzer: Backhaul result - RSSI:-61, CE:10, PE:10, TI:17, PTI:17, TW:1, PTW:1, Tx:3, Rx:3, TxS:4, RxS:3, RESULT:true, IC:0, ICT:5, WC:0, WCT:5, R:0, RC:0, IE:0, EC:0
07-23 11:29:16.137 26885 27014 D SatelliteController: isInCarrierRoamingNbIotNtn: satellite is disabled
07-23 11:29:16.185   580   580 D io_stats: !@   8,32 r 380892442 7529773240 w 36072644 346259672 d 4489908 279654324 f 6744336 4391078 iot 60718720 0 th 0 0 0 pt 0 inp 0 0 499162.693
07-23 11:29:16.185   580   580 D io_stats: !@ Read_top(KB): gle.android.gms:high(10382) 1004 kworker/u32:0:/(6917) 904 .gms.persistent:high(4742) 120
07-23 11:29:16.185   580   580 D io_stats: !@ Write_top(KB): kworker/u32:2:/(10618) 196 .gms.persistent:high(4742) 12 sait.sohservice:low(16432) 4
07-23 11:29:16.257  1303  1313 E thermal_core: find_tz_idx_by_name:"Failed to find thermal zone index of mtk-master-charger\n"
07-23 11:29:16.851  1377 31475 D AALLightSensor: oldLux=61 [SA:-1 LA:-1] newLux=61 (oriLux: 60)
07-23 11:29:17.047 26885 27014 D SatelliteController: isInCarrierRoamingNbIotNtn: satellite is disabled
07-23 11:29:17.117 26942 20746 D IpClient/wlan0: interfaceLinkStateChanged: ifindex 53 up
07-23 11:29:17.261  1303  1313 E thermal_core: find_tz_idx_by_name:"Failed to find thermal zone index of mtk-master-charger\n"
07-23 11:29:17.416 26885 27014 D SatelliteController: isInCarrierRoamingNbIotNtn: satellite is disabled
07-23 11:29:17.528 26444 29009 D SemWifiUsabilityStatsMonitor: onWifiUsabilityStats - seqNum 4908, isSameBssidAndFreq true
07-23 11:29:17.587  1146  1195 E BatteryDump: !@new_battery_dump : 3890,1777,1900,3150,21,312,314,408,0,0,353,408,0,Charging,NO_CHARGING,Normal,Good,USB,1,Normal,0,0,10200,0x8000,0x10010000,0x0,0,0,0000,0000,00000000,0,0,0,0,191,3751,2130,990,0,
07-23 11:29:17.588 26444 28541 D [SS]BattFunctions: [sendRemainingChargingTimeChangedIntent]remainingChargingTime:7914 ,mLastRemainingChargingTime:7925
07-23 11:29:17.588 26250 26250 I seh_thermal_service: getTemperaturesWithType SehTemperatureType: 3
07-23 11:29:17.588  1146  1146 I sehhealth-service: updateLrpSysfs: write: 352
07-23 11:29:17.595 27263 27263 I AODBatteryManager: updateBatteryData: ACTION_BATTERY_CHANGED: false, isSleepModeChanged:false ,isRemainingTimeChanged: true, isUSBRestriction: false
07-23 11:29:17.595 27263 27263 I ChargingInfoManager: updateChargingInfo: newState = AOD ChargingInfo [mState=BATTERY_AND_REMAIN_TIME, mIsCharging=true, mIsPlugged=true, mIsFullyCharged=false, mIsBatteryProtectMode=false, mBetteryLevel=21, mBetteryProtectModeType0, mIsSlowChargingfalse], oldState = AOD ChargingInfo [mState=BATTERY_AND_REMAIN_TIME, mIsCharging=true, mIsPlugged=true, mIsFullyCharged=false, mIsBatteryProtectMode=false, mBetteryLevel=21, mBetteryProtectModeType0, mIsSlowChargingfalse]
07-23 11:29:17.596 27263 27263 D PowerUI : Remaining charging time : 7914
07-23 11:29:17.596 27263 27263 D PowerUI : Charging time is changed, check charging notification
07-23 11:29:17.598 27263 27263 D PowerUI.Notification: showChargingNotice - Battery Level : 21 -> 21, Charging Type : 11 -> 11, Charging Time : 7925 -> 7914, Maximum protection : false -> false, Maximum threshold : 80 -> 80
07-23 11:29:17.603 27263 27263 I NotificationManager: com.android.systemui: notify(2131364006, charging_state, Notification(channel=CHR shortcut=null contentView=null vibrate=null sound=null defaults=0 flags=ONGOING_EVENT|ONLY_ALERT_ONCE color=0x00000000 category=sys groupKey=CHARGING vis=PUBLIC semFlags=0x0 semPriority=0 semMissedCount=0)) as user
07-23 11:29:17.610 26444 26478 W PermissionService: getPermissionFlags: Unknown user -1
07-23 11:29:17.611 26444 26478 W PermissionService: getPermissionFlags: Unknown user -1
07-23 11:29:17.752 26444 26838 D NetdEventListenerService: DNS Requested by 523, 10328(com.instagram.android), 4(FAIL), isBlocked=true, 0ms
07-23 11:29:17.753 12187 12353 E msys    : E[N mns:TigonMNS]_LogError(328)=>Failed to resolve using system DNS resolver, getaddrinfo(): No address associated with hostname
07-23 11:29:17.756 12187 12353 E msys    : E[N mns:TigonMNS]_LogError(328)=>Failed to resolve using system DNS resolver, getaddrinfo(): No address associated with hostname
07-23 11:29:17.756 26444 26838 D NetdEventListenerService: DNS Requested by 523, 10328(com.instagram.android), 4(FAIL), isBlocked=true, 0ms
07-23 11:29:17.793 28457 28457 I SDHMS:LOAD: type: LoadsFreqs, value: 0:0:0:754499:2200000:725000:542999:2000000:500000:23:390:0
07-23 11:29:17.826 26444 26444 I Telecom : SamsungTelecomServiceImpl : isInManagedCall - callingPackage : android / callingUser : UserHandle{0} / hasCrossUserAccess : true
07-23 11:29:17.860 27776 30863 I HoneySpace.NotificationListener: onNotificationPosted com.android.systemui: -1|com.android.systemui|2131364006|charging_state|10063: 0
07-23 11:29:17.860 27776 30863 I HoneySpace.NotificationListener: invalid notification: com.android.systemui UserHandle{-1}: canShowBadge is false
07-23 11:29:17.871  1179  1228 I VSyncReactor: Current= 90, Period= 90, hwcPeriod= 90
07-23 11:29:17.896 27263 27263 I LockscreenNotificationIconsOnlyController: onNotificationInfoUpdated 0
07-23 11:29:17.897 27263 27263 I AODNotificationManager: updateNotification() 
07-23 11:29:17.916  1179  1179 I BufferQueueProducer: [StatusBar$_27263#120127](this:0xb400007558096638,id:-1,api:0,p:-1,c:1179) queueBuffer: fps=0.30 dur=3366.77 max=3366.77 min=3366.77
07-23 11:29:17.923  1116  1472 I hwcomposer: [HWCDisplay] (0 updateFps():4131), (type:1, mode:2) fps:0.594050,dur:3366.72,max:3264.97,min:101.76  
07-23 11:29:17.925  1179  1540 I SurfaceFlinger: Capture layer list: 	 com.android.vending/com.android.vending.AssetBrowserActivity$_10095#133090(seamlessTransition:0)
07-23 11:29:17.925  1179  1540 I SurfaceFlinger: Capture layer list: 	 Dim Layer for - Task=1040#133108(seamlessTransition:0)
07-23 11:29:17.925  1179  1540 I SurfaceFlinger: Capture layer list: 	 com.samsung.android.lool/com.samsung.android.sm.iafd.dialog.AppErrorDialogActivity$_17066#133103(seamlessTransition:0)
07-23 11:29:17.985  1116  1495 I hwcomposer: [HWC] (0)fire a callback of refresh to SF[4]  
07-23 11:29:17.996  1137  1156 I mtkpower@impl: [setMode] type:6, enabled:1
07-23 11:29:17.997  1137  1156 E mtkpower@impl: [setMode] unknown type
07-23 11:29:18.000  1179  1179 I BufferQueueProducer: [FramebufferSurface](this:0xb40000757f2f0370,id:-1,api:1,p:1179,c:1179) queueBuffer: fps=0.30 dur=3343.49 max=3343.49 min=3343.49
07-23 11:29:18.029  1179  1540 I SurfaceFlinger: Capture layer list: 	 com.android.vending/com.android.vending.AssetBrowserActivity$_10095#133090(seamlessTransition:0)
07-23 11:29:18.029  1179  1540 I SurfaceFlinger: Capture layer list: 	 Dim Layer for - Task=1040#133108(seamlessTransition:0)
07-23 11:29:18.029  1179  1540 I SurfaceFlinger: Capture layer list: 	 com.samsung.android.lool/com.samsung.android.sm.iafd.dialog.AppErrorDialogActivity$_17066#133103(seamlessTransition:0)
07-23 11:29:18.059 27263 27263 D Bubbles : onEntryUpdated : shouldBubbleUp=false ,key=-1|com.android.systemui|2131364006|charging_state|10063
07-23 11:29:18.061 27263 27263 D InterruptionStateProvider:  no Heads up : edgelighting enabled app. -1|com.android.systemui|2131364006|charging_state|10063
07-23 11:29:18.061 27263 27263 I {OngoingActivityController}: onEntryUpdated and OA data is empty. So update latest task info
07-23 11:29:18.067  1137  1156 I mtkpower@impl: [setMode] type:6, enabled:0
07-23 11:29:18.068  1137  1156 E mtkpower@impl: [setMode] unknown type
07-23 11:29:18.086 27263 27263 W RefactorFlag: New code path expects SceneContainerFlag to be enabled.
07-23 11:29:18.087 27263 27263 D ExpandableNotifRow: mMaxSmallHeight different before reInflateViews mMaxSmallHeight: 203 mTempSmallHeight:0 -1|com.android.systemui|2131364006|charging_state|10063
07-23 11:29:18.087 27263 27263 D ExpandableNotifRow: mMaxSmallHeight different before reInflateViews mMaxSmallHeight: 203 mTempSmallHeight:0 -1|com.android.systemui|2131364006|charging_state|10063
07-23 11:29:18.094 27263 27263 I LockscreenNotificationIconsOnlyController: onNotificationInfoUpdated 0
07-23 11:29:18.094 27263 27263 I AODNotificationManager: updateNotification() 
07-23 11:29:18.103 27263 27803 D LocalImageResolver: Couldn't use ImageDecoder for drawable, falling back to non-resized load.
07-23 11:29:18.106 27263 27803 D LocalImageResolver: Couldn't use ImageDecoder for drawable, falling back to non-resized load.
07-23 11:29:18.109 27263 27263 D LocalImageResolver: Couldn't use ImageDecoder for drawable, falling back to non-resized load.
07-23 11:29:18.119 27263 27263 W RefactorFlag: New code path expects SceneContainerFlag to be enabled.
07-23 11:29:18.128  1179  1540 I SurfaceFlinger: Capture layer list: 	 com.android.vending/com.android.vending.AssetBrowserActivity$_10095#133090(seamlessTransition:0)
07-23 11:29:18.128  1179  1540 I SurfaceFlinger: Capture layer list: 	 Dim Layer for - Task=1040#133108(seamlessTransition:0)
07-23 11:29:18.128  1179  1540 I SurfaceFlinger: Capture layer list: 	 com.samsung.android.lool/com.samsung.android.sm.iafd.dialog.AppErrorDialogActivity$_17066#133103(seamlessTransition:0)
07-23 11:29:18.134 27263 27263 D ExpandableNotifRow: mMaxSmallHeight different before reInflateViews mMaxSmallHeight: 203 mTempSmallHeight:0 -1|com.android.systemui|2131364006|charging_state|10063
07-23 11:29:18.134 27263 27263 D ExpandableNotifRow: mMaxSmallHeight different before reInflateViews mMaxSmallHeight: 203 mTempSmallHeight:0 -1|com.android.systemui|2131364006|charging_state|10063
07-23 11:29:18.134 27263 27263 D ExpandableNotifRow: mMaxSmallHeight different before reInflateViews mMaxSmallHeight: 203 mTempSmallHeight:0 -1|com.android.systemui|2131364006|charging_state|10063
07-23 11:29:18.134 27263 27263 D ExpandableNotifRow: mMaxSmallHeight different before reInflateViews mMaxSmallHeight: 203 mTempSmallHeight:0 -1|com.android.systemui|2131364006|charging_state|10063
07-23 11:29:18.137 27263 27263 D LocalImageResolver: Couldn't use ImageDecoder for drawable, falling back to non-resized load.
07-23 11:29:18.145 27263 27263 W RefactorFlag: New code path expects SceneContainerFlag to be enabled.
07-23 11:29:18.146 27263 27263 D ExpandableNotifRow: mMaxSmallHeight different before reInflateViews mMaxSmallHeight: 203 mTempSmallHeight:0 -1|com.android.systemui|2131364006|charging_state|10063
07-23 11:29:18.146 27263 27263 D ExpandableNotifRow: mMaxSmallHeight different before reInflateViews mMaxSmallHeight: 203 mTempSmallHeight:0 -1|com.android.systemui|2131364006|charging_state|10063
07-23 11:29:18.147  1116  1495 I hwcomposer: [HWC] (0)fire a callback of refresh to SF[4]  
07-23 11:29:18.149 27263 27263 I LockscreenNotificationIconsOnlyController: onNotificationInfoUpdated 0
07-23 11:29:18.149 27263 27263 I AODNotificationManager: updateNotification() 
07-23 11:29:18.163  1137  1156 I mtkpower@impl: [setMode] type:6, enabled:1
07-23 11:29:18.163  1137  1156 E mtkpower@impl: [setMode] unknown type
07-23 11:29:18.186   580   580 D io_stats: !@   8,32 r 380892502 7529774020 w 36072649 346259688 d 4489908 279654324 f 6744337 4391079 iot 60718748 0 th 0 0 0 pt 0 inp 0 0 499164.695
07-23 11:29:18.230  1179  1540 I SurfaceFlinger: Capture layer list: 	 com.android.vending/com.android.vending.AssetBrowserActivity$_10095#133090(seamlessTransition:0)
07-23 11:29:18.230  1179  1540 I SurfaceFlinger: Capture layer list: 	 Dim Layer for - Task=1040#133108(seamlessTransition:0)
07-23 11:29:18.230  1179  1540 I SurfaceFlinger: Capture layer list: 	 com.samsung.android.lool/com.samsung.android.sm.iafd.dialog.AppErrorDialogActivity$_17066#133103(seamlessTransition:0)
07-23 11:29:18.240  1137  1156 I mtkpower@impl: [setMode] type:6, enabled:0
07-23 11:29:18.240  1137  1156 E mtkpower@impl: [setMode] unknown type
07-23 11:29:18.262  1303  1313 E thermal_core: find_tz_idx_by_name:"Failed to find thermal zone index of mtk-master-charger\n"
07-23 11:29:18.312 13943 13981 V CpEventLog(u0): [P] cp_state: [                 contacts = {contacts=2073, raw_contacts=4926, data=24456, account={secphone(1)=0, google(2)=1625, sim(3)=0, sim2(4)=0, agg(5)=0, duo(6)=112, samsung(7)=0, mobileservice(8)=0, whatsapp(9)=1357, coreapp(10)=30, com.yandex.passport(12)=0, www.instagram.barcelona(18)=0, google(21)=2, com.whatsapp.w4b(22)=1357, www.instagram.com(27)=0, www.instagram.com(101)=0, google(109)=0, google(134)=1, google(135)=442, www.instagram.com(142)=0, com.facebook.auth.login(171)=0}, trash=0, trash_acc={}, trash_sync=0, database=contacts2.db} ]
07-23 11:29:18.312 13943 13981 V CpEventLog(u0): [P] cp_state: [               aggregated = {[134]=1, [135,10,9,22]=6, [135,22,9]=2, [135,22]=1, [135,9,22,10]=2, [135,9,22,6]=8, [135,9,22]=264, [135,9]=1, [135]=152, [2,10,6]=1, [2,10,9,22]=1, [2,10]=5, [2,135]=1, [2,22,9,6]=2, [2,22,9]=56, [2,22]=3, [2,6]=10, [2,9,10,22,6]=1, [2,9,10,22]=1, [2,9,22,10,6]=1, [2,9,22,10]=11, [2,9,22,135]=3, [2,9,22,6,10]=1, [2,9,22,6]=82, [2,9,22]=897, [2,9,6,22]=4, [2,9,6]=1, [2,9,9,22,22]=1, [2,9]=1, [21,22,9]=1, [21,9,22]=1, [22]=1, [2]=542, [9,135]=2, [9,22,6]=1, [9,22]=5} ]
07-23 11:29:18.312 13943 13981 V CpEventLog(u0): [P] cp_state: [                  request = {} ]
07-23 11:29:18.312 13943 13981 V CpEventLog(u0): [P] cp_state: [                    calls = {types={[100]=427, [500]=1, [1000]=1572}, database=calllog.db} ]
07-23 11:29:18.312 13943 13981 V CpEventLog(u0): [P] cp_state: [                  profile = {contacts=0, raw_contacts=0, data=0, account={secphone(1)=0, google(2)=0, sim(3)=0, sim2(4)=0, agg(5)=0, duo(6)=0, samsung(7)=0, mobileservice(8)=0, whatsapp(9)=0, coreapp(10)=0, com.yandex.passport(12)=0, www.instagram.barcelona(18)=0, google(21)=0, com.whatsapp.w4b(22)=0, www.instagram.com(27)=0, www.instagram.com(101)=0, google(108)=0, google(129)=0, google(130)=0, www.instagram.com(135)=0, com.facebook.auth.login(155)=0}, trash=0, trash_acc={}, trash_sync=0, database=profile.db} ]
07-23 11:29:18.312 13943 13981 V CpEventLog(u0): [P] cp_state: [               sa_profile = {contacts=0, raw_contacts=0, data=0, account={secphone(1)=0, google(2)=0, sim(3)=0, sim2(4)=0, agg(5)=0, duo(6)=0, samsung(7)=0, mobileservice(8)=0, whatsapp(9)=0, coreapp(10)=0, com.yandex.passport(12)=0, www.instagram.barcelona(18)=0, google(21)=0, com.whatsapp.w4b(22)=0, www.instagram.com(27)=0, www.instagram.com(101)=0, google(108)=0, google(129)=0, google(130)=0, www.instagram.com(135)=0, com.facebook.auth.login(155)=0}, trash=0, trash_acc={}, trash_sync=0, database=profile_sa.db} ]
07-23 11:29:18.312 13943 13981 V CpEventLog(u0): [P] cp_state: [                      etc = {binders=0, country_iso=MZ, version=15.6.28, db_version=2000, db_size=34, db_wal_size=0, csc=/, sec_enabled=false, is_roaming=false} ]
07-23 11:29:18.312 13943 13981 V CpEventLog(u0): [P] cp_state: ------------------------------------------------------------------------------
07-23 11:29:18.323 26885 27014 D SatelliteController: isInCarrierRoamingNbIotNtn: satellite is disabled
07-23 11:29:18.697 26885 27014 D SatelliteController: isInCarrierRoamingNbIotNtn: satellite is disabled
07-23 11:29:19.266  1303  1313 E thermal_core: find_tz_idx_by_name:"Failed to find thermal zone index of mtk-master-charger\n"
07-23 11:29:19.606 26885 27014 D SatelliteController: isInCarrierRoamingNbIotNtn: satellite is disabled
07-23 11:29:19.895 26444 26838 D NetdEventListenerService: DNS Requested by 523, 10328(com.instagram.android), 4(FAIL), isBlocked=true, 0ms
07-23 11:29:19.900 12187 12392 E msys    : E[N mns:DGWClient]_LogError(328)=>Failed to resolve using system DNS resolver, getaddrinfo(): No address associated with hostname
07-23 11:29:19.906 12187 12392 E msys    : E[N mns:DGWClient]_LogError(328)=>Failed to resolve using system DNS resolver, getaddrinfo(): No address associated with hostname
07-23 11:29:19.906 26444 26838 D NetdEventListenerService: DNS Requested by 523, 10328(com.instagram.android), 4(FAIL), isBlocked=true, 0ms
07-23 11:29:19.977 26885 27014 D SatelliteController: isInCarrierRoamingNbIotNtn: satellite is disabled
07-23 11:29:20.189   580   580 D io_stats: !@   8,32 r 380892567 7529775908 w 36072654 346259712 d 4489908 279654324 f 6744337 4391079 iot 60718772 0 th 0 0 0 pt 0 inp 0 0 499166.698
07-23 11:29:20.190   580   580 D io_stats: !@ Read_top(KB): hbox:interactor:high(28380) 1484 stagram.android:low(12187) 696 d.process.acore:low(13943) 384
07-23 11:29:20.190   580   580 D io_stats: !@ Write_top(KB): sait.sohservice:low(16432) 24 system_server:high(26444) 8 vendor.samsung.:normal(1146) 8
07-23 11:29:20.270  1303  1313 E thermal_core: find_tz_idx_by_name:"Failed to find thermal zone index of mtk-master-charger\n"
07-23 11:29:20.549 26444 29009 D SemWifiUsabilityStatsMonitor: onWifiUsabilityStats - seqNum 4909, isSameBssidAndFreq true
07-23 11:29:20.553 27263 27533 D Tile.WifiTile: handleUpdateState isTransient=false transientEnabling =false cb.isTransient=false state.state = 2 mStateBeforeClick.value =false enabled =true
07-23 11:29:20.561  1179  1228 I VSyncReactor: Current= 90, Period= 90, hwcPeriod= 90
07-23 11:29:20.584  1179  1179 I BufferQueueProducer: [StatusBar$_27263#120127](this:0xb400007558096638,id:-1,api:0,p:-1,c:1179) queueBuffer: fps=1.12 dur=2667.50 max=2423.50 min=56.70
07-23 11:29:20.590  1116  1472 I hwcomposer: [HWCDisplay] (0 updateFps():4131), (type:1, mode:2) fps:1.499769,dur:2667.08,max:2423.32,min:59.80  
07-23 11:29:20.592  1179  1540 I SurfaceFlinger: Capture layer list: 	 com.android.vending/com.android.vending.AssetBrowserActivity$_10095#133090(seamlessTransition:0)
07-23 11:29:20.592  1179  1540 I SurfaceFlinger: Capture layer list: 	 Dim Layer for - Task=1040#133108(seamlessTransition:0)
07-23 11:29:20.592  1179  1540 I SurfaceFlinger: Capture layer list: 	 com.samsung.android.lool/com.samsung.android.sm.iafd.dialog.AppErrorDialogActivity$_17066#133103(seamlessTransition:0)
07-23 11:29:20.675  1116  1495 I hwcomposer: [HWC] (0)fire a callback of refresh to SF[4]  
07-23 11:29:20.685  1137  1156 I mtkpower@impl: [setMode] type:6, enabled:1
07-23 11:29:20.686  1137  1156 E mtkpower@impl: [setMode] unknown type
07-23 11:29:20.689  1179  1179 I BufferQueueProducer: [FramebufferSurface](this:0xb40000757f2f0370,id:-1,api:1,p:1179,c:1179) queueBuffer: fps=0.74 dur=2689.03 max=2523.32 min=165.72
07-23 11:29:20.692  1179  1540 I SurfaceFlinger: Capture layer list: 	 com.android.vending/com.android.vending.AssetBrowserActivity$_10095#133090(seamlessTransition:0)
07-23 11:29:20.692  1179  1540 I SurfaceFlinger: Capture layer list: 	 Dim Layer for - Task=1040#133108(seamlessTransition:0)
07-23 11:29:20.692  1179  1540 I SurfaceFlinger: Capture layer list: 	 com.samsung.android.lool/com.samsung.android.sm.iafd.dialog.AppErrorDialogActivity$_17066#133103(seamlessTransition:0)
07-23 11:29:20.759  1137  1156 I mtkpower@impl: [setMode] type:6, enabled:0
07-23 11:29:20.760  1137  1156 E mtkpower@impl: [setMode] unknown type
07-23 11:29:20.887 26885 27014 D SatelliteController: isInCarrierRoamingNbIotNtn: satellite is disabled
07-23 11:29:20.958 26231  3372 W aurisys_controller: aurisys_get_parameter(), adb_cmd->adb_cmd_type 7 fail, need active handler!
07-23 11:29:20.959 26231  3372 D AudioALSAHardware: -getParameters(), return "g_hw_speaker_amp_temp_spk=GET_FAIL"
07-23 11:29:20.963 28457 30315 I SDHMS:x : SIOP:: AP:371 BAT:312 USB:314 CHG:408 PA:351 WIFI:349 BLK:0 SUBBAT:0 SKIN:351 SKINF:347 SKINB:351 LRP2:351 LRF2:347 LRB2:351 SPK:313 AP2:348 CHG2:351 MEM2:348 WIFI2:347 DNSPK:300 VAP:388 AVGCUR:1782 AVGSYS:0 POWER:6930
07-23 11:29:20.964 28457 30315 I AudioManager: setParameters keyValuePairs = g_hw_speaker_amp_temp_spk=313
07-23 11:29:20.966 26225 29483 D AudioFlinger: setParameters: filtered dev setParameters keyvalue g_hw_speaker_amp_temp_spk=313
07-23 11:29:20.966 26230 26230 D Audio_ParameterParser: parseVendorParameters: scope: MODULE, keys/values: g_hw_speaker_amp_temp_spk=313
07-23 11:29:20.968 26231  3372 D AudioALSAHardware: +setParameters(): g_hw_speaker_amp_temp_spk=313
07-23 11:29:20.969 26231  3372 W aurisys_controller: lib_name smartpa_aw88xxx, scene 9, no active handler!!
07-23 11:29:20.969 26231  3372 D AudioALSAHardware: -setParameters(): g_hw_speaker_amp_temp_spk=313
07-23 11:29:20.970 26230 26230 D Audio_ParameterParser: parseVendorParameters: scope: MODULE, keys/values: g_hw_speaker_amp_temp_spk=313
07-23 11:29:20.972 26230 26230 D Audio_ParameterParser: parseVendorParameters: scope: MODULE, keys/values: g_hw_speaker_amp_temp_spk=313
07-23 11:29:20.973 26231  3372 D AHAL_ModuleBluetooth: setVendorParameters unrecognized parameter: g_hw_speaker_amp_temp_spk=313
07-23 11:29:20.991 28457 28676 E SDHMS:i : e = /sys/class/rtc/rtc0/date: open failed: EACCES (Permission denied)
07-23 11:29:20.992 28457 28676 E SDHMS:i : e = /sys/class/rtc/rtc0/time: open failed: EACCES (Permission denied)
07-23 11:29:20.994 28457 28676 E SDHMS:i : e = /sys/class/rtc/rtc0/since_epoch: open failed: EACCES (Permission denied)
07-23 11:29:21.070 26444 26838 D NetdEventListenerService: DNS Requested by 523, 10328(com.instagram.android), 4(FAIL), isBlocked=true, 0ms
07-23 11:29:21.075 12187 12392 E msys    : E[N mns:DGWClient]_LogError(328)=>Failed to resolve using system DNS resolver, getaddrinfo(): No address associated with hostname
07-23 11:29:21.257 26885 27014 D SatelliteController: isInCarrierRoamingNbIotNtn: satellite is disabled
07-23 11:29:21.272  1303  1313 E thermal_core: find_tz_idx_by_name:"Failed to find thermal zone index of mtk-master-charger\n"
07-23 11:29:21.512 27612 27951 I ScanController: onScanResult to scannerId: 4- eventType=0x1b, addressType=1, address=XX:XX:XX:XX:C4:A0, primaryPhy=1, secondaryPhy=0, advertisingSid=0xff, txPower=127, rssi=-97, periodicAdvInt=0x0
07-23 11:29:21.518  4742 15399 I NearbyDiscovery: (REDACTED) BloomFilterAdvManager: Detected bloom filter but too far away, ignoring. %sm, %s
07-23 11:29:21.570  1377 31475 D AALLightSensor: oldLux=61 [SA:-1 LA:-1] newLux=61 (oriLux: 55)
07-23 11:29:21.608 26444 26838 D NetdEventListenerService: DNS Requested by 523, 10328(com.instagram.android), 4(FAIL), isBlocked=true, 0ms
07-23 11:29:21.613 12187 12392 E msys    : E[N mns:DGWClient]_LogError(328)=>Failed to resolve using system DNS resolver, getaddrinfo(): No address associated with hostname
07-23 11:29:21.880 26444 26838 D NetdEventListenerService: DNS Requested by 523, 10328(com.instagram.android), 4(FAIL), isBlocked=true, 0ms
07-23 11:29:21.885 12187 12392 E msys    : E[N mns:DGWClient]_LogError(328)=>Failed to resolve using system DNS resolver, getaddrinfo(): No address associated with hostname
07-23 11:29:21.917  4742 17651 I NearbyMediums: No BLE Fast/GATT advertisements found in the latest cycle.
07-23 11:29:21.917  4742 17651 I NearbyMediums: Current Tracked Scanning Clients are : {NearbyConnections.EnvironmentMonitor, NearbySharing, NearbyConnections.TxAdvertisement}
07-23 11:29:21.983 26874 26874 I wpa_supplicant: Heartbeat 5208
07-23 11:29:22.194   580   580 D io_stats: !@   8,32 r 380892596 7529776108 w 36072668 346259784 d 4489908 279654324 f 6744337 4391082 iot 60718792 0 th 0 0 0 pt 0 inp 0 0 499168.702
07-23 11:29:22.275  1303  1313 E thermal_core: find_tz_idx_by_name:"Failed to find thermal zone index of mtk-master-charger\n"
07-23 11:29:22.535 26885 27014 D SatelliteController: isInCarrierRoamingNbIotNtn: satellite is disabled
07-23 11:29:22.763  1185  1208 D ccci_mdinit: (1):monitor_time_update_thread round:46716 ########
07-23 11:29:23.151 12051 12051 I adbd    : adbd service requested 'shell,v2:export ANDROID_LOG_TAGS=''; exec logcat '-d''
07-23 11:29:23.277  1303  1313 E thermal_core: find_tz_idx_by_name:"Failed to find thermal zone index of mtk-master-charger\n"
