07-23 11:29:23.446 26885 27014 D SatelliteController: isInCarrierRoamingNbIotNtn: satellite is disabled
07-23 11:29:23.567 26444 29009 D SemWifiUsabilityStatsMonitor: onWifiUsabilityStats - seqNum 4910, isSameBssidAndFreq true
07-23 11:29:23.815 26885 27014 D SatelliteController: isInCarrierRoamingNbIotNtn: satellite is disabled
07-23 11:29:24.195   580   580 D io_stats: !@   8,32 r 380892598 7529776116 w 36072668 346259784 d 4489908 279654324 f 6744337 4391082 iot 60718796 0 th 0 0 0 pt 0 inp 0 0 499170.704
07-23 11:29:24.196   580   580 D io_stats: !@ Read_top(KB): c.android.sdhms:high(28457) 124 system_server:high(26444) 72 sait.sohservice:low(16432) 8
07-23 11:29:24.196   580   580 D io_stats: !@ Write_top(KB): kworker/u32:1:/(10612) 48 system_server:high(26444) 24
07-23 11:29:24.281  1303  1313 E thermal_core: find_tz_idx_by_name:"Failed to find thermal zone index of mtk-master-charger\n"
07-23 11:29:24.281  1303  1313 E thermal_core: find_tz_idx_by_name:"Failed to find thermal zone index of camera0\n"
07-23 11:29:24.281  1303  1313 E thermal_core: find_tz_idx_by_name:"Failed to find thermal zone index of mtk-master-charger\n"
07-23 11:29:24.281  1303  1313 E thermal_core: find_tz_idx_by_name:"Failed to find thermal zone index of nrpa_ntc\n"
07-23 11:29:24.281  1303  1313 E thermal_core: dump_thermal_log:"Error: sccanf error, ret=9\n"
07-23 11:29:24.283  1303  1313 E thermal_core: node_read:"Failed to read /sys/class/thermal/thermal_zone2/temp: No data available\n"
07-23 11:29:24.284  1303  1313 I thermal_core: "soc/nr/lte/ap_ntc/tpcb/conn/chg/cam/c_ttj/g_ttj/a_ttj=0/-274000/36263/71750/46000/37000/-274000/-274000/55000/55000/55000\n"
07-23 11:29:24.284  1303  1313 I thermal_core: "[C(l)(c)(i)][G(l)(c)][A(l)(c)][TH][D]=[(2000/2200/666666)(500/725/6666)(0x0)][(666666)(666666)][(666666666)(666666666)][0][1600]\n"
07-23 11:29:24.284  1303  1313 E thermal_core: node_read:"Failed to open /sys/kernel/helio-dvfsrc/dvfsrc_therm_info: No such file or directory\n"
07-23 11:29:24.284  1303  1313 I thermal_core: "1600"
07-23 11:29:24.461 12051 12051 I adbd    : adbd service requested 'shell,v2:export ANDROID_LOG_TAGS=''; exec logcat '-d''
07-23 11:29:24.727 26885 27014 D SatelliteController: isInCarrierRoamingNbIotNtn: satellite is disabled
07-23 11:29:25.098 26885 27014 D SatelliteController: isInCarrierRoamingNbIotNtn: satellite is disabled
07-23 11:29:25.286  1303  1313 E thermal_core: find_tz_idx_by_name:"Failed to find thermal zone index of mtk-master-charger\n"
07-23 11:29:25.998 26444 26817 D WifiConnectivityMonitor.NetworkStatsAnalyzer: Backhaul result - RSSI:-61, CE:9, PE:10, TI:17, PTI:17, TW:1, PTW:1, Tx:3, Rx:1, TxS:5, RxS:1, RESULT:true, IC:0, ICT:5, WC:0, WCT:5, R:0, RC:0, IE:0, EC:0
07-23 11:29:26.007 26885 27014 D SatelliteController: isInCarrierRoamingNbIotNtn: satellite is disabled
07-23 11:29:26.060 12051 12051 I adbd    : adbd service requested 'shell,v2:export ANDROID_LOG_TAGS=''; exec logcat '-d''
07-23 11:29:26.200   580   580 D io_stats: !@   8,32 r 380892622 7529776384 w 36072678 346259972 d 4489908 279654324 f 6744337 4391082 iot 60718812 0 th 0 0 0 pt 0 inp 0 0 499172.708
07-23 11:29:26.289  1303  1313 E thermal_core: find_tz_idx_by_name:"Failed to find thermal zone index of mtk-master-charger\n"
07-23 11:29:26.581 26444 29009 D SemWifiUsabilityStatsMonitor: onWifiUsabilityStats - seqNum 4911, isSameBssidAndFreq true
07-23 11:29:26.611  1377 31475 D AALLightSensor: oldLux=61 [SA:-1 LA:-1] newLux=61 (oriLux: 58)
07-23 11:29:27.288 26885 27014 D SatelliteController: isInCarrierRoamingNbIotNtn: satellite is disabled
07-23 11:29:27.291  1303  1313 E thermal_core: find_tz_idx_by_name:"Failed to find thermal zone index of mtk-master-charger\n"
07-23 11:29:27.694  1146  1195 E BatteryDump: !@new_battery_dump : 3895,1775,1900,3150,21,312,315,407,0,0,352,407,0,Charging,NO_CHARGING,Normal,Good,USB,1,Normal,0,0,10200,0x8000,0x10010000,0x0,0,0,0000,0000,00000000,0,0,0,0,191,3751,2140,990,0,
07-23 11:29:27.704 26444 28541 D [SS]BattFunctions: [sendRemainingChargingTimeChangedIntent]remainingChargingTime:7907 ,mLastRemainingChargingTime:7914
07-23 11:29:27.704 26250 26250 I seh_thermal_service: getTemperaturesWithType SehTemperatureType: 3
07-23 11:29:27.705  1146  1146 I sehhealth-service: updateLrpSysfs: write: 351
07-23 11:29:27.710 27263 27263 D PowerUI : Remaining charging time : 7907
07-23 11:29:27.711 27263 27263 D PowerUI : Charging time is changed, check charging notification
07-23 11:29:27.716 27263 27263 D PowerUI.Notification: showChargingNotice - Battery Level : 21 -> 21, Charging Type : 11 -> 11, Charging Time : 7914 -> 7907, Maximum protection : false -> false, Maximum threshold : 80 -> 80
07-23 11:29:27.721 27263 27263 I NotificationManager: com.android.systemui: notify(2131364006, charging_state, Notification(channel=CHR shortcut=null contentView=null vibrate=null sound=null defaults=0 flags=ONGOING_EVENT|ONLY_ALERT_ONCE color=0x00000000 category=sys groupKey=CHARGING vis=PUBLIC semFlags=0x0 semPriority=0 semMissedCount=0)) as user
07-23 11:29:27.728 26444 28541 W PermissionService: getPermissionFlags: Unknown user -1
07-23 11:29:27.728 26444 28541 W PermissionService: getPermissionFlags: Unknown user -1
07-23 11:29:27.731 27263 27263 I AODBatteryManager: updateBatteryData: ACTION_BATTERY_CHANGED: false, isSleepModeChanged:false ,isRemainingTimeChanged: true, isUSBRestriction: false
07-23 11:29:27.732 27263 27263 I ChargingInfoManager: updateChargingInfo: newState = AOD ChargingInfo [mState=BATTERY_AND_REMAIN_TIME, mIsCharging=true, mIsPlugged=true, mIsFullyCharged=false, mIsBatteryProtectMode=false, mBetteryLevel=21, mBetteryProtectModeType0, mIsSlowChargingfalse], oldState = AOD ChargingInfo [mState=BATTERY_AND_REMAIN_TIME, mIsCharging=true, mIsPlugged=true, mIsFullyCharged=false, mIsBatteryProtectMode=false, mBetteryLevel=21, mBetteryProtectModeType0, mIsSlowChargingfalse]
07-23 11:29:27.946 26444 26444 I Telecom : SamsungTelecomServiceImpl : isInManagedCall - callingPackage : android / callingUser : UserHandle{0} / hasCrossUserAccess : true
07-23 11:29:27.982 27776 30863 I HoneySpace.NotificationListener: onNotificationPosted com.android.systemui: -1|com.android.systemui|2131364006|charging_state|10063: 0
07-23 11:29:27.982 28457 28457 I SDHMS:LOAD: type: LoadsFreqs, value: 0:0:0:791500:2200000:725000:540000:2000000:500000:0:0:0
07-23 11:29:27.982 27776 30863 I HoneySpace.NotificationListener: invalid notification: com.android.systemui UserHandle{-1}: canShowBadge is false
07-23 11:29:27.996  1179  1557 I VSyncReactor: Current= 90, Period= 90, hwcPeriod= 90
07-23 11:29:28.020 27263 27263 I LockscreenNotificationIconsOnlyController: onNotificationInfoUpdated 0
07-23 11:29:28.021 27263 27263 I AODNotificationManager: updateNotification() 
07-23 11:29:28.041  1179  1179 I BufferQueueProducer: [StatusBar$_27263#120127](this:0xb400007558096638,id:-1,api:0,p:-1,c:1179) queueBuffer: fps=0.13 dur=7456.89 max=7456.89 min=7456.89
07-23 11:29:28.047  1116  1472 I hwcomposer: [HWCDisplay] (0 updateFps():4131), (type:1, mode:2) fps:0.268206,dur:7456.95,max:7356.39,min:100.56  
07-23 11:29:28.049  1179  1540 I SurfaceFlinger: Capture layer list: 	 com.android.vending/com.android.vending.AssetBrowserActivity$_10095#133090(seamlessTransition:0)
07-23 11:29:28.050  1179  1540 I SurfaceFlinger: Capture layer list: 	 Dim Layer for - Task=1040#133108(seamlessTransition:0)
07-23 11:29:28.050  1179  1540 I SurfaceFlinger: Capture layer list: 	 com.samsung.android.lool/com.samsung.android.sm.iafd.dialog.AppErrorDialogActivity$_17066#133103(seamlessTransition:0)
07-23 11:29:28.107  1116  1495 I hwcomposer: [HWC] (0)fire a callback of refresh to SF[4]  
07-23 11:29:28.118  1137  1156 I mtkpower@impl: [setMode] type:6, enabled:1
07-23 11:29:28.119  1137  1156 E mtkpower@impl: [setMode] unknown type
07-23 11:29:28.122  1179  1179 I BufferQueueProducer: [FramebufferSurface](this:0xb40000757f2f0370,id:-1,api:1,p:1179,c:1179) queueBuffer: fps=0.13 dur=7433.19 max=7433.19 min=7433.19
07-23 11:29:28.153  1179  1540 I SurfaceFlinger: Capture layer list: 	 com.android.vending/com.android.vending.AssetBrowserActivity$_10095#133090(seamlessTransition:0)
07-23 11:29:28.153  1179  1540 I SurfaceFlinger: Capture layer list: 	 Dim Layer for - Task=1040#133108(seamlessTransition:0)
07-23 11:29:28.153  1179  1540 I SurfaceFlinger: Capture layer list: 	 com.samsung.android.lool/com.samsung.android.sm.iafd.dialog.AppErrorDialogActivity$_17066#133103(seamlessTransition:0)
07-23 11:29:28.182 27263 27263 D Bubbles : onEntryUpdated : shouldBubbleUp=false ,key=-1|com.android.systemui|2131364006|charging_state|10063
07-23 11:29:28.184 27263 27263 D InterruptionStateProvider:  no Heads up : edgelighting enabled app. -1|com.android.systemui|2131364006|charging_state|10063
07-23 11:29:28.185 27263 27263 I {OngoingActivityController}: onEntryUpdated and OA data is empty. So update latest task info
07-23 11:29:28.189  1137  1156 I mtkpower@impl: [setMode] type:6, enabled:0
07-23 11:29:28.189  1137  1156 E mtkpower@impl: [setMode] unknown type
07-23 11:29:28.201   580   580 D io_stats: !@   8,32 r 380892626 7529776400 w 36072680 346259980 d 4489908 279654324 f 6744337 4391082 iot 60718824 0 th 0 0 0 pt 0 inp 0 0 499174.710
07-23 11:29:28.202   580   580 D io_stats: !@ Read_top(KB): .sec.imsservice:high(27082) 144 .gms.persistent:high(4742) 60 ding:background:high(17502) 40
07-23 11:29:28.202   580   580 D io_stats: !@ Write_top(KB): kworker/u32:0:/(6917) 188 vendor.samsung.:normal(1146) 8
07-23 11:29:28.207 27263 27263 W RefactorFlag: New code path expects SceneContainerFlag to be enabled.
07-23 11:29:28.208 27263 27263 D ExpandableNotifRow: mMaxSmallHeight different before reInflateViews mMaxSmallHeight: 203 mTempSmallHeight:0 -1|com.android.systemui|2131364006|charging_state|10063
07-23 11:29:28.208 27263 27263 D ExpandableNotifRow: mMaxSmallHeight different before reInflateViews mMaxSmallHeight: 203 mTempSmallHeight:0 -1|com.android.systemui|2131364006|charging_state|10063
07-23 11:29:28.214 27263 27263 I LockscreenNotificationIconsOnlyController: onNotificationInfoUpdated 0
07-23 11:29:28.215 27263 27263 I AODNotificationManager: updateNotification() 
07-23 11:29:28.222 27263 27803 D LocalImageResolver: Couldn't use ImageDecoder for drawable, falling back to non-resized load.
07-23 11:29:28.226 27263 27803 D LocalImageResolver: Couldn't use ImageDecoder for drawable, falling back to non-resized load.
07-23 11:29:28.228 27263 27263 D LocalImageResolver: Couldn't use ImageDecoder for drawable, falling back to non-resized load.
07-23 11:29:28.241 27263 27263 W RefactorFlag: New code path expects SceneContainerFlag to be enabled.
07-23 11:29:28.252  1179  1540 I SurfaceFlinger: Capture layer list: 	 com.android.vending/com.android.vending.AssetBrowserActivity$_10095#133090(seamlessTransition:0)
07-23 11:29:28.252  1179  1540 I SurfaceFlinger: Capture layer list: 	 Dim Layer for - Task=1040#133108(seamlessTransition:0)
07-23 11:29:28.252  1179  1540 I SurfaceFlinger: Capture layer list: 	 com.samsung.android.lool/com.samsung.android.sm.iafd.dialog.AppErrorDialogActivity$_17066#133103(seamlessTransition:0)
07-23 11:29:28.258 27263 27263 D ExpandableNotifRow: mMaxSmallHeight different before reInflateViews mMaxSmallHeight: 203 mTempSmallHeight:0 -1|com.android.systemui|2131364006|charging_state|10063
07-23 11:29:28.258 27263 27263 D ExpandableNotifRow: mMaxSmallHeight different before reInflateViews mMaxSmallHeight: 203 mTempSmallHeight:0 -1|com.android.systemui|2131364006|charging_state|10063
07-23 11:29:28.258 27263 27263 D ExpandableNotifRow: mMaxSmallHeight different before reInflateViews mMaxSmallHeight: 203 mTempSmallHeight:0 -1|com.android.systemui|2131364006|charging_state|10063
07-23 11:29:28.258 27263 27263 D ExpandableNotifRow: mMaxSmallHeight different before reInflateViews mMaxSmallHeight: 203 mTempSmallHeight:0 -1|com.android.systemui|2131364006|charging_state|10063
07-23 11:29:28.261 27263 27263 D LocalImageResolver: Couldn't use ImageDecoder for drawable, falling back to non-resized load.
07-23 11:29:28.269 27263 27263 W RefactorFlag: New code path expects SceneContainerFlag to be enabled.
07-23 11:29:28.269 27263 27263 D ExpandableNotifRow: mMaxSmallHeight different before reInflateViews mMaxSmallHeight: 203 mTempSmallHeight:0 -1|com.android.systemui|2131364006|charging_state|10063
07-23 11:29:28.269 27263 27263 D ExpandableNotifRow: mMaxSmallHeight different before reInflateViews mMaxSmallHeight: 203 mTempSmallHeight:0 -1|com.android.systemui|2131364006|charging_state|10063
07-23 11:29:28.272 27263 27263 I LockscreenNotificationIconsOnlyController: onNotificationInfoUpdated 0
07-23 11:29:28.273 27263 27263 I AODNotificationManager: updateNotification() 
07-23 11:29:28.294  1303  1313 E thermal_core: find_tz_idx_by_name:"Failed to find thermal zone index of mtk-master-charger\n"
07-23 11:29:28.349  1116  1495 I hwcomposer: [HWC] (0)fire a callback of refresh to SF[4]  
07-23 11:29:28.355  1179  1540 I SurfaceFlinger: Capture layer list: 	 com.android.vending/com.android.vending.AssetBrowserActivity$_10095#133090(seamlessTransition:0)
07-23 11:29:28.355  1179  1540 I SurfaceFlinger: Capture layer list: 	 Dim Layer for - Task=1040#133108(seamlessTransition:0)
07-23 11:29:28.355  1179  1540 I SurfaceFlinger: Capture layer list: 	 com.samsung.android.lool/com.samsung.android.sm.iafd.dialog.AppErrorDialogActivity$_17066#133103(seamlessTransition:0)
07-23 11:29:28.364  1137  1156 I mtkpower@impl: [setMode] type:6, enabled:1
07-23 11:29:28.364  1137  1156 E mtkpower@impl: [setMode] unknown type
07-23 11:29:28.431  1137  1156 I mtkpower@impl: [setMode] type:6, enabled:0
07-23 11:29:28.432  1137  1156 E mtkpower@impl: [setMode] unknown type
07-23 11:29:28.446 12051 12051 I adbd    : adbd service requested 'shell,v2:export ANDROID_LOG_TAGS=''; exec logcat '-d''
07-23 11:29:28.457  1179  1540 I SurfaceFlinger: Capture layer list: 	 com.android.vending/com.android.vending.AssetBrowserActivity$_10095#133090(seamlessTransition:0)
07-23 11:29:28.457  1179  1540 I SurfaceFlinger: Capture layer list: 	 Dim Layer for - Task=1040#133108(seamlessTransition:0)
07-23 11:29:28.457  1179  1540 I SurfaceFlinger: Capture layer list: 	 com.samsung.android.lool/com.samsung.android.sm.iafd.dialog.AppErrorDialogActivity$_17066#133103(seamlessTransition:0)
